
> @browserbasehq/stagehand@1.13.1 example
> npm run build && tsx examples/example.ts


> @browserbasehq/stagehand@1.13.1 build
> npm run lint && npm run build-dom-scripts && npm run build-js && npm run build-types


> @browserbasehq/stagehand@1.13.1 lint
> npm run prettier && npm run eslint


> @browserbasehq/stagehand@1.13.1 prettier
> prettier --check .

Checking formatting...
All matched files use Prettier code style!

> @browserbasehq/stagehand@1.13.1 eslint
> eslint .


> @browserbasehq/stagehand@1.13.1 build-dom-scripts
> tsx lib/dom/genDomScripts.ts


> @browserbasehq/stagehand@1.13.1 build-js
> tsup lib/index.ts --dts

CLI Building entry: lib/index.ts
CLI Using tsconfig: tsconfig.json
CLI tsup v8.3.6
CLI Target: es6
CJS Build start
CJS dist/index.js 241.83 KB
CJS ⚡️ Build success in 31ms
DTS Build start
DTS ⚡️ Build success in 1676ms
DTS dist/index.d.ts 17.50 KB

> @browserbasehq/stagehand@1.13.1 build-types
> tsc --emitDeclarationOnly --outDir dist

2025-03-05T11:41:35.145Z::[stagehand:init] launching local browser {"headless":{"value":"false","type":"boolean"}}
2025-03-05T11:41:35.651Z::[stagehand:init] local browser started successfully. 
2025-03-05T11:41:50.569Z::[stagehand:act] running act {"action":{"value":"Select 'United States' under 'Americas'","type":"string"},"requestId":{"value":"uy6jnvlul9","type":"string"},"modelName":{"value":"claude-3-5-sonnet-latest","type":"string"}}
2025-03-05T11:41:50.673Z::[stagehand:action] running / continuing action {"action":{"value":"Select 'United States' under 'Americas'","type":"string"},"pageUrl":{"value":"https://www.nike.com/t/blazer-mid-77-vintage-mens-shoes-nw30B2/BQ6806-100","type":"string"}}
2025-03-05T11:41:50.674Z::[stagehand:action] processing DOM 
2025-03-05T11:41:53.921Z::[stagehand:action] looking at chunk {"chunk":{"value":"0","type":"integer"},"chunks":{"value":"2","type":"integer"},"chunksSeen":{"value":"0","type":"integer"},"chunksLeft":{"value":"2","type":"integer"}}
2025-03-05T11:41:53.922Z::[stagehand:anthropic] creating chat completion {"options":{"value":"{\"messages\":[{\"role\":\"system\",\"content\":\"\\n# Instructions\\nYou are a browser automation assistant. Your job is to accomplish the user's goal across multiple model calls by running playwright commands.\\n\\n## Input\\nYou will receive:\\n1. the user's overall goal\\n2. the steps that you've taken so far\\n3. a list of active DOM elements in this chunk to consider to get closer to the goal. \\n4. Optionally, a list of variable names that the user has provided that you may use to accomplish the goal. To use the variables, you must use the special <|VARIABLE_NAME|> syntax.\\n5. Optionally, custom instructions will be provided by the user. If the user's instructions are not relevant to the current task, ignore them. Otherwise, make sure to adhere to them.\\n\\n\\n## Your Goal / Specification\\nYou have 2 tools that you can call: doAction, and skipSection. Do action only performs Playwright actions. Do exactly what the user's goal is. Do not perform any other actions or exceed the scope of the goal.\\nIf the user's goal will be accomplished after running the playwright action, set completed to true. Better to have completed set to true if your are not sure.\\n\\nNote 1: If there is a popup on the page for cookies or advertising that has nothing to do with the goal, try to close it first before proceeding. As this can block the goal from being completed.\\nNote 2: Sometimes what your are looking for is hidden behind and element you need to interact with. For example, sliders, buttons, etc...\\n\\nAgain, if the user's goal will be accomplished after running the playwright action, set completed to true. Also, if the user provides custom instructions, it is imperative that you follow them no matter what.\\n\"},{\"role\":\"user\",\"content\":\"\\n# My Goal\\nSelect 'United States' under 'Americas'\\n\\n# Steps You've Taken So Far\\n\\n\\n# Current Active Dom Elements\\n0:Get a Nike Gift Card\\n1:Members: Free Shipping on Orders $50+\\n2:Look for Store Pickup at Checkout\\n3:Highly Rated\\n4:Nike Blazer Mid '77 Vintage\\n5:Men's Shoes\\n6:$67.97\\n7:$105\\n8:35% off\\n9:New Markdown\\n10:Select Size\\n11:Size Guide\\n12:3.5\\n13:4\\n14:4.5\\n15:5\\n16:5.5\\n17:For easier entry, we recommend unlacing the top 4 eyelets and slightly loosening the laces farther down\\n18:Skip to main content\\n19:Find a Store\\n20:Help\\n21:Join Us\\n22:Sign In\\n23:New\\n24:Men\\n25:Women\\n26:Kids\\n27:Jordan\\n28:<button class=\\\"nds-btn nds-button--icon-only modal-ui-close close-button css-1pto8ls ex41m6f0 btn-secondary-dark \\\" aria-label=\\\"Close Pop Up\\\" type=\\\"button\\\" data-testid=\\\"modal-close-button\\\"></button>\\n29:<h1 id=\\\"modal-select-your-location\\\" class=\\\"nds-text title-heading appearance-title1 color-primary weight-regular\\\" data-testid=\\\"modal-header-title\\\">Select your Location</h1>\\n30:Select your Location\\n31:<h2 id=\\\"Africa\\\" class=\\\"css-daug88\\\">Africa</h2>\\n32:Africa\\n33:<a class=\\\"country-link\\\" href=\\\"https://www.nike.com/eg/\\\" data-testid=\\\"link\\\">EgyptEnglish</a>\\n34:<h4 class=\\\"nds-text  css-1m2rxfq e1yhcai00 appearance-title4 color-primary weight-regular\\\">Egypt</h4>\\n35:Egypt\\n36:<p class=\\\"nds-text  css-1fqpt7r e1yhcai00 appearance-body3 color-secondary weight-regular\\\">English</p>\\n37:English\\n38:<a class=\\\"country-link\\\" href=\\\"https://www.nike.com/ma/en/\\\" data-testid=\\\"link\\\">MoroccoEnglish</a>\\n39:<h4 class=\\\"nds-text  css-1m2rxfq e1yhcai00 appearance-title4 color-primary weight-regular\\\">Morocco</h4>\\n40:Morocco\\n41:<p class=\\\"nds-text  css-1fqpt7r e1yhcai00 appearance-body3 color-secondary weight-regular\\\">English</p>\\n42:English\\n43:<a class=\\\"country-link\\\" href=\\\"https://www.nike.com/ma/\\\" data-testid=\\\"link\\\">MarocFrançais</a>\\n44:<h4 class=\\\"nds-text  css-1m2rxfq e1yhcai00 appearance-title4 color-primary weight-regular\\\">Maroc</h4>\\n45:Maroc\\n46:<p class=\\\"nds-text  css-1fqpt7r e1yhcai00 appearance-body3 color-secondary weight-regular\\\">Français</p>\\n47:Français\\n48:<a class=\\\"country-link\\\" href=\\\"https://www.nike.com/za/\\\" data-testid=\\\"link\\\">South AfricaEnglish</a>\\n49:<h4 class=\\\"nds-text  css-1m2rxfq e1yhcai00 appearance-title4 color-primary weight-regular\\\">South Africa</h4>\\n50:South Africa\\n51:<p class=\\\"nds-text  css-1fqpt7r e1yhcai00 appearance-body3 color-secondary weight-regular\\\">English</p>\\n52:English\\n53:<h2 id=\\\"Americas\\\" class=\\\"css-daug88\\\">Americas</h2>\\n54:Americas\\n55:<a class=\\\"country-link\\\" href=\\\"https://www.nike.com.ar\\\" data-testid=\\\"link\\\">ArgentinaEspañol</a>\\n56:<h4 class=\\\"nds-text  css-1m2rxfq e1yhcai00 appearance-title4 color-primary weight-regular\\\">Argentina</h4>\\n57:Argentina\\n58:<p class=\\\"nds-text  css-1fqpt7r e1yhcai00 appearance-body3 color-secondary weight-regular\\\">Español</p>\\n59:Español\\n60:<a class=\\\"country-link\\\" href=\\\"https://www.nike.com.br\\\" data-testid=\\\"link\\\">BrasilPortuguês</a>\\n61:<h4 class=\\\"nds-text  css-1m2rxfq e1yhcai00 appearance-title4 color-primary weight-regular\\\">Brasil</h4>\\n62:Brasil\\n63:<p class=\\\"nds-text  css-1fqpt7r e1yhcai00 appearance-body3 color-secondary weight-regular\\\">Português</p>\\n64:Português\\n65:<a class=\\\"country-link\\\" href=\\\"https://www.nike.com/ca/\\\" data-testid=\\\"link\\\">CanadaEnglish</a>\\n66:<h4 class=\\\"nds-text  css-1m2rxfq e1yhcai00 appearance-title4 color-primary weight-regular\\\">Canada</h4>\\n67:Canada\\n68:<p class=\\\"nds-text  css-1fqpt7r e1yhcai00 appearance-body3 color-secondary weight-regular\\\">English</p>\\n69:English\\n70:<a class=\\\"country-link\\\" href=\\\"https://www.nike.com/ca/fr/\\\" data-testid=\\\"link\\\">CanadaFrançais</a>\\n71:<h4 class=\\\"nds-text  css-1m2rxfq e1yhcai00 appearance-title4 color-primary weight-regular\\\">Canada</h4>\\n72:Canada\\n73:<p class=\\\"nds-text  css-1fqpt7r e1yhcai00 appearance-body3 color-secondary weight-regular\\\">Français</p>\\n74:Français\\n75:<a class=\\\"country-link\\\" href=\\\"https://www.nike.cl\\\" data-testid=\\\"link\\\">ChileEspañol</a>\\n76:<h4 class=\\\"nds-text  css-1m2rxfq e1yhcai00 appearance-title4 color-primary weight-regular\\\">Chile</h4>\\n77:Chile\\n78:<p class=\\\"nds-text  css-1fqpt7r e1yhcai00 appearance-body3 color-secondary weight-regular\\\">Español</p>\\n79:Español\\n80:<a class=\\\"country-link\\\" href=\\\"https://www.nike.com.co\\\" data-testid=\\\"link\\\">ColombiaEspañol</a>\\n81:<h4 class=\\\"nds-text  css-1m2rxfq e1yhcai00 appearance-title4 color-primary weight-regular\\\">Colombia</h4>\\n82:Colombia\\n83:<p class=\\\"nds-text  css-1fqpt7r e1yhcai00 appearance-body3 color-secondary weight-regular\\\">Español</p>\\n84:Español\\n85:<a class=\\\"country-link\\\" href=\\\"https://www.nike.com/mx/\\\" data-testid=\\\"link\\\">MéxicoEspañol</a>\\n86:<h4 class=\\\"nds-text  css-1m2rxfq e1yhcai00 appearance-title4 color-primary weight-regular\\\">México</h4>\\n87:México\\n88:<p class=\\\"nds-text  css-1fqpt7r e1yhcai00 appearance-body3 color-secondary weight-regular\\\">Español</p>\\n89:Español\\n90:<a class=\\\"country-link\\\" href=\\\"https://www.nike.com.pe\\\" data-testid=\\\"link\\\">PeruEspañol</a>\\n91:<h4 class=\\\"nds-text  css-1m2rxfq e1yhcai00 appearance-title4 color-primary weight-regular\\\">Peru</h4>\\n92:Peru\\n93:<p class=\\\"nds-text  css-1fqpt7r e1yhcai00 appearance-body3 color-secondary weight-regular\\\">Español</p>\\n94:Español\\n95:<a class=\\\"country-link\\\" href=\\\"https://www.nike.com/pr/\\\" data-testid=\\\"link\\\">Puerto RicoEspañol</a>\\n96:<h4 class=\\\"nds-text  css-1m2rxfq e1yhcai00 appearance-title4 color-primary weight-regular\\\">Puerto Rico</h4>\\n97:Puerto Rico\\n98:<p class=\\\"nds-text  css-1fqpt7r e1yhcai00 appearance-body3 color-secondary weight-regular\\\">Español</p>\\n99:Español\\n100:<a class=\\\"country-link\\\" href=\\\"https://www.nike.com\\\" data-testid=\\\"link\\\">United StatesEnglish</a>\\n101:<h4 class=\\\"nds-text  css-1m2rxfq e1yhcai00 appearance-title4 color-primary weight-regular\\\">United States</h4>\\n102:United States\\n103:<p class=\\\"nds-text  css-1fqpt7r e1yhcai00 appearance-body3 color-secondary weight-regular\\\">English</p>\\n104:English\\n105:<a class=\\\"country-link\\\" href=\\\"https://www.nike.com/us/es/\\\" data-testid=\\\"link\\\">Estados UnidosEspañol</a>\\n106:<h4 class=\\\"nds-text  css-1m2rxfq e1yhcai00 appearance-title4 color-primary weight-regular\\\">Estados Unidos</h4>\\n107:Estados Unidos\\n108:<p class=\\\"nds-text  css-1fqpt7r e1yhcai00 appearance-body3 color-secondary weight-regular\\\">Español</p>\\n109:Español\\n110:<a class=\\\"country-link\\\" href=\\\"https://www.nike.com.uy\\\" data-testid=\\\"link\\\">UruguayEspañol</a>\\n111:<h4 class=\\\"nds-text  css-1m2rxfq e1yhcai00 appearance-title4 color-primary weight-regular\\\">Uruguay</h4>\\n112:Uruguay\\n113:<p class=\\\"nds-text  css-1fqpt7r e1yhcai00 appearance-body3 color-secondary weight-regular\\\">Español</p>\\n114:Español\\n115:<a class=\\\"country-link\\\" href=\\\"https://www.nike.com/xl/\\\" data-testid=\\\"link\\\">Latin AmericaEspañol</a>\\n116:<h4 class=\\\"nds-text  css-1m2rxfq e1yhcai00 appearance-title4 color-primary weight-regular\\\">Latin America</h4>\\n117:Latin America\\n118:<p class=\\\"nds-text  css-1fqpt7r e1yhcai00 appearance-body3 color-secondary weight-regular\\\">Español</p>\\n119:Español\\n120:<h2 id=\\\"Asia Pacific\\\" class=\\\"css-daug88\\\">Asia Pacific</h2>\\n121:Asia Pacific\\n\\n\"}],\"temperature\":0.1,\"top_p\":1,\"frequency_penalty\":0,\"presence_penalty\":0,\"tool_choice\":\"auto\",\"tools\":[{\"type\":\"function\",\"name\":\"doAction\",\"description\":\"execute the next playwright step that directly accomplishes the goal\",\"parameters\":{\"type\":\"object\",\"required\":[\"method\",\"element\",\"args\",\"step\",\"completed\"],\"properties\":{\"method\":{\"type\":\"string\",\"description\":\"The playwright function to call.\"},\"element\":{\"type\":\"number\",\"description\":\"The element number to act on\"},\"args\":{\"type\":\"array\",\"description\":\"The required arguments\",\"items\":{\"type\":\"string\",\"description\":\"The argument to pass to the function\"}},\"step\":{\"type\":\"string\",\"description\":\"human readable description of the step that is taken in the past tense. Please be very detailed.\"},\"why\":{\"type\":\"string\",\"description\":\"why is this step taken? how does it advance the goal?\"},\"completed\":{\"type\":\"boolean\",\"description\":\"true if the goal should be accomplished after this step\"}}}},{\"type\":\"function\",\"name\":\"skipSection\",\"description\":\"skips this area of the webpage because the current goal cannot be accomplished here\",\"parameters\":{\"type\":\"object\",\"properties\":{\"reason\":{\"type\":\"string\",\"description\":\"reason that no action is taken\"}}}}],\"requestId\":\"uy6jnvlul9\"}","type":"object"}}
2025-03-05T11:41:53.923Z::[stagehand:base_cache] Lock acquired 
2025-03-05T11:41:53.923Z::[stagehand:base_cache] Lock released 
2025-03-05T11:41:53.924Z::[stagehand:llm_cache] LLM cache hit - returning cached response {"cachedResponse":{"value":"{\"id\":\"msg_01QAkuzQrqj8bb7PRSgCdaES\",\"object\":\"chat.completion\",\"created\":1741169669099,\"model\":\"claude-3-5-sonnet-20241022\",\"choices\":[{\"index\":0,\"message\":{\"role\":\"assistant\",\"content\":\"I'll help you select 'United States' under 'Americas'. Looking at the elements, I can see the United States link (element 100) under the Americas section. I'll click on this link to select it.\",\"tool_calls\":[{\"id\":\"toolu_01PYEWQ5HPFHwgjHXGrGihJ4\",\"type\":\"function\",\"function\":{\"name\":\"doAction\",\"arguments\":\"{\\\"method\\\":\\\"click\\\",\\\"element\\\":100,\\\"args\\\":[],\\\"step\\\":\\\"Clicked on the 'United States' link under the Americas section\\\",\\\"why\\\":\\\"This directly accomplishes the goal of selecting United States as the location\\\",\\\"completed\\\":true}\"}}]},\"finish_reason\":\"tool_use\"}],\"usage\":{\"prompt_tokens\":3756,\"completion_tokens\":210,\"total_tokens\":3966}}","type":"object"},"requestId":{"value":"uy6jnvlul9","type":"string"},"cacheOptions":{"value":"{\"model\":\"claude-3-5-sonnet-latest\",\"messages\":[{\"role\":\"system\",\"content\":\"\\n# Instructions\\nYou are a browser automation assistant. Your job is to accomplish the user's goal across multiple model calls by running playwright commands.\\n\\n## Input\\nYou will receive:\\n1. the user's overall goal\\n2. the steps that you've taken so far\\n3. a list of active DOM elements in this chunk to consider to get closer to the goal. \\n4. Optionally, a list of variable names that the user has provided that you may use to accomplish the goal. To use the variables, you must use the special <|VARIABLE_NAME|> syntax.\\n5. Optionally, custom instructions will be provided by the user. If the user's instructions are not relevant to the current task, ignore them. Otherwise, make sure to adhere to them.\\n\\n\\n## Your Goal / Specification\\nYou have 2 tools that you can call: doAction, and skipSection. Do action only performs Playwright actions. Do exactly what the user's goal is. Do not perform any other actions or exceed the scope of the goal.\\nIf the user's goal will be accomplished after running the playwright action, set completed to true. Better to have completed set to true if your are not sure.\\n\\nNote 1: If there is a popup on the page for cookies or advertising that has nothing to do with the goal, try to close it first before proceeding. As this can block the goal from being completed.\\nNote 2: Sometimes what your are looking for is hidden behind and element you need to interact with. For example, sliders, buttons, etc...\\n\\nAgain, if the user's goal will be accomplished after running the playwright action, set completed to true. Also, if the user provides custom instructions, it is imperative that you follow them no matter what.\\n\"},{\"role\":\"user\",\"content\":\"\\n# My Goal\\nSelect 'United States' under 'Americas'\\n\\n# Steps You've Taken So Far\\n\\n\\n# Current Active Dom Elements\\n0:Get a Nike Gift Card\\n1:Members: Free Shipping on Orders $50+\\n2:Look for Store Pickup at Checkout\\n3:Highly Rated\\n4:Nike Blazer Mid '77 Vintage\\n5:Men's Shoes\\n6:$67.97\\n7:$105\\n8:35% off\\n9:New Markdown\\n10:Select Size\\n11:Size Guide\\n12:3.5\\n13:4\\n14:4.5\\n15:5\\n16:5.5\\n17:For easier entry, we recommend unlacing the top 4 eyelets and slightly loosening the laces farther down\\n18:Skip to main content\\n19:Find a Store\\n20:Help\\n21:Join Us\\n22:Sign In\\n23:New\\n24:Men\\n25:Women\\n26:Kids\\n27:Jordan\\n28:<button class=\\\"nds-btn nds-button--icon-only modal-ui-close close-button css-1pto8ls ex41m6f0 btn-secondary-dark \\\" aria-label=\\\"Close Pop Up\\\" type=\\\"button\\\" data-testid=\\\"modal-close-button\\\"></button>\\n29:<h1 id=\\\"modal-select-your-location\\\" class=\\\"nds-text title-heading appearance-title1 color-primary weight-regular\\\" data-testid=\\\"modal-header-title\\\">Select your Location</h1>\\n30:Select your Location\\n31:<h2 id=\\\"Africa\\\" class=\\\"css-daug88\\\">Africa</h2>\\n32:Africa\\n33:<a class=\\\"country-link\\\" href=\\\"https://www.nike.com/eg/\\\" data-testid=\\\"link\\\">EgyptEnglish</a>\\n34:<h4 class=\\\"nds-text  css-1m2rxfq e1yhcai00 appearance-title4 color-primary weight-regular\\\">Egypt</h4>\\n35:Egypt\\n36:<p class=\\\"nds-text  css-1fqpt7r e1yhcai00 appearance-body3 color-secondary weight-regular\\\">English</p>\\n37:English\\n38:<a class=\\\"country-link\\\" href=\\\"https://www.nike.com/ma/en/\\\" data-testid=\\\"link\\\">MoroccoEnglish</a>\\n39:<h4 class=\\\"nds-text  css-1m2rxfq e1yhcai00 appearance-title4 color-primary weight-regular\\\">Morocco</h4>\\n40:Morocco\\n41:<p class=\\\"nds-text  css-1fqpt7r e1yhcai00 appearance-body3 color-secondary weight-regular\\\">English</p>\\n42:English\\n43:<a class=\\\"country-link\\\" href=\\\"https://www.nike.com/ma/\\\" data-testid=\\\"link\\\">MarocFrançais</a>\\n44:<h4 class=\\\"nds-text  css-1m2rxfq e1yhcai00 appearance-title4 color-primary weight-regular\\\">Maroc</h4>\\n45:Maroc\\n46:<p class=\\\"nds-text  css-1fqpt7r e1yhcai00 appearance-body3 color-secondary weight-regular\\\">Français</p>\\n47:Français\\n48:<a class=\\\"country-link\\\" href=\\\"https://www.nike.com/za/\\\" data-testid=\\\"link\\\">South AfricaEnglish</a>\\n49:<h4 class=\\\"nds-text  css-1m2rxfq e1yhcai00 appearance-title4 color-primary weight-regular\\\">South Africa</h4>\\n50:South Africa\\n51:<p class=\\\"nds-text  css-1fqpt7r e1yhcai00 appearance-body3 color-secondary weight-regular\\\">English</p>\\n52:English\\n53:<h2 id=\\\"Americas\\\" class=\\\"css-daug88\\\">Americas</h2>\\n54:Americas\\n55:<a class=\\\"country-link\\\" href=\\\"https://www.nike.com.ar\\\" data-testid=\\\"link\\\">ArgentinaEspañol</a>\\n56:<h4 class=\\\"nds-text  css-1m2rxfq e1yhcai00 appearance-title4 color-primary weight-regular\\\">Argentina</h4>\\n57:Argentina\\n58:<p class=\\\"nds-text  css-1fqpt7r e1yhcai00 appearance-body3 color-secondary weight-regular\\\">Español</p>\\n59:Español\\n60:<a class=\\\"country-link\\\" href=\\\"https://www.nike.com.br\\\" data-testid=\\\"link\\\">BrasilPortuguês</a>\\n61:<h4 class=\\\"nds-text  css-1m2rxfq e1yhcai00 appearance-title4 color-primary weight-regular\\\">Brasil</h4>\\n62:Brasil\\n63:<p class=\\\"nds-text  css-1fqpt7r e1yhcai00 appearance-body3 color-secondary weight-regular\\\">Português</p>\\n64:Português\\n65:<a class=\\\"country-link\\\" href=\\\"https://www.nike.com/ca/\\\" data-testid=\\\"link\\\">CanadaEnglish</a>\\n66:<h4 class=\\\"nds-text  css-1m2rxfq e1yhcai00 appearance-title4 color-primary weight-regular\\\">Canada</h4>\\n67:Canada\\n68:<p class=\\\"nds-text  css-1fqpt7r e1yhcai00 appearance-body3 color-secondary weight-regular\\\">English</p>\\n69:English\\n70:<a class=\\\"country-link\\\" href=\\\"https://www.nike.com/ca/fr/\\\" data-testid=\\\"link\\\">CanadaFrançais</a>\\n71:<h4 class=\\\"nds-text  css-1m2rxfq e1yhcai00 appearance-title4 color-primary weight-regular\\\">Canada</h4>\\n72:Canada\\n73:<p class=\\\"nds-text  css-1fqpt7r e1yhcai00 appearance-body3 color-secondary weight-regular\\\">Français</p>\\n74:Français\\n75:<a class=\\\"country-link\\\" href=\\\"https://www.nike.cl\\\" data-testid=\\\"link\\\">ChileEspañol</a>\\n76:<h4 class=\\\"nds-text  css-1m2rxfq e1yhcai00 appearance-title4 color-primary weight-regular\\\">Chile</h4>\\n77:Chile\\n78:<p class=\\\"nds-text  css-1fqpt7r e1yhcai00 appearance-body3 color-secondary weight-regular\\\">Español</p>\\n79:Español\\n80:<a class=\\\"country-link\\\" href=\\\"https://www.nike.com.co\\\" data-testid=\\\"link\\\">ColombiaEspañol</a>\\n81:<h4 class=\\\"nds-text  css-1m2rxfq e1yhcai00 appearance-title4 color-primary weight-regular\\\">Colombia</h4>\\n82:Colombia\\n83:<p class=\\\"nds-text  css-1fqpt7r e1yhcai00 appearance-body3 color-secondary weight-regular\\\">Español</p>\\n84:Español\\n85:<a class=\\\"country-link\\\" href=\\\"https://www.nike.com/mx/\\\" data-testid=\\\"link\\\">MéxicoEspañol</a>\\n86:<h4 class=\\\"nds-text  css-1m2rxfq e1yhcai00 appearance-title4 color-primary weight-regular\\\">México</h4>\\n87:México\\n88:<p class=\\\"nds-text  css-1fqpt7r e1yhcai00 appearance-body3 color-secondary weight-regular\\\">Español</p>\\n89:Español\\n90:<a class=\\\"country-link\\\" href=\\\"https://www.nike.com.pe\\\" data-testid=\\\"link\\\">PeruEspañol</a>\\n91:<h4 class=\\\"nds-text  css-1m2rxfq e1yhcai00 appearance-title4 color-primary weight-regular\\\">Peru</h4>\\n92:Peru\\n93:<p class=\\\"nds-text  css-1fqpt7r e1yhcai00 appearance-body3 color-secondary weight-regular\\\">Español</p>\\n94:Español\\n95:<a class=\\\"country-link\\\" href=\\\"https://www.nike.com/pr/\\\" data-testid=\\\"link\\\">Puerto RicoEspañol</a>\\n96:<h4 class=\\\"nds-text  css-1m2rxfq e1yhcai00 appearance-title4 color-primary weight-regular\\\">Puerto Rico</h4>\\n97:Puerto Rico\\n98:<p class=\\\"nds-text  css-1fqpt7r e1yhcai00 appearance-body3 color-secondary weight-regular\\\">Español</p>\\n99:Español\\n100:<a class=\\\"country-link\\\" href=\\\"https://www.nike.com\\\" data-testid=\\\"link\\\">United StatesEnglish</a>\\n101:<h4 class=\\\"nds-text  css-1m2rxfq e1yhcai00 appearance-title4 color-primary weight-regular\\\">United States</h4>\\n102:United States\\n103:<p class=\\\"nds-text  css-1fqpt7r e1yhcai00 appearance-body3 color-secondary weight-regular\\\">English</p>\\n104:English\\n105:<a class=\\\"country-link\\\" href=\\\"https://www.nike.com/us/es/\\\" data-testid=\\\"link\\\">Estados UnidosEspañol</a>\\n106:<h4 class=\\\"nds-text  css-1m2rxfq e1yhcai00 appearance-title4 color-primary weight-regular\\\">Estados Unidos</h4>\\n107:Estados Unidos\\n108:<p class=\\\"nds-text  css-1fqpt7r e1yhcai00 appearance-body3 color-secondary weight-regular\\\">Español</p>\\n109:Español\\n110:<a class=\\\"country-link\\\" href=\\\"https://www.nike.com.uy\\\" data-testid=\\\"link\\\">UruguayEspañol</a>\\n111:<h4 class=\\\"nds-text  css-1m2rxfq e1yhcai00 appearance-title4 color-primary weight-regular\\\">Uruguay</h4>\\n112:Uruguay\\n113:<p class=\\\"nds-text  css-1fqpt7r e1yhcai00 appearance-body3 color-secondary weight-regular\\\">Español</p>\\n114:Español\\n115:<a class=\\\"country-link\\\" href=\\\"https://www.nike.com/xl/\\\" data-testid=\\\"link\\\">Latin AmericaEspañol</a>\\n116:<h4 class=\\\"nds-text  css-1m2rxfq e1yhcai00 appearance-title4 color-primary weight-regular\\\">Latin America</h4>\\n117:Latin America\\n118:<p class=\\\"nds-text  css-1fqpt7r e1yhcai00 appearance-body3 color-secondary weight-regular\\\">Español</p>\\n119:Español\\n120:<h2 id=\\\"Asia Pacific\\\" class=\\\"css-daug88\\\">Asia Pacific</h2>\\n121:Asia Pacific\\n\\n\"}],\"temperature\":0.1,\"tools\":[{\"type\":\"function\",\"name\":\"doAction\",\"description\":\"execute the next playwright step that directly accomplishes the goal\",\"parameters\":{\"type\":\"object\",\"required\":[\"method\",\"element\",\"args\",\"step\",\"completed\"],\"properties\":{\"method\":{\"type\":\"string\",\"description\":\"The playwright function to call.\"},\"element\":{\"type\":\"number\",\"description\":\"The element number to act on\"},\"args\":{\"type\":\"array\",\"description\":\"The required arguments\",\"items\":{\"type\":\"string\",\"description\":\"The argument to pass to the function\"}},\"step\":{\"type\":\"string\",\"description\":\"human readable description of the step that is taken in the past tense. Please be very detailed.\"},\"why\":{\"type\":\"string\",\"description\":\"why is this step taken? how does it advance the goal?\"},\"completed\":{\"type\":\"boolean\",\"description\":\"true if the goal should be accomplished after this step\"}}}},{\"type\":\"function\",\"name\":\"skipSection\",\"description\":\"skips this area of the webpage because the current goal cannot be accomplished here\",\"parameters\":{\"type\":\"object\",\"properties\":{\"reason\":{\"type\":\"string\",\"description\":\"reason that no action is taken\"}}}}]}","type":"object"}}
2025-03-05T11:41:53.924Z::[stagehand:action] received response from LLM {"response":{"value":"{\"method\":\"click\",\"element\":100,\"args\":[],\"step\":\"Clicked on the 'United States' link under the Americas section\",\"why\":\"This directly accomplishes the goal of selecting United States as the location\",\"completed\":true}","type":"object"}}
2025-03-05T11:41:53.940Z::[stagehand:action] executing method {"method":{"value":"click","type":"string"},"elementId":{"value":"100","type":"integer"},"xpaths":{"value":"[\"/html/body[1]/div[2]/div[1]/div[1]/div[1]/div[1]/section[1]/div[2]/div[2]/div[1]/ul[2]/li[10]/a[1]\",\"//div[@role='modal']/section/div[2]/div[2]/div/ul[2]/li[10]/a\"]","type":"object"},"args":{"value":"[]","type":"object"}}
2025-03-05T11:41:53.954Z::[stagehand:action] performing playwright method {"xpath":{"value":"/html/body[1]/div[2]/div[1]/div[1]/div[1]/div[1]/section[1]/div[2]/div[2]/div[1]/ul[2]/li[10]/a[1]","type":"string"},"method":{"value":"click","type":"string"}}
2025-03-05T11:41:53.955Z::[stagehand:action] page URL before click {"url":{"value":"https://www.nike.com/t/blazer-mid-77-vintage-mens-shoes-nw30B2/BQ6806-100","type":"string"}}
2025-03-05T11:41:54.856Z::[stagehand:action] clicking element, checking for page navigation {"xpath":{"value":"/html/body[1]/div[2]/div[1]/div[1]/div[1]/div[1]/section[1]/div[2]/div[2]/div[1]/ul[2]/li[10]/a[1]","type":"string"}}
2025-03-05T11:41:56.358Z::[stagehand:action] clicked element {"newOpenedTab":{"value":"no new tabs opened","type":"string"}}
2025-03-05T11:41:56.393Z::[stagehand:action] finished waiting for (possible) page navigation 
2025-03-05T11:41:56.393Z::[stagehand:action] new page detected with URL {"url":{"value":"https://www.nike.com/","type":"string"}}
2025-03-05T11:41:56.395Z::[stagehand:action_cache] adding action step to cache {"action":{"value":"Select 'United States' under 'Americas'","type":"string"},"requestId":{"value":"uy6jnvlul9","type":"string"},"url":{"value":"https://www.nike.com/t/blazer-mid-77-vintage-mens-shoes-nw30B2/BQ6806-100","type":"string"},"previousSelectors":{"value":"[]","type":"object"}}
2025-03-05T11:41:56.395Z::[stagehand:base_cache] Lock acquired 
2025-03-05T11:41:56.397Z::[stagehand:base_cache] Cache written to file 
2025-03-05T11:41:56.397Z::[stagehand:base_cache] Lock released 
2025-03-05T11:42:12.941Z::[stagehand:action] action marked as completed, verifying if this is true... {"action":{"value":"Select 'United States' under 'Americas'","type":"string"}}
2025-03-05T11:42:12.943Z::[stagehand:anthropic] creating chat completion {"options":{"value":"{\"messages\":[{\"role\":\"system\",\"content\":\"\\nYou are a browser automation assistant. The job has given you a goal and a list of steps that have been taken so far. Your job is to determine if the user's goal has been completed based on the provided information.\\n\\n# Input\\nYou will receive:\\n1. The user's goal: A clear description of what the user wants to achieve.\\n2. Steps taken so far: A list of actions that have been performed up to this point.\\n\\n# Your Task\\nAnalyze the provided information to determine if the user's goal has been fully completed.\\n\\n# Output\\nReturn a boolean value:\\n- true: If the goal has been definitively completed based on the steps taken and the current page.\\n- false: If the goal has not been completed or if there's any uncertainty about its completion.\\n\\n# Important Considerations\\n- False positives are okay. False negatives are not okay.\\n- Look for evidence of errors on the page or something having gone wrong in completing the goal. If one does not exist, return true.\\n\"},{\"role\":\"user\",\"content\":\"\\n# My Goal\\nSelect 'United States' under 'Americas'\\n\\n# Steps You've Taken So Far\\n\\n## Step: Clicked on the 'United States' link under the Americas section\\n  Element: <a class=\\\"country-link\\\" href=\\\"https\\n  Action: click\\n  Reasoning: This directly accomplishes the goal of selecting United States as the location\\n  Result (Important): Page URL changed from https://www.nike.com/t/blazer-mid-77-vintage-mens-shoes-nw30B2/BQ6806-100 to https://www.nike.com/\\n\\n\\n\\n# Active DOM Elements on the current page\\n0:This is a modal window.\\n1:Sorry, your browser doesn't support embedded videos.\\n2:<div class=\\\"JP66kT9q _3v1GaHyH\\\" data-preview-wrapper=\\\"true\\\" data-qa=\\\"play-overlay\\\">Just InVOMERO 18Max cushioning for the ultimate ride.Shop</div>\\n3:Just In\\n4:VOMERO 18\\n5:Max cushioning for the ultimate ride.\\n6:Shop\\n7:<a class=\\\"_1GPQ9HJJ\\\" href=\\\"https://www.nike.com/w/running-shoes-37v7jzy7ok\\\" aria-label=\\\"Just In VOMERO 18\\\" data-qa=\\\"card-link\\\" data-analytics-action-id=\\\"553ec86e-657d-45bc-b077-fa4865b28887\\\"></a>\\n8:This is a modal window.\\n9:Sorry, your browser doesn't support embedded videos.\\n10:Sha’Carri Richardson\\n11:I RUN THIS.\\n12:Sha’Carri Richardson knows her place. It’s first.\\n13:Explore\\n14:Just In\\n15:Inspired by home.\\n16:Built for away.\\n17:Introducing the new NWSL Away Kit collection.\\n18:Shop\\n19:Style by Malik Nabers\\n20:Risk Taking,\\n21:Game Changing\\n22:\\\"I'm coming to the game dressed clean. It's just my football swag.\\\"\\n23:Shop\\n24:Tailored For All-Day Comfort\\n25:Nike 24.7 Collection\\n26:New polished looks with a luxurious feel.\\n27:Shop\\n28:<button class=\\\"FfpjR7o-\\\" aria-label=\\\"Pause carousel autoplay\\\" type=\\\"button\\\" data-qa=\\\"pause-btn\\\"></button>\\n29:<button class=\\\"_3kV1xjeG\\\" aria-label=\\\"Previous\\\" type=\\\"button\\\" data-qa=\\\"prev-btn\\\"></button>\\n30:<button class=\\\"_3kV1xjeG\\\" aria-label=\\\"Next\\\" type=\\\"button\\\" data-qa=\\\"next-btn\\\"></button>\\n31:Skip to main content\\n32:<a class=\\\"brand-link\\\" href=\\\"https://www.nike.com/jordan\\\" aria-label=\\\"Jordan\\\" data-testid=\\\"link\\\"></a>\\n33:<a class=\\\"brand-link\\\" href=\\\"https://www.nike.com/w/converse-akmjx\\\" aria-label=\\\"Converse\\\" data-testid=\\\"link\\\"></a>\\n34:<a class=\\\"interactive-profile-element\\\" href=\\\"https://www.nike.com/retail\\\" data-testid=\\\"link\\\">Find a Store</a>\\n35:<p class=\\\"nds-text css-t62sze e1yhcai00 appearance-body3Strong color-primary weight-regular\\\" data-testid=\\\"desktop-user-menu-item-message-0\\\">Find a Store</p>\\n36:Find a Store\\n37:<a class=\\\"interactive-profile-element\\\" href=\\\"https://www.nike.com/help\\\" data-testid=\\\"link\\\">Help</a>\\n38:<p class=\\\"nds-text css-t62sze e1yhcai00 appearance-body3Strong color-primary weight-regular\\\" data-testid=\\\"desktop-user-menu-item-message-1\\\">Help</p>\\n39:Help\\n40:<details class=\\\" css-1qehhq\\\">HelpOrder StatusShipping & DeliveryReturnsOrder CancellationSize ChartsContact UsMembershipPromotions & DiscountsProduct AdviceSend Us Feedback</details>\\n41:<a class=\\\"interactive-profile-element\\\" href=\\\"https://www.nike.com/membership\\\" data-testid=\\\"link\\\">Join Us</a>\\n42:<p class=\\\"nds-text css-t62sze e1yhcai00 appearance-body3Strong color-primary weight-regular\\\" data-testid=\\\"desktop-user-menu-item-message-2\\\">Join Us</p>\\n43:Join Us\\n44:<a class=\\\"interactive-profile-element profile-link\\\" href=\\\"https://www.nike.com/register\\\" data-testid=\\\"link\\\">Sign In</a>\\n45:<p class=\\\"nds-text css-t62sze e1yhcai00 appearance-body3Strong color-primary weight-regular\\\" data-testid=\\\"desktop-user-menu-item-message-3\\\">Sign In</p>\\n46:Sign In\\n47:<a class=\\\"swoosh-link\\\" href=\\\"https://www.nike.com\\\" aria-label=\\\"Nike Home Page\\\" data-testid=\\\"link\\\"></a>\\n48:<ul class=\\\"desktop-category\\\">NewFeaturedNew Arrivals Best SellersLatest DropsNew in Air Max: Dn8Vomero 18SNKRS Launch CalendarShop NewMenWomenKidsShop AllTrending24.7 CollectionNike Style BySo Win CollectionACG EssentialsRunning Shoe FinderMenNew New ArrivalsBest SellersLatest DropsNew in Air Max: Dn8Shop Latest Sale StylesShoesAll ShoesBasketballLifestyleJordanRetro RunningRunningTraining & GymShoes $100 & UnderClothingAll ClothingHoodies & Sweatshirts JordanJackets & VestsTracksuits24.7 CollectionPantsShortsTops & T-ShirtsAccessoriesBags & BackpacksHats & HeadwearSocksSunglassesBeltsShop By SportBaseballBasketballFan GearFootballGolfRunningTrack & FieldSoccerTennisTraining & GymWomenNew New ArrivalsBest SellersLatest DropsSo Win CollectionNew in Air Max: Dn8Shop Latest Sale StylesShop by ColorElemental PinkUniversity RedGame RoyalMink BrownBlack and SailShoesAll ShoesBasketballLifestyleJordanRetro RunningRunningTraining & GymShoes $100 & UnderClothingAll ClothingBrasHoodies & SweatshirtsLeggingsMatching Sets24.7 CollectionJackets & VestsPantsShortsTops & T-ShirtsAccessoriesBags & BackpacksHats & HeadwearSocksSunglassesBeltsShop By SportBasketballFan GearGolfRunningTrack & FieldTrainingSoccerTennisVolleyballKidsNew New ArrivalsBest SellersLatest DropsNew in Air Max: Dn8Shop Latest Sale StylesShoes by AgeBig Kids (1Y - 7Y)Little Kids (8C - 3Y)Baby & Toddler (1C - 10C)TeenAll ShoesBasketballLifestyleJordanRetro RunningRunningClothing by AgeBig Kids (XS - XL)Little Kids (4 - 7)Baby & Toddler (0M - 4T)TeenAll ClothingBrasHoodies & SweatshirtsJordanMatching SetsJackets & VestsPants & TightsShortsTops & T-ShirtsAccessoriesBags & BackpacksHats & HeadwearSocksSunglassesBeltsShop By SportBasketballGymnasticsFan GearFootballRunningSoccerJordanNewNew ArrivalsBest SellersShop Latest Sale StylesCollectionsJordan Heat CheckJordan FleeceJordan Sleeper PicksColors of the SeasonMenShop AllShoesAJ1ClothingBasketballWomenShop AllShoesAJ1ClothingBasketballKidsShop AllShoesAJ1ClothingBasketballBig KidsLittle KidsBaby & ToddlerAccessoriesShop AllBags & BackpacksHats & Headwear</ul>\\n49:<a class=\\\"menu-hover-trigger-link\\\" href=\\\"https://www.nike.com/w/new-3n82y\\\" data-testid=\\\"link\\\">New</a>\\n50:New\\n51:<details class=\\\" css-1qehhq\\\">FeaturedNew Arrivals Best SellersLatest DropsNew in Air Max: Dn8Vomero 18SNKRS Launch CalendarShop NewMenWomenKidsShop AllTrending24.7 CollectionNike Style BySo Win CollectionACG EssentialsRunning Shoe Finder</details>\\n52:<a class=\\\"menu-hover-trigger-link\\\" href=\\\"https://www.nike.com/men\\\" data-testid=\\\"link\\\">Men</a>\\n53:Men\\n54:<details class=\\\" css-1qehhq\\\">New New ArrivalsBest SellersLatest DropsNew in Air Max: Dn8Shop Latest Sale StylesShoesAll ShoesBasketballLifestyleJordanRetro RunningRunningTraining & GymShoes $100 & UnderClothingAll ClothingHoodies & Sweatshirts JordanJackets & VestsTracksuits24.7 CollectionPantsShortsTops & T-ShirtsAccessoriesBags & BackpacksHats & HeadwearSocksSunglassesBeltsShop By SportBaseballBasketballFan GearFootballGolfRunningTrack & FieldSoccerTennisTraining & Gym</details>\\n55:<a class=\\\"menu-hover-trigger-link\\\" href=\\\"https://www.nike.com/women\\\" data-testid=\\\"link\\\">Women</a>\\n56:Women\\n57:<details class=\\\" css-1qehhq\\\">New New ArrivalsBest SellersLatest DropsSo Win CollectionNew in Air Max: Dn8Shop Latest Sale StylesShop by ColorElemental PinkUniversity RedGame RoyalMink BrownBlack and SailShoesAll ShoesBasketballLifestyleJordanRetro RunningRunningTraining & GymShoes $100 & UnderClothingAll ClothingBrasHoodies & SweatshirtsLeggingsMatching Sets24.7 CollectionJackets & VestsPantsShortsTops & T-ShirtsAccessoriesBags & BackpacksHats & HeadwearSocksSunglassesBeltsShop By SportBasketballFan GearGolfRunningTrack & FieldTrainingSoccerTennisVolleyball</details>\\n58:<a class=\\\"menu-hover-trigger-link\\\" href=\\\"https://www.nike.com/kids\\\" data-testid=\\\"link\\\">Kids</a>\\n59:Kids\\n60:<details class=\\\" css-1qehhq\\\">New New ArrivalsBest SellersLatest DropsNew in Air Max: Dn8Shop Latest Sale StylesShoes by AgeBig Kids (1Y - 7Y)Little Kids (8C - 3Y)Baby & Toddler (1C - 10C)TeenAll ShoesBasketballLifestyleJordanRetro RunningRunningClothing by AgeBig Kids (XS - XL)Little Kids (4 - 7)Baby & Toddler (0M - 4T)TeenAll ClothingBrasHoodies & SweatshirtsJordanMatching SetsJackets & VestsPants & TightsShortsTops & T-ShirtsAccessoriesBags & BackpacksHats & HeadwearSocksSunglassesBeltsShop By SportBasketballGymnasticsFan GearFootballRunningSoccer</details>\\n61:<a class=\\\"menu-hover-trigger-link\\\" href=\\\"https://www.nike.com/jordan\\\" data-testid=\\\"link\\\">Jordan</a>\\n62:Jordan\\n63:<details class=\\\" css-1qehhq\\\">NewNew ArrivalsBest SellersShop Latest Sale StylesCollectionsJordan Heat CheckJordan FleeceJordan Sleeper PicksColors of the SeasonMenShop AllShoesAJ1ClothingBasketballWomenShop AllShoesAJ1ClothingBasketballKidsShop AllShoesAJ1ClothingBasketballBig KidsLittle KidsBaby & ToddlerAccessoriesShop AllBags & BackpacksHats & Headwear</details>\\n64:<button id=\\\"nav-search-icon\\\" class=\\\"nds-btn nds-button--icon-only search-start-btn css-1pto8ls ex41m6f0 btn-secondary-dark \\\" aria-label=\\\"Search\\\" type=\\\"button\\\"></button>\\n65:<input id=\\\"gn-search-input\\\" class=\\\"search-input\\\" aria-label=\\\"Search Products\\\" type=\\\"search\\\"></input>\\n66:<a class=\\\"nds-btn nds-button--icon-only nav-favorites css-q24gly ex41m6f0 btn-primary-dark \\\" href=\\\"https://www.nike.com/favorites\\\" aria-label=\\\"Favorites\\\" data-testid=\\\"favorite-button\\\"></a>\\n67:<a class=\\\"nds-btn nds-button--icon-only nav-bag-icon css-17i884h ex41m6f0 btn-primary-light \\\" href=\\\"https://www.nike.com/cart\\\" aria-label=\\\"Bag Items: 0\\\"></a>\\n68:Max cushioning for the ultimate ride.\\n69:Shop\\n70:Sha’Carri Richardson knows her place. It’s first.\\n71:Explore\\n72:Introducing the new NWSL Away Kit collection.\\n73:Shop\\n74:\\\"I'm coming to the game dressed clean. It's just my football swag.\\\"\\n75:Shop\\n76:New polished looks with a luxurious feel.\\n77:Shop\\n78:<button class=\\\"FfpjR7o-\\\" aria-label=\\\"Pause carousel autoplay\\\" type=\\\"button\\\" data-qa=\\\"pause-btn\\\"></button>\\n79:<button class=\\\"_3kV1xjeG\\\" aria-label=\\\"Previous\\\" type=\\\"button\\\" data-qa=\\\"prev-btn\\\"></button>\\n80:<button class=\\\"_3kV1xjeG\\\" aria-label=\\\"Next\\\" type=\\\"button\\\" data-qa=\\\"next-btn\\\"></button>\\n81:<button class=\\\"nds-btn inline-flx-btn dz_xjzja _2minRfAM bihGx79a _3p27lmat css-vhpoxs ex41m6f0 btn-primary-light \\\" aria-label=\\\"Shop Running\\\" type=\\\"button\\\" data-actiontext=\\\"Shop Running\\\" data-analytics-action-id=\\\"f88aff30-8eda-4909-a53f-b2678e625b11\\\" data-analytics-allow=\\\"false\\\" data-button-type=\\\"stacked_cta\\\" data-qa=\\\"cta-button\\\" data-qa-card-id=\\\"47da22b8-9b8a-4ee9-bb7c-20c4eeeeee95\\\">Shop Running</button>\\n82:Shop Running\\n83:<a class=\\\"_1GPQ9HJJ\\\" href=\\\"https://www.nike.com/w/running-37v7j\\\" aria-label=\\\" \\\" data-qa=\\\"card-link\\\" data-analytics-action-id=\\\"081e1837-accb-420a-bf07-5993da40a40a\\\"></a>\\n84:Vini Jr., Brazil National Team Forward\\n85:<button class=\\\"nds-btn inline-flx-btn dz_xjzja _2minRfAM bihGx79a _3p27lmat css-vhpoxs ex41m6f0 btn-primary-light \\\" aria-label=\\\"Shop Soccer\\\" type=\\\"button\\\" data-actiontext=\\\"Shop Soccer\\\" data-analytics-action-id=\\\"081236ed-85e4-4467-a21d-c86dab7223aa\\\" data-analytics-allow=\\\"false\\\" data-button-type=\\\"stacked_cta\\\" data-qa=\\\"cta-button\\\" data-qa-card-id=\\\"31d1a820-1444-452c-8001-614511f17343\\\">Shop Soccer</button>\\n86:Shop Soccer\\n87:<a class=\\\"_1GPQ9HJJ\\\" href=\\\"https://www.nike.com/w/soccer-1gdj0\\\" aria-label=\\\" \\\" data-qa=\\\"card-link\\\" data-analytics-action-id=\\\"602bfd05-849f-4ac3-9204-a0a261da4842\\\"></a>\\n88:<button class=\\\"nds-btn inline-flx-btn dz_xjzja _2minRfAM bihGx79a _3p27lmat css-vhpoxs ex41m6f0 btn-primary-light \\\" aria-label=\\\"Shop Basketball\\\" type=\\\"button\\\" data-actiontext=\\\"Shop Basketball\\\" data-analytics-action-id=\\\"de42fd13-742e-4821-a0de-07ded0fbff03\\\" data-analytics-allow=\\\"false\\\" data-button-type=\\\"stacked_cta\\\" data-qa=\\\"cta-button\\\" data-qa-card-id=\\\"5e6538c1-b438-4985-a1b8-a20576501dac\\\">Shop Basketball</button>\\n89:Shop Basketball\\n90:<a class=\\\"_1GPQ9HJJ\\\" href=\\\"https://www.nike.com/w/basketball-3glsm\\\" aria-label=\\\" \\\" data-qa=\\\"card-link\\\" data-analytics-action-id=\\\"bfb458b3-de3b-4f78-8137-a52ffb12080b\\\"></a>\\n91:Coming Soon\\n92:<button class=\\\"nds-btn inline-flx-btn dz_xjzja _2minRfAM bihGx79a _3p27lmat css-vhpoxs ex41m6f0 btn-primary-light \\\" aria-label=\\\"Shop Running\\\" type=\\\"button\\\" data-actiontext=\\\"Shop Running\\\" data-analytics-action-id=\\\"f88aff30-8eda-4909-a53f-b2678e625b11\\\" data-analytics-allow=\\\"false\\\" data-button-type=\\\"stacked_cta\\\" data-qa=\\\"cta-button\\\" data-qa-card-id=\\\"47da22b8-9b8a-4ee9-bb7c-20c4eeeeee95\\\">Shop Running</button>\\n93:Shop Running\\n94:<button class=\\\"nds-btn inline-flx-btn dz_xjzja _2minRfAM bihGx79a _3p27lmat css-vhpoxs ex41m6f0 btn-primary-light \\\" aria-label=\\\"Shop Soccer\\\" type=\\\"button\\\" data-actiontext=\\\"Shop Soccer\\\" data-analytics-action-id=\\\"081236ed-85e4-4467-a21d-c86dab7223aa\\\" data-analytics-allow=\\\"false\\\" data-button-type=\\\"stacked_cta\\\" data-qa=\\\"cta-button\\\" data-qa-card-id=\\\"31d1a820-1444-452c-8001-614511f17343\\\">Shop Soccer</button>\\n95:Shop Soccer\\n96:<button class=\\\"nds-btn inline-flx-btn dz_xjzja _2minRfAM bihGx79a _3p27lmat css-vhpoxs ex41m6f0 btn-primary-light \\\" aria-label=\\\"Shop Basketball\\\" type=\\\"button\\\" data-actiontext=\\\"Shop Basketball\\\" data-analytics-action-id=\\\"de42fd13-742e-4821-a0de-07ded0fbff03\\\" data-analytics-allow=\\\"false\\\" data-button-type=\\\"stacked_cta\\\" data-qa=\\\"cta-button\\\" data-qa-card-id=\\\"5e6538c1-b438-4985-a1b8-a20576501dac\\\">Shop Basketball</button>\\n97:Shop Basketball\\n98:<a class=\\\"_1GPQ9HJJ\\\" href=\\\"https://www.nike.com/w/style-your-air-149wq\\\" aria-label=\\\"Coming Soon AIR MAX DN8\\\" data-qa=\\\"card-link\\\" data-analytics-action-id=\\\"92e57b80-dd2d-4ab6-9a67-84d731bb36fc\\\"></a>\\n99:Coming Soon\\n100:AIR MAX DN8\\n101:Introducing the next chapter of Dynamic Air.\\n102:Releasing March 6th.\\n103:<a class=\\\"nds-btn inline-flx-btn dz_xjzja _2minRfAM bihGx79a _4EfJ5rYM css-1k7g084 ex41m6f0 btn-primary-dark \\\" href=\\\"https://www.nike.com/w/style-your-air-149wq\\\" aria-label=\\\" Explore\\\" type=\\\"button\\\" data-actiontext=\\\" Explore\\\" data-analytics-action-id=\\\"462ac32f-cae5-4a57-9c23-da734e8bfcee\\\" data-analytics-allow=\\\"false\\\" data-button-type=\\\"button\\\" data-qa=\\\"cta-button\\\">Explore</a>\\n104:Explore\\n105:<a class=\\\"_1GPQ9HJJ\\\" href=\\\"https://www.nike.com/w/style-your-air-149wq\\\" aria-label=\\\"Nike. Just Do It\\\" data-qa=\\\"card-link\\\" data-analytics-action-id=\\\"bcb25c44-d914-4383-abfd-78bf8eb7ed8b\\\" data-qa-card-id=\\\"251ff2cd-2bd7-49a0-a492-1708851d1f87\\\"></a>\\n106:<h2 id=\\\"title-45683e86-bb61-4bdd-9268-e8a9d7e9c660_0\\\" class=\\\"nds-text _zLh0ZOZ _2PzKMD0A _1MF91zHG css-p135zs e1yhcai00 appearance-display4 color-var(--podium-cds-color-text-primary) weight-medium uppercase\\\" data-qa=\\\"title\\\">Shop By Classics</h2>\\n107:Shop By Classics\\n108:1/7\\n109:<a class=\\\"_1GPQ9HJJ\\\" href=\\\"https://www.nike.com/w/air-max-shoes-a6d8hzy7ok\\\" aria-label=\\\"Air Max\\\" data-qa=\\\"card-link\\\" data-analytics-action-id=\\\"66298ab8-32fb-414c-a6dd-6a0329cb8155\\\"></a>\\n110:<a class=\\\"_1GPQ9HJJ\\\" href=\\\"https://www.nike.com/w/blazer-shoes-9gw3azy7ok\\\" aria-label=\\\"Nike Blazer\\\" data-qa=\\\"card-link\\\" data-analytics-action-id=\\\"8c620610-2007-4c45-883a-731bb6d3ea71\\\"></a>\\n111:1\\n112:/\\n113:7\\n114:<a class=\\\"_1GPQ9HJJ\\\" href=\\\"https://www.nike.com/w/jordan-1-shoes-4fokyzy7ok\\\" aria-label=\\\"Air Jordan 1\\\" data-qa=\\\"card-link\\\" data-analytics-action-id=\\\"128f91ff-18a7-4a2e-ab40-509334ba7309\\\"></a>\\n115:<a class=\\\"_1GPQ9HJJ\\\" href=\\\"https://www.nike.com/w/dunk-shoes-90aohzy7ok\\\" aria-label=\\\"Dunk\\\" data-qa=\\\"card-link\\\" data-analytics-action-id=\\\"31c9aa09-e2bf-4446-94a1-ecfabe896500\\\"></a>\\n116:<a class=\\\"_1GPQ9HJJ\\\" href=\\\"https://www.nike.com/w/air-force-1-shoes-5sj3yzy7ok\\\" aria-label=\\\"Air Force 1\\\" data-qa=\\\"card-link\\\" data-analytics-action-id=\\\"3b8c5b19-ba76-45b3-bcef-954dba3dedb6\\\"></a>\\n117:1/7\\n118:<div class=\\\"swiper-button-prev\\\" aria-label=\\\"Previous slide\\\"></div>\\n119:<div class=\\\"swiper-button-next\\\" aria-label=\\\"Next slide\\\"></div>\\n120:1/7\\n121:Air Jordan 1\\n122:<a class=\\\"_1GPQ9HJJ\\\" href=\\\"https://www.nike.com/w/air-max-shoes-a6d8hzy7ok\\\" aria-label=\\\"Air Max\\\" data-qa=\\\"card-link\\\" data-analytics-action-id=\\\"66298ab8-32fb-414c-a6dd-6a0329cb8155\\\"></a>\\n123:<a class=\\\"_1GPQ9HJJ\\\" href=\\\"https://www.nike.com/w/blazer-shoes-9gw3azy7ok\\\" aria-label=\\\"Nike Blazer\\\" data-qa=\\\"card-link\\\" data-analytics-action-id=\\\"8c620610-2007-4c45-883a-731bb6d3ea71\\\"></a>\\n124:1\\n125:/\\n126:7\\n127:Air Jordan 1\\n128:<a class=\\\"_1GPQ9HJJ\\\" href=\\\"https://www.nike.com/w/jordan-1-shoes-4fokyzy7ok\\\" aria-label=\\\"Air Jordan 1\\\" data-qa=\\\"card-link\\\" data-analytics-action-id=\\\"128f91ff-18a7-4a2e-ab40-509334ba7309\\\"></a>\\n129:<a class=\\\"_1GPQ9HJJ\\\" href=\\\"https://www.nike.com/w/dunk-shoes-90aohzy7ok\\\" aria-label=\\\"Dunk\\\" data-qa=\\\"card-link\\\" data-analytics-action-id=\\\"31c9aa09-e2bf-4446-94a1-ecfabe896500\\\"></a>\\n130:<a class=\\\"_1GPQ9HJJ\\\" href=\\\"https://www.nike.com/w/air-force-1-shoes-5sj3yzy7ok\\\" aria-label=\\\"Air Force 1\\\" data-qa=\\\"card-link\\\" data-analytics-action-id=\\\"3b8c5b19-ba76-45b3-bcef-954dba3dedb6\\\"></a>\\n131:1/7\\n132:Air Jordan 1\\n133:<div class=\\\"swiper-button-prev\\\" aria-label=\\\"Previous slide\\\"></div>\\n134:<div class=\\\"swiper-button-next\\\" aria-label=\\\"Next slide\\\"></div>\\n135:<a class=\\\"JSftBPEZ\\\" href=\\\"https://www.nike.com/retail\\\" aria-label=\\\"Find a Store\\\" data-analytics-action-id=\\\"8e0347d1-2a8f-4846-9ee1-437bb0f28447\\\">Find a Store</a>\\n136:Find a Store\\n137:<a class=\\\"JSftBPEZ\\\" href=\\\"https://www.nike.com/help\\\" aria-label=\\\"Help\\\" data-analytics-action-id=\\\"6260bfbf-bc64-403e-89a4-c83da67f9265\\\">Help</a>\\n138:Help\\n139:<a class=\\\"JSftBPEZ\\\" href=\\\"https://www.nike.com/membership\\\" aria-label=\\\"Join Us\\\" data-analytics-action-id=\\\"2e4dac95-0b1f-4051-bf1e-f49b66182b28\\\">Join Us</a>\\n140:Join Us\\n141:<a class=\\\"JSftBPEZ\\\" href=\\\"https://accounts.nike.com/lookup?client_id=4fd2d5e7db76e0f85a6bb56721bd51df&redirect_uri=https://www.nike.com/auth/login&response_type=code&scope=openid%20nike.digital%20profile%20email%20phone%20flow%20country&state=c07118da23994007bf8cf3a80ed5bf07&code_challenge=b_EJ1OFSBzs_OPL5rTE8pVBc8kddKnXtIgLvb0QNhS8&code_challenge_method=S256\\\" aria-label=\\\"Sign In\\\" data-analytics-action-id=\\\"c28ad23e-0412-45ca-b5c1-6e0a79975e96\\\">Sign In</a>\\n142:Sign In\\n143:Featured\\n144:<a href=\\\"https://www.nike.com/w/air-force-1-shoes-5sj3yzy7ok\\\" data-analytics-action-id=\\\"917bb34c-32f7-472a-8d2d-c7452a4ebf65\\\">Air Force 1</a>\\n145:<span class=\\\"nds-text css-1rhjrcc e1yhcai00 appearance-body1Strong color-primary weight-regular\\\">Air Force 1</span>\\n146:Air Force 1\\n147:<a href=\\\"https://www.nike.com/w/jordan-1-shoes-4fokyzy7ok\\\" data-analytics-action-id=\\\"60366ee9-e529-446c-b1a9-40f6e5928a08\\\">Jordan 1</a>\\n148:<span class=\\\"nds-text css-1rhjrcc e1yhcai00 appearance-body1Strong color-primary weight-regular\\\">Jordan 1</span>\\n149:Jordan 1\\n150:<a href=\\\"https://www.nike.com/w/air-max-dn-shoes-5ufejzy7ok\\\" data-analytics-action-id=\\\"9967fda9-8f30-4522-b770-1a4d46eeee9d\\\">Air Max Dn</a>\\n151:<span class=\\\"nds-text css-1rhjrcc e1yhcai00 appearance-body1Strong color-primary weight-regular\\\">Air Max Dn</span>\\n152:Air Max Dn\\n153:Shoes\\n154:<a href=\\\"https://www.nike.com/w/shoes-y7ok\\\" data-analytics-action-id=\\\"be303154-3cca-4ced-8d81-c4072dbbf39e\\\">All Shoes</a>\\n155:<span class=\\\"nds-text css-1rhjrcc e1yhcai00 appearance-body1Strong color-primary weight-regular\\\">All Shoes</span>\\n156:All Shoes\\n157:<a href=\\\"https://www.nike.com/w/jordan-shoes-37eefzy7ok\\\" data-analytics-action-id=\\\"715c0928-01e1-43d7-8cfb-2699f8e4a38a\\\">Jordan Shoes</a>\\n158:<span class=\\\"nds-text css-1rhjrcc e1yhcai00 appearance-body1Strong color-primary weight-regular\\\">Jordan Shoes</span>\\n159:Jordan Shoes\\n160:<a href=\\\"https://www.nike.com/w/running-shoes-37v7jzy7ok\\\" data-analytics-action-id=\\\"f5ee94e6-0425-41c3-b0e5-e4ed5353c0cf\\\">Running Shoes</a>\\n161:<span class=\\\"nds-text css-1rhjrcc e1yhcai00 appearance-body1Strong color-primary weight-regular\\\">Running Shoes</span>\\n162:Running Shoes\\n163:Clothing\\n164:<a href=\\\"https://www.nike.com/w/clothing-6ymx6\\\" data-analytics-action-id=\\\"b09c1b45-ccda-4149-b77f-5723436f6229\\\">All Clothing</a>\\n165:<span class=\\\"nds-text css-1rhjrcc e1yhcai00 appearance-body1Strong color-primary weight-regular\\\">All Clothing</span>\\n166:All Clothing\\n167:<a href=\\\"https://www.nike.com/w/tops-t-shirts-9om13\\\" data-analytics-action-id=\\\"cfd90fa7-79a2-4c52-b46f-b94fac5a7543\\\">Tops & T-Shirts</a>\\n168:<span class=\\\"nds-text css-1rhjrcc e1yhcai00 appearance-body1Strong color-primary weight-regular\\\">Tops & T-Shirts</span>\\n169:Tops & T-Shirts\\n170:<a href=\\\"https://www.nike.com/w/shorts-38fph\\\" data-analytics-action-id=\\\"5aeb399b-4bd2-4bf6-b29c-bc9501bba9cb\\\">Shorts</a>\\n171:<span class=\\\"nds-text css-1rhjrcc e1yhcai00 appearance-body1Strong color-primary weight-regular\\\">Shorts</span>\\n172:Shorts\\n173:Kids\\n174:<a href=\\\"https://www.nike.com/w/baby-toddler-kids-shoes-2j488zv4dhzy7ok\\\" data-analytics-action-id=\\\"1f89cee8-60d6-4471-bb8a-a759ef85d237\\\">Infant & Toddler Shoes</a>\\n175:<span class=\\\"nds-text css-1rhjrcc e1yhcai00 appearance-body1Strong color-primary weight-regular\\\">Infant & Toddler Shoes</span>\\n176:Infant & Toddler Shoes\\n177:<a href=\\\"https://www.nike.com/w/kids-shoes-v4dhzy7ok\\\" data-analytics-action-id=\\\"810b6a07-9b0c-4003-abf4-a5fc8a21973d\\\">Kids Shoes</a>\\n178:<span class=\\\"nds-text css-1rhjrcc e1yhcai00 appearance-body1Strong color-primary weight-regular\\\">Kids Shoes</span>\\n179:Kids Shoes\\n180:<a href=\\\"https://www.nike.com/w/kids-basketball-shoes-3glsmzv4dhzy7ok\\\" data-analytics-action-id=\\\"087008aa-c191-491c-a20e-f832298d558a\\\">Kids Basketball Shoes</a>\\n181:<span class=\\\"nds-text css-1rhjrcc e1yhcai00 appearance-body1Strong color-primary weight-regular\\\">Kids Basketball Shoes</span>\\n182:Kids Basketball Shoes\\n183:<h2 class=\\\"css-1twugl3\\\" data-testid=\\\"footer-menu-col-0-header\\\">Resources</h2>\\n184:Resources\\n185:<a class=\\\"footer-link\\\" href=\\\"https://www.nike.com/gift-cards\\\" data-testid=\\\"footer-menu-col-0-child-0\\\">Gift Cards</a>\\n186:<p class=\\\"nds-text footer-link css-xrit3w e1yhcai00 appearance-body3Strong color-secondary weight-regular\\\">Gift Cards</p>\\n187:Gift Cards\\n188:<a class=\\\"footer-link\\\" href=\\\"https://www.nike.com/retail\\\" data-testid=\\\"footer-menu-col-0-child-1\\\">Find a Store</a>\\n189:<p class=\\\"nds-text footer-link css-xrit3w e1yhcai00 appearance-body3Strong color-secondary weight-regular\\\">Find a Store</p>\\n190:Find a Store\\n191:<a class=\\\"footer-link\\\" href=\\\"https://www.nike.com/membership\\\" data-testid=\\\"footer-menu-col-0-child-2\\\">Membership</a>\\n192:<p class=\\\"nds-text footer-link css-xrit3w e1yhcai00 appearance-body3Strong color-secondary weight-regular\\\">Membership</p>\\n193:Membership\\n194:<a class=\\\"footer-link\\\" href=\\\"https://www.nike.com/stories\\\" data-testid=\\\"footer-menu-col-0-child-3\\\">Nike Journal</a>\\n195:<p class=\\\"nds-text footer-link css-xrit3w e1yhcai00 appearance-body3Strong color-secondary weight-regular\\\">Nike Journal</p>\\n196:Nike Journal\\n197:<a class=\\\"footer-link\\\" href=\\\"#site-feedback\\\" data-testid=\\\"footer-menu-col-0-child-4\\\">Site Feedback</a>\\n198:<p class=\\\"nds-text footer-link css-xrit3w e1yhcai00 appearance-body3Strong color-secondary weight-regular\\\">Site Feedback</p>\\n199:Site Feedback\\n200:<h2 class=\\\"css-1twugl3\\\" data-testid=\\\"footer-menu-col-1-header\\\">Help</h2>\\n201:Help\\n202:<a class=\\\"footer-link\\\" href=\\\"https://www.nike.com/help\\\" data-testid=\\\"footer-menu-col-1-child-0\\\">Get Help</a>\\n203:<p class=\\\"nds-text footer-link css-xrit3w e1yhcai00 appearance-body3Strong color-secondary weight-regular\\\">Get Help</p>\\n204:Get Help\\n205:<a class=\\\"footer-link\\\" href=\\\"https://www.nike.com/orders/details/\\\" data-testid=\\\"footer-menu-col-1-child-1\\\">Order Status</a>\\n206:<p class=\\\"nds-text footer-link css-xrit3w e1yhcai00 appearance-body3Strong color-secondary weight-regular\\\">Order Status</p>\\n207:Order Status\\n208:<a class=\\\"footer-link\\\" href=\\\"https://www.nike.com/help/a/shipping-delivery\\\" data-testid=\\\"footer-menu-col-1-child-2\\\">Shipping and Delivery</a>\\n209:<p class=\\\"nds-text footer-link css-xrit3w e1yhcai00 appearance-body3Strong color-secondary weight-regular\\\">Shipping and Delivery</p>\\n210:Shipping and Delivery\\n211:<a class=\\\"footer-link\\\" href=\\\"https://www.nike.com/help/a/returns-policy\\\" data-testid=\\\"footer-menu-col-1-child-3\\\">Returns</a>\\n212:<p class=\\\"nds-text footer-link css-xrit3w e1yhcai00 appearance-body3Strong color-secondary weight-regular\\\">Returns</p>\\n213:Returns\\n214:<a class=\\\"footer-link\\\" href=\\\"https://www.nike.com/help/a/change-cancel-order\\\" data-testid=\\\"footer-menu-col-1-child-4\\\">Order Cancellation</a>\\n215:<p class=\\\"nds-text footer-link css-xrit3w e1yhcai00 appearance-body3Strong color-secondary weight-regular\\\">Order Cancellation</p>\\n216:Order Cancellation\\n217:<a class=\\\"footer-link\\\" href=\\\"https://www.nike.com/help/a/payment-options\\\" data-testid=\\\"footer-menu-col-1-child-5\\\">Payment Options</a>\\n218:<p class=\\\"nds-text footer-link css-xrit3w e1yhcai00 appearance-body3Strong color-secondary weight-regular\\\">Payment Options</p>\\n219:Payment Options\\n220:<a class=\\\"footer-link\\\" href=\\\"https://www.nike.com/orders/gift-card-lookup\\\" data-testid=\\\"footer-menu-col-1-child-6\\\">Gift Card Balance</a>\\n221:<p class=\\\"nds-text footer-link css-xrit3w e1yhcai00 appearance-body3Strong color-secondary weight-regular\\\">Gift Card Balance</p>\\n222:Gift Card Balance\\n223:<a class=\\\"footer-link\\\" href=\\\"https://www.nike.com/help/#contact\\\" data-testid=\\\"footer-menu-col-1-child-7\\\">Contact Us</a>\\n224:<p class=\\\"nds-text footer-link css-xrit3w e1yhcai00 appearance-body3Strong color-secondary weight-regular\\\">Contact Us</p>\\n225:Contact Us\\n226:<h2 class=\\\"css-1twugl3\\\" data-testid=\\\"footer-menu-col-2-header\\\">Company</h2>\\n227:Company\\n228:<a class=\\\"footer-link\\\" href=\\\"https://about.nike.com/en\\\" data-testid=\\\"footer-menu-col-2-child-0\\\">About Nike</a>\\n229:<p class=\\\"nds-text footer-link css-xrit3w e1yhcai00 appearance-body3Strong color-secondary weight-regular\\\">About Nike</p>\\n230:About Nike\\n231:<a class=\\\"footer-link\\\" href=\\\"http://news.nike.com/\\\" data-testid=\\\"footer-menu-col-2-child-1\\\">News</a>\\n232:<p class=\\\"nds-text footer-link css-xrit3w e1yhcai00 appearance-body3Strong color-secondary weight-regular\\\">News</p>\\n233:News\\n234:<a class=\\\"footer-link\\\" href=\\\"https://careers.nike.com/\\\" data-testid=\\\"footer-menu-col-2-child-2\\\">Careers</a>\\n235:<p class=\\\"nds-text footer-link css-xrit3w e1yhcai00 appearance-body3Strong color-secondary weight-regular\\\">Careers</p>\\n236:Careers\\n237:<a class=\\\"footer-link\\\" href=\\\"http://investors.nike.com/\\\" data-testid=\\\"footer-menu-col-2-child-3\\\">Investors</a>\\n238:<p class=\\\"nds-text footer-link css-xrit3w e1yhcai00 appearance-body3Strong color-secondary weight-regular\\\">Investors</p>\\n239:Investors\\n240:<a class=\\\"footer-link\\\" href=\\\"https://purpose.nike.com/\\\" data-testid=\\\"footer-menu-col-2-child-4\\\">Purpose</a>\\n241:<p class=\\\"nds-text footer-link css-xrit3w e1yhcai00 appearance-body3Strong color-secondary weight-regular\\\">Purpose</p>\\n242:Purpose\\n243:<a class=\\\"footer-link\\\" href=\\\"https://www.nike.com/sustainability\\\" data-testid=\\\"footer-menu-col-2-child-5\\\">Sustainability</a>\\n244:<p class=\\\"nds-text footer-link css-xrit3w e1yhcai00 appearance-body3Strong color-secondary weight-regular\\\">Sustainability</p>\\n245:Sustainability\\n246:<a class=\\\"footer-header\\\" href=\\\"https://www.nike.com/promo-code\\\" data-testid=\\\"footer-menu-col-3-header\\\">Promotions & Discounts</a>\\n247:<p class=\\\"nds-text footer-header css-xrit3w e1yhcai00 appearance-body3Strong color-secondary weight-regular\\\">Promotions & Discounts</p>\\n248:Promotions & Discounts\\n249:<a class=\\\"footer-link\\\" href=\\\"https://www.nike.com/help/a/student-discount\\\" data-testid=\\\"footer-menu-col-3-child-0\\\">Student</a>\\n250:<p class=\\\"nds-text footer-link css-xrit3w e1yhcai00 appearance-body3Strong color-secondary weight-regular\\\">Student</p>\\n251:Student\\n252:<a class=\\\"footer-link\\\" href=\\\"https://www.nike.com/help/a/military-discount\\\" data-testid=\\\"footer-menu-col-3-child-1\\\">Military</a>\\n253:<p class=\\\"nds-text footer-link css-xrit3w e1yhcai00 appearance-body3Strong color-secondary weight-regular\\\">Military</p>\\n254:Military\\n255:<a class=\\\"footer-link\\\" href=\\\"https://www.nike.com/help/a/teacher-discount\\\" data-testid=\\\"footer-menu-col-3-child-2\\\">Teacher</a>\\n256:<p class=\\\"nds-text footer-link css-xrit3w e1yhcai00 appearance-body3Strong color-secondary weight-regular\\\">Teacher</p>\\n257:Teacher\\n258:<a class=\\\"footer-link\\\" href=\\\"https://www.nike.com/help/a/first-responder-discount\\\" data-testid=\\\"footer-menu-col-3-child-3\\\">First Responders & Medical Professionals</a>\\n259:<p class=\\\"nds-text footer-link css-xrit3w e1yhcai00 appearance-body3Strong color-secondary weight-regular\\\">First Responders & Medical Professionals</p>\\n260:First Responders & Medical Professionals\\n261:<a class=\\\"footer-link\\\" href=\\\"https://www.nike.com/help/a/birthday-terms-promo\\\" data-testid=\\\"footer-menu-col-3-child-4\\\">Birthday</a>\\n262:<p class=\\\"nds-text footer-link css-xrit3w e1yhcai00 appearance-body3Strong color-secondary weight-regular\\\">Birthday</p>\\n263:Birthday\\n264:<button class=\\\"nds-btn css-x8wy1 ex41m6f0 cta-primary-dark  btn-responsive\\\" aria-label=\\\"Selected Location: United States\\\" type=\\\"submit\\\" data-testid=\\\"link\\\">United States</button>\\n265:United States\\n266:©\\n267:2025\\n268:Nike, Inc. All Rights Reserved\\n269:Guides\\n270:Terms of Sale\\n271:Terms of Use\\n272:Nike Privacy Policy\\n273:Your Privacy Choices\\n274:CA Supply Chains Act\\n275:<a class=\\\"JSftBPEZ\\\" href=\\\"https://www.nike.com/retail\\\" aria-label=\\\"Find a Store\\\" data-analytics-action-id=\\\"8e0347d1-2a8f-4846-9ee1-437bb0f28447\\\">Find a Store</a>\\n276:Find a Store\\n277:<a class=\\\"JSftBPEZ\\\" href=\\\"https://www.nike.com/help\\\" aria-label=\\\"Help\\\" data-analytics-action-id=\\\"6260bfbf-bc64-403e-89a4-c83da67f9265\\\">Help</a>\\n278:Help\\n279:<a class=\\\"JSftBPEZ\\\" href=\\\"https://www.nike.com/membership\\\" aria-label=\\\"Join Us\\\" data-analytics-action-id=\\\"2e4dac95-0b1f-4051-bf1e-f49b66182b28\\\">Join Us</a>\\n280:Join Us\\n281:<a class=\\\"JSftBPEZ\\\" href=\\\"https://accounts.nike.com/lookup?client_id=4fd2d5e7db76e0f85a6bb56721bd51df&redirect_uri=https://www.nike.com/auth/login&response_type=code&scope=openid%20nike.digital%20profile%20email%20phone%20flow%20country&state=c07118da23994007bf8cf3a80ed5bf07&code_challenge=b_EJ1OFSBzs_OPL5rTE8pVBc8kddKnXtIgLvb0QNhS8&code_challenge_method=S256\\\" aria-label=\\\"Sign In\\\" data-analytics-action-id=\\\"c28ad23e-0412-45ca-b5c1-6e0a79975e96\\\">Sign In</a>\\n282:Sign In\\n283:Featured\\n284:<a href=\\\"https://www.nike.com/w/air-force-1-shoes-5sj3yzy7ok\\\" data-analytics-action-id=\\\"917bb34c-32f7-472a-8d2d-c7452a4ebf65\\\">Air Force 1</a>\\n285:<span class=\\\"nds-text css-1rhjrcc e1yhcai00 appearance-body1Strong color-primary weight-regular\\\">Air Force 1</span>\\n286:Air Force 1\\n287:<a href=\\\"https://www.nike.com/w/jordan-1-shoes-4fokyzy7ok\\\" data-analytics-action-id=\\\"60366ee9-e529-446c-b1a9-40f6e5928a08\\\">Jordan 1</a>\\n288:<span class=\\\"nds-text css-1rhjrcc e1yhcai00 appearance-body1Strong color-primary weight-regular\\\">Jordan 1</span>\\n289:Jordan 1\\n290:<a href=\\\"https://www.nike.com/w/air-max-dn-shoes-5ufejzy7ok\\\" data-analytics-action-id=\\\"9967fda9-8f30-4522-b770-1a4d46eeee9d\\\">Air Max Dn</a>\\n291:<span class=\\\"nds-text css-1rhjrcc e1yhcai00 appearance-body1Strong color-primary weight-regular\\\">Air Max Dn</span>\\n292:Air Max Dn\\n293:<a href=\\\"https://www.nike.com/w/zoom-vomero-shoes-7gee1zy7ok\\\" data-analytics-action-id=\\\"43635cce-3902-4c09-a1ee-c489c2bd472c\\\">Vomero</a>\\n294:<span class=\\\"nds-text css-1rhjrcc e1yhcai00 appearance-body1Strong color-primary weight-regular\\\">Vomero</span>\\n295:Vomero\\n296:Metcon\\n297:Air Max 270\\n298:Air Max 90\\n299:Blazer\\n300:Pegasus\\n301:Shoes\\n302:<a href=\\\"https://www.nike.com/w/shoes-y7ok\\\" data-analytics-action-id=\\\"be303154-3cca-4ced-8d81-c4072dbbf39e\\\">All Shoes</a>\\n303:<span class=\\\"nds-text css-1rhjrcc e1yhcai00 appearance-body1Strong color-primary weight-regular\\\">All Shoes</span>\\n304:All Shoes\\n305:<a href=\\\"https://www.nike.com/w/jordan-shoes-37eefzy7ok\\\" data-analytics-action-id=\\\"715c0928-01e1-43d7-8cfb-2699f8e4a38a\\\">Jordan Shoes</a>\\n306:<span class=\\\"nds-text css-1rhjrcc e1yhcai00 appearance-body1Strong color-primary weight-regular\\\">Jordan Shoes</span>\\n307:Jordan Shoes\\n308:<a href=\\\"https://www.nike.com/w/running-shoes-37v7jzy7ok\\\" data-analytics-action-id=\\\"f5ee94e6-0425-41c3-b0e5-e4ed5353c0cf\\\">Running Shoes</a>\\n309:<span class=\\\"nds-text css-1rhjrcc e1yhcai00 appearance-body1Strong color-primary weight-regular\\\">Running Shoes</span>\\n310:Running Shoes\\n311:<a href=\\\"https://www.nike.com/w/basketball-shoes-3glsmzy7ok\\\" data-analytics-action-id=\\\"8a0c3cd1-333e-488f-bc31-3056b4f4953f\\\">Basketball Shoes</a>\\n312:<span class=\\\"nds-text css-1rhjrcc e1yhcai00 appearance-body1Strong color-primary weight-regular\\\">Basketball Shoes</span>\\n313:Basketball Shoes\\n314:Tennis Shoes\\n315:Training Shoes\\n316:Custom Shoes\\n317:Sale Shoes\\n318:Soccer Cleats\\n319:Clothing\\n320:<a href=\\\"https://www.nike.com/w/clothing-6ymx6\\\" data-analytics-action-id=\\\"b09c1b45-ccda-4149-b77f-5723436f6229\\\">All Clothing</a>\\n321:<span class=\\\"nds-text css-1rhjrcc e1yhcai00 appearance-body1Strong color-primary weight-regular\\\">All Clothing</span>\\n322:All Clothing\\n323:<a href=\\\"https://www.nike.com/w/tops-t-shirts-9om13\\\" data-analytics-action-id=\\\"cfd90fa7-79a2-4c52-b46f-b94fac5a7543\\\">Tops & T-Shirts</a>\\n324:<span class=\\\"nds-text css-1rhjrcc e1yhcai00 appearance-body1Strong color-primary weight-regular\\\">Tops & T-Shirts</span>\\n325:Tops & T-Shirts\\n326:<a href=\\\"https://www.nike.com/w/shorts-38fph\\\" data-analytics-action-id=\\\"5aeb399b-4bd2-4bf6-b29c-bc9501bba9cb\\\">Shorts</a>\\n327:<span class=\\\"nds-text css-1rhjrcc e1yhcai00 appearance-body1Strong color-primary weight-regular\\\">Shorts</span>\\n328:Shorts\\n329:<a href=\\\"https://www.nike.com/w/hoodies-and-pullovers-6rive\\\" data-analytics-action-id=\\\"8538e920-0041-43b8-89e4-331f046f6106\\\">Hoodies & Pullovers</a>\\n330:<span class=\\\"nds-text css-1rhjrcc e1yhcai00 appearance-body1Strong color-primary weight-regular\\\">Hoodies & Pullovers</span>\\n331:Hoodies & Pullovers\\n332:Joggers & Sweatpants\\n333:Sports Bras\\n334:Pants & Tights\\n335:Socks\\n336:Yoga\\n337:NikeLab\\n338:Plus Size\\n339:Big & Tall\\n340:Sale Clothing\\n341:Kids\\n342:<a href=\\\"https://www.nike.com/w/baby-toddler-kids-shoes-2j488zv4dhzy7ok\\\" data-analytics-action-id=\\\"1f89cee8-60d6-4471-bb8a-a759ef85d237\\\">Infant & Toddler Shoes</a>\\n343:<span class=\\\"nds-text css-1rhjrcc e1yhcai00 appearance-body1Strong color-primary weight-regular\\\">Infant & Toddler Shoes</span>\\n344:Infant & Toddler Shoes\\n345:<a href=\\\"https://www.nike.com/w/kids-shoes-v4dhzy7ok\\\" data-analytics-action-id=\\\"810b6a07-9b0c-4003-abf4-a5fc8a21973d\\\">Kids Shoes</a>\\n346:<span class=\\\"nds-text css-1rhjrcc e1yhcai00 appearance-body1Strong color-primary weight-regular\\\">Kids Shoes</span>\\n347:Kids Shoes\\n348:<a href=\\\"https://www.nike.com/w/kids-basketball-shoes-3glsmzv4dhzy7ok\\\" data-analytics-action-id=\\\"087008aa-c191-491c-a20e-f832298d558a\\\">Kids Basketball Shoes</a>\\n349:<span class=\\\"nds-text css-1rhjrcc e1yhcai00 appearance-body1Strong color-primary weight-regular\\\">Kids Basketball Shoes</span>\\n350:Kids Basketball Shoes\\n351:<a href=\\\"https://www.nike.com/w/kids-running-shoes-37v7jzv4dhzy7ok\\\" data-analytics-action-id=\\\"d7230813-583c-40ff-a9f3-2a30ed541599\\\">Kids Running Shoes</a>\\n352:<span class=\\\"nds-text css-1rhjrcc e1yhcai00 appearance-body1Strong color-primary weight-regular\\\">Kids Running Shoes</span>\\n353:Kids Running Shoes\\n354:Kids Jordan Shoes\\n355:Kids Clothing\\n356:Kids Backpacks\\n357:Kids Socks\\n358:Kids Sale\\n359:<h2 class=\\\"css-1twugl3\\\" data-testid=\\\"footer-menu-col-0-header\\\">Resources</h2>\\n360:Resources\\n361:<a class=\\\"footer-link\\\" href=\\\"https://www.nike.com/gift-cards\\\" data-testid=\\\"footer-menu-col-0-child-0\\\">Gift Cards</a>\\n362:<p class=\\\"nds-text footer-link css-xrit3w e1yhcai00 appearance-body3Strong color-secondary weight-regular\\\">Gift Cards</p>\\n363:Gift Cards\\n364:<a class=\\\"footer-link\\\" href=\\\"https://www.nike.com/retail\\\" data-testid=\\\"footer-menu-col-0-child-1\\\">Find a Store</a>\\n365:<p class=\\\"nds-text footer-link css-xrit3w e1yhcai00 appearance-body3Strong color-secondary weight-regular\\\">Find a Store</p>\\n366:Find a Store\\n367:<a class=\\\"footer-link\\\" href=\\\"https://www.nike.com/membership\\\" data-testid=\\\"footer-menu-col-0-child-2\\\">Membership</a>\\n368:<p class=\\\"nds-text footer-link css-xrit3w e1yhcai00 appearance-body3Strong color-secondary weight-regular\\\">Membership</p>\\n369:Membership\\n370:<a class=\\\"footer-link\\\" href=\\\"https://www.nike.com/stories\\\" data-testid=\\\"footer-menu-col-0-child-3\\\">Nike Journal</a>\\n371:<p class=\\\"nds-text footer-link css-xrit3w e1yhcai00 appearance-body3Strong color-secondary weight-regular\\\">Nike Journal</p>\\n372:Nike Journal\\n373:<a class=\\\"footer-link\\\" href=\\\"#site-feedback\\\" data-testid=\\\"footer-menu-col-0-child-4\\\">Site Feedback</a>\\n374:<p class=\\\"nds-text footer-link css-xrit3w e1yhcai00 appearance-body3Strong color-secondary weight-regular\\\">Site Feedback</p>\\n375:Site Feedback\\n376:<h2 class=\\\"css-1twugl3\\\" data-testid=\\\"footer-menu-col-1-header\\\">Help</h2>\\n377:Help\\n378:<a class=\\\"footer-link\\\" href=\\\"https://www.nike.com/help\\\" data-testid=\\\"footer-menu-col-1-child-0\\\">Get Help</a>\\n379:<p class=\\\"nds-text footer-link css-xrit3w e1yhcai00 appearance-body3Strong color-secondary weight-regular\\\">Get Help</p>\\n380:Get Help\\n381:<a class=\\\"footer-link\\\" href=\\\"https://www.nike.com/orders/details/\\\" data-testid=\\\"footer-menu-col-1-child-1\\\">Order Status</a>\\n382:<p class=\\\"nds-text footer-link css-xrit3w e1yhcai00 appearance-body3Strong color-secondary weight-regular\\\">Order Status</p>\\n383:Order Status\\n384:<a class=\\\"footer-link\\\" href=\\\"https://www.nike.com/help/a/shipping-delivery\\\" data-testid=\\\"footer-menu-col-1-child-2\\\">Shipping and Delivery</a>\\n385:<p class=\\\"nds-text footer-link css-xrit3w e1yhcai00 appearance-body3Strong color-secondary weight-regular\\\">Shipping and Delivery</p>\\n386:Shipping and Delivery\\n387:<a class=\\\"footer-link\\\" href=\\\"https://www.nike.com/help/a/returns-policy\\\" data-testid=\\\"footer-menu-col-1-child-3\\\">Returns</a>\\n388:<p class=\\\"nds-text footer-link css-xrit3w e1yhcai00 appearance-body3Strong color-secondary weight-regular\\\">Returns</p>\\n389:Returns\\n390:<a class=\\\"footer-link\\\" href=\\\"https://www.nike.com/help/a/change-cancel-order\\\" data-testid=\\\"footer-menu-col-1-child-4\\\">Order Cancellation</a>\\n391:<p class=\\\"nds-text footer-link css-xrit3w e1yhcai00 appearance-body3Strong color-secondary weight-regular\\\">Order Cancellation</p>\\n392:Order Cancellation\\n393:<a class=\\\"footer-link\\\" href=\\\"https://www.nike.com/help/a/payment-options\\\" data-testid=\\\"footer-menu-col-1-child-5\\\">Payment Options</a>\\n394:<p class=\\\"nds-text footer-link css-xrit3w e1yhcai00 appearance-body3Strong color-secondary weight-regular\\\">Payment Options</p>\\n395:Payment Options\\n396:<a class=\\\"footer-link\\\" href=\\\"https://www.nike.com/orders/gift-card-lookup\\\" data-testid=\\\"footer-menu-col-1-child-6\\\">Gift Card Balance</a>\\n397:<p class=\\\"nds-text footer-link css-xrit3w e1yhcai00 appearance-body3Strong color-secondary weight-regular\\\">Gift Card Balance</p>\\n398:Gift Card Balance\\n399:<a class=\\\"footer-link\\\" href=\\\"https://www.nike.com/help/#contact\\\" data-testid=\\\"footer-menu-col-1-child-7\\\">Contact Us</a>\\n400:<p class=\\\"nds-text footer-link css-xrit3w e1yhcai00 appearance-body3Strong color-secondary weight-regular\\\">Contact Us</p>\\n401:Contact Us\\n402:<h2 class=\\\"css-1twugl3\\\" data-testid=\\\"footer-menu-col-2-header\\\">Company</h2>\\n403:Company\\n404:<a class=\\\"footer-link\\\" href=\\\"https://about.nike.com/en\\\" data-testid=\\\"footer-menu-col-2-child-0\\\">About Nike</a>\\n405:<p class=\\\"nds-text footer-link css-xrit3w e1yhcai00 appearance-body3Strong color-secondary weight-regular\\\">About Nike</p>\\n406:About Nike\\n407:<a class=\\\"footer-link\\\" href=\\\"http://news.nike.com/\\\" data-testid=\\\"footer-menu-col-2-child-1\\\">News</a>\\n408:<p class=\\\"nds-text footer-link css-xrit3w e1yhcai00 appearance-body3Strong color-secondary weight-regular\\\">News</p>\\n409:News\\n410:<a class=\\\"footer-link\\\" href=\\\"https://careers.nike.com/\\\" data-testid=\\\"footer-menu-col-2-child-2\\\">Careers</a>\\n411:<p class=\\\"nds-text footer-link css-xrit3w e1yhcai00 appearance-body3Strong color-secondary weight-regular\\\">Careers</p>\\n412:Careers\\n413:<a class=\\\"footer-link\\\" href=\\\"http://investors.nike.com/\\\" data-testid=\\\"footer-menu-col-2-child-3\\\">Investors</a>\\n414:<p class=\\\"nds-text footer-link css-xrit3w e1yhcai00 appearance-body3Strong color-secondary weight-regular\\\">Investors</p>\\n415:Investors\\n416:<a class=\\\"footer-link\\\" href=\\\"https://purpose.nike.com/\\\" data-testid=\\\"footer-menu-col-2-child-4\\\">Purpose</a>\\n417:<p class=\\\"nds-text footer-link css-xrit3w e1yhcai00 appearance-body3Strong color-secondary weight-regular\\\">Purpose</p>\\n418:Purpose\\n419:<a class=\\\"footer-link\\\" href=\\\"https://www.nike.com/sustainability\\\" data-testid=\\\"footer-menu-col-2-child-5\\\">Sustainability</a>\\n420:<p class=\\\"nds-text footer-link css-xrit3w e1yhcai00 appearance-body3Strong color-secondary weight-regular\\\">Sustainability</p>\\n421:Sustainability\\n422:<a class=\\\"footer-header\\\" href=\\\"https://www.nike.com/promo-code\\\" data-testid=\\\"footer-menu-col-3-header\\\">Promotions & Discounts</a>\\n423:<p class=\\\"nds-text footer-header css-xrit3w e1yhcai00 appearance-body3Strong color-secondary weight-regular\\\">Promotions & Discounts</p>\\n424:Promotions & Discounts\\n425:<a class=\\\"footer-link\\\" href=\\\"https://www.nike.com/help/a/student-discount\\\" data-testid=\\\"footer-menu-col-3-child-0\\\">Student</a>\\n426:<p class=\\\"nds-text footer-link css-xrit3w e1yhcai00 appearance-body3Strong color-secondary weight-regular\\\">Student</p>\\n427:Student\\n428:<a class=\\\"footer-link\\\" href=\\\"https://www.nike.com/help/a/military-discount\\\" data-testid=\\\"footer-menu-col-3-child-1\\\">Military</a>\\n429:<p class=\\\"nds-text footer-link css-xrit3w e1yhcai00 appearance-body3Strong color-secondary weight-regular\\\">Military</p>\\n430:Military\\n431:<a class=\\\"footer-link\\\" href=\\\"https://www.nike.com/help/a/teacher-discount\\\" data-testid=\\\"footer-menu-col-3-child-2\\\">Teacher</a>\\n432:<p class=\\\"nds-text footer-link css-xrit3w e1yhcai00 appearance-body3Strong color-secondary weight-regular\\\">Teacher</p>\\n433:Teacher\\n434:<a class=\\\"footer-link\\\" href=\\\"https://www.nike.com/help/a/first-responder-discount\\\" data-testid=\\\"footer-menu-col-3-child-3\\\">First Responders & Medical Professionals</a>\\n435:<p class=\\\"nds-text footer-link css-xrit3w e1yhcai00 appearance-body3Strong color-secondary weight-regular\\\">First Responders & Medical Professionals</p>\\n436:First Responders & Medical Professionals\\n437:<a class=\\\"footer-link\\\" href=\\\"https://www.nike.com/help/a/birthday-terms-promo\\\" data-testid=\\\"footer-menu-col-3-child-4\\\">Birthday</a>\\n438:<p class=\\\"nds-text footer-link css-xrit3w e1yhcai00 appearance-body3Strong color-secondary weight-regular\\\">Birthday</p>\\n439:Birthday\\n440:<button class=\\\"nds-btn css-x8wy1 ex41m6f0 cta-primary-dark  btn-responsive\\\" aria-label=\\\"Selected Location: United States\\\" type=\\\"submit\\\" data-testid=\\\"link\\\">United States</button>\\n441:United States\\n442:©\\n443:2025\\n444:Nike, Inc. All Rights Reserved\\n445:<details class=\\\" css-1qehhq\\\">GuidesNike AirNike Air Force 1Nike Air MaxNike FlyEaseNike FlyknitNike FreeNike ReactNike VaporflyNike ZoomXSpace Hippie</details>\\n446:<summary class=\\\"drop-down-accessibility-button\\\" aria-label=\\\"Guides menu\\\" aria-expanded=\\\"false\\\" aria-haspopup=\\\"menu\\\">Guides</summary>\\n447:<p class=\\\"nds-text css-175n91z e1yhcai00 appearance-body2Strong color-secondary weight-regular\\\" data-testid=\\\"desktop-user-menu-item-message-Guides\\\">Guides</p>\\n448:Guides\\n449:<a class=\\\"css-1isz5ne\\\" href=\\\"https://agreementservice.svs.nike.com/us/en_us/rest/agreement?agreementType=termsOfSale&uxId=com.nike.commerce.nikedotcom.web&country=US&language=en&requestType=redirect\\\" data-testid=\\\"link\\\">Terms of Sale</a>\\n450:<p class=\\\"nds-text css-170191f e1yhcai00 appearance-body2Strong color-primary weight-regular\\\">Terms of Sale</p>\\n451:Terms of Sale\\n452:<a class=\\\"css-1isz5ne\\\" href=\\\"https://agreementservice.svs.nike.com/us/en_us/rest/agreement?agreementType=termsOfUse&uxId=com.nike.commerce.nikedotcom.web&country=US&language=en&requestType=redirect\\\" data-testid=\\\"link\\\">Terms of Use</a>\\n453:<p class=\\\"nds-text css-170191f e1yhcai00 appearance-body2Strong color-primary weight-regular\\\">Terms of Use</p>\\n454:Terms of Use\\n455:<a class=\\\"css-1isz5ne\\\" href=\\\"https://agreementservice.svs.nike.com/rest/agreement?agreementType=privacyPolicy&uxId=com.nike.commerce.nikedotcom.web&country=US&language=en&requestType=redirect\\\" data-testid=\\\"link\\\">Nike Privacy Policy</a>\\n456:<p class=\\\"nds-text css-170191f e1yhcai00 appearance-body2Strong color-primary weight-regular\\\">Nike Privacy Policy</p>\\n457:Nike Privacy Policy\\n458:<a class=\\\"css-1isz5ne\\\" href=\\\"https://www.nike.com/guest/settings/do-not-share-my-data\\\" data-testid=\\\"link\\\">Your Privacy Choices</a>\\n459:<p class=\\\"nds-text css-170191f e1yhcai00 appearance-body2Strong color-primary weight-regular\\\">Your Privacy Choices</p>\\n460:Your Privacy Choices\\n461:<a class=\\\"css-1isz5ne\\\" href=\\\"https://about.nike.com/en/impact-resources/statement-on-forced-labor\\\" data-testid=\\\"link\\\">CA Supply Chains Act</a>\\n462:<p class=\\\"nds-text css-170191f e1yhcai00 appearance-body2Strong color-primary weight-regular\\\">CA Supply Chains Act</p>\\n463:CA Supply Chains Act\\n464:<a class=\\\"JSftBPEZ\\\" href=\\\"https://www.nike.com/retail\\\" aria-label=\\\"Find a Store\\\" data-analytics-action-id=\\\"8e0347d1-2a8f-4846-9ee1-437bb0f28447\\\">Find a Store</a>\\n465:Find a Store\\n466:<a class=\\\"JSftBPEZ\\\" href=\\\"https://www.nike.com/help\\\" aria-label=\\\"Help\\\" data-analytics-action-id=\\\"6260bfbf-bc64-403e-89a4-c83da67f9265\\\">Help</a>\\n467:Help\\n468:<a class=\\\"JSftBPEZ\\\" href=\\\"https://www.nike.com/membership\\\" aria-label=\\\"Join Us\\\" data-analytics-action-id=\\\"2e4dac95-0b1f-4051-bf1e-f49b66182b28\\\">Join Us</a>\\n469:Join Us\\n470:<a class=\\\"JSftBPEZ\\\" href=\\\"https://accounts.nike.com/lookup?client_id=4fd2d5e7db76e0f85a6bb56721bd51df&redirect_uri=https://www.nike.com/auth/login&response_type=code&scope=openid%20nike.digital%20profile%20email%20phone%20flow%20country&state=c07118da23994007bf8cf3a80ed5bf07&code_challenge=b_EJ1OFSBzs_OPL5rTE8pVBc8kddKnXtIgLvb0QNhS8&code_challenge_method=S256\\\" aria-label=\\\"Sign In\\\" data-analytics-action-id=\\\"c28ad23e-0412-45ca-b5c1-6e0a79975e96\\\">Sign In</a>\\n471:Sign In\\n472:Jordan 1\\n473:<a href=\\\"https://www.nike.com/w/air-max-dn-shoes-5ufejzy7ok\\\" data-analytics-action-id=\\\"9967fda9-8f30-4522-b770-1a4d46eeee9d\\\">Air Max Dn</a>\\n474:<span class=\\\"nds-text css-1rhjrcc e1yhcai00 appearance-body1Strong color-primary weight-regular\\\">Air Max Dn</span>\\n475:Air Max Dn\\n476:<a href=\\\"https://www.nike.com/w/zoom-vomero-shoes-7gee1zy7ok\\\" data-analytics-action-id=\\\"43635cce-3902-4c09-a1ee-c489c2bd472c\\\">Vomero</a>\\n477:<span class=\\\"nds-text css-1rhjrcc e1yhcai00 appearance-body1Strong color-primary weight-regular\\\">Vomero</span>\\n478:Vomero\\n479:Metcon\\n480:Air Max 270\\n481:Air Max 90\\n482:Blazer\\n483:Pegasus\\n484:Jordan Shoes\\n485:<a href=\\\"https://www.nike.com/w/running-shoes-37v7jzy7ok\\\" data-analytics-action-id=\\\"f5ee94e6-0425-41c3-b0e5-e4ed5353c0cf\\\">Running Shoes</a>\\n486:<span class=\\\"nds-text css-1rhjrcc e1yhcai00 appearance-body1Strong color-primary weight-regular\\\">Running Shoes</span>\\n487:Running Shoes\\n488:<a href=\\\"https://www.nike.com/w/basketball-shoes-3glsmzy7ok\\\" data-analytics-action-id=\\\"8a0c3cd1-333e-488f-bc31-3056b4f4953f\\\">Basketball Shoes</a>\\n489:<span class=\\\"nds-text css-1rhjrcc e1yhcai00 appearance-body1Strong color-primary weight-regular\\\">Basketball Shoes</span>\\n490:Basketball Shoes\\n491:Tennis Shoes\\n492:Training Shoes\\n493:Custom Shoes\\n494:Sale Shoes\\n495:Soccer Cleats\\n496:Tops & T-Shirts\\n497:<a href=\\\"https://www.nike.com/w/shorts-38fph\\\" data-analytics-action-id=\\\"5aeb399b-4bd2-4bf6-b29c-bc9501bba9cb\\\">Shorts</a>\\n498:<span class=\\\"nds-text css-1rhjrcc e1yhcai00 appearance-body1Strong color-primary weight-regular\\\">Shorts</span>\\n499:Shorts\\n500:<a href=\\\"https://www.nike.com/w/hoodies-and-pullovers-6rive\\\" data-analytics-action-id=\\\"8538e920-0041-43b8-89e4-331f046f6106\\\">Hoodies & Pullovers</a>\\n501:<span class=\\\"nds-text css-1rhjrcc e1yhcai00 appearance-body1Strong color-primary weight-regular\\\">Hoodies & Pullovers</span>\\n502:Hoodies & Pullovers\\n503:Joggers & Sweatpants\\n504:Sports Bras\\n505:Pants & Tights\\n506:Socks\\n507:Yoga\\n508:NikeLab\\n509:Plus Size\\n510:Big & Tall\\n511:Sale Clothing\\n512:Kids Shoes\\n513:<a href=\\\"https://www.nike.com/w/kids-basketball-shoes-3glsmzv4dhzy7ok\\\" data-analytics-action-id=\\\"087008aa-c191-491c-a20e-f832298d558a\\\">Kids Basketball Shoes</a>\\n514:<span class=\\\"nds-text css-1rhjrcc e1yhcai00 appearance-body1Strong color-primary weight-regular\\\">Kids Basketball Shoes</span>\\n515:Kids Basketball Shoes\\n516:<a href=\\\"https://www.nike.com/w/kids-running-shoes-37v7jzv4dhzy7ok\\\" data-analytics-action-id=\\\"d7230813-583c-40ff-a9f3-2a30ed541599\\\">Kids Running Shoes</a>\\n517:<span class=\\\"nds-text css-1rhjrcc e1yhcai00 appearance-body1Strong color-primary weight-regular\\\">Kids Running Shoes</span>\\n518:Kids Running Shoes\\n519:Kids Jordan Shoes\\n520:Kids Clothing\\n521:Kids Backpacks\\n522:Kids Socks\\n523:Kids Sale\\n\\n\"}],\"temperature\":0.1,\"top_p\":1,\"frequency_penalty\":0,\"presence_penalty\":0,\"response_model\":{\"name\":\"Verification\",\"schema\":{\"_def\":{\"unknownKeys\":\"strip\",\"catchall\":{\"_def\":{\"typeName\":\"ZodNever\"},\"~standard\":{\"version\":1,\"vendor\":\"zod\"}},\"typeName\":\"ZodObject\"},\"~standard\":{\"version\":1,\"vendor\":\"zod\"},\"_cached\":null}},\"requestId\":\"uy6jnvlul9\"}","type":"object"}}
2025-03-05T11:42:12.944Z::[stagehand:base_cache] Lock acquired 
2025-03-05T11:42:12.945Z::[stagehand:base_cache] Lock released 
2025-03-05T11:42:12.945Z::[stagehand:llm_cache] LLM cache hit - returning cached response {"cachedResponse":{"value":"{\"completed\":true}","type":"object"},"requestId":{"value":"uy6jnvlul9","type":"string"},"cacheOptions":{"value":"{\"model\":\"claude-3-5-sonnet-latest\",\"messages\":[{\"role\":\"system\",\"content\":\"\\nYou are a browser automation assistant. The job has given you a goal and a list of steps that have been taken so far. Your job is to determine if the user's goal has been completed based on the provided information.\\n\\n# Input\\nYou will receive:\\n1. The user's goal: A clear description of what the user wants to achieve.\\n2. Steps taken so far: A list of actions that have been performed up to this point.\\n\\n# Your Task\\nAnalyze the provided information to determine if the user's goal has been fully completed.\\n\\n# Output\\nReturn a boolean value:\\n- true: If the goal has been definitively completed based on the steps taken and the current page.\\n- false: If the goal has not been completed or if there's any uncertainty about its completion.\\n\\n# Important Considerations\\n- False positives are okay. False negatives are not okay.\\n- Look for evidence of errors on the page or something having gone wrong in completing the goal. If one does not exist, return true.\\n\"},{\"role\":\"user\",\"content\":\"\\n# My Goal\\nSelect 'United States' under 'Americas'\\n\\n# Steps You've Taken So Far\\n\\n## Step: Clicked on the 'United States' link under the Americas section\\n  Element: <a class=\\\"country-link\\\" href=\\\"https\\n  Action: click\\n  Reasoning: This directly accomplishes the goal of selecting United States as the location\\n  Result (Important): Page URL changed from https://www.nike.com/t/blazer-mid-77-vintage-mens-shoes-nw30B2/BQ6806-100 to https://www.nike.com/\\n\\n\\n\\n# Active DOM Elements on the current page\\n0:This is a modal window.\\n1:Sorry, your browser doesn't support embedded videos.\\n2:<div class=\\\"JP66kT9q _3v1GaHyH\\\" data-preview-wrapper=\\\"true\\\" data-qa=\\\"play-overlay\\\">Just InVOMERO 18Max cushioning for the ultimate ride.Shop</div>\\n3:Just In\\n4:VOMERO 18\\n5:Max cushioning for the ultimate ride.\\n6:Shop\\n7:<a class=\\\"_1GPQ9HJJ\\\" href=\\\"https://www.nike.com/w/running-shoes-37v7jzy7ok\\\" aria-label=\\\"Just In VOMERO 18\\\" data-qa=\\\"card-link\\\" data-analytics-action-id=\\\"553ec86e-657d-45bc-b077-fa4865b28887\\\"></a>\\n8:This is a modal window.\\n9:Sorry, your browser doesn't support embedded videos.\\n10:Sha’Carri Richardson\\n11:I RUN THIS.\\n12:Sha’Carri Richardson knows her place. It’s first.\\n13:Explore\\n14:Just In\\n15:Inspired by home.\\n16:Built for away.\\n17:Introducing the new NWSL Away Kit collection.\\n18:Shop\\n19:Style by Malik Nabers\\n20:Risk Taking,\\n21:Game Changing\\n22:\\\"I'm coming to the game dressed clean. It's just my football swag.\\\"\\n23:Shop\\n24:Tailored For All-Day Comfort\\n25:Nike 24.7 Collection\\n26:New polished looks with a luxurious feel.\\n27:Shop\\n28:<button class=\\\"FfpjR7o-\\\" aria-label=\\\"Pause carousel autoplay\\\" type=\\\"button\\\" data-qa=\\\"pause-btn\\\"></button>\\n29:<button class=\\\"_3kV1xjeG\\\" aria-label=\\\"Previous\\\" type=\\\"button\\\" data-qa=\\\"prev-btn\\\"></button>\\n30:<button class=\\\"_3kV1xjeG\\\" aria-label=\\\"Next\\\" type=\\\"button\\\" data-qa=\\\"next-btn\\\"></button>\\n31:Skip to main content\\n32:<a class=\\\"brand-link\\\" href=\\\"https://www.nike.com/jordan\\\" aria-label=\\\"Jordan\\\" data-testid=\\\"link\\\"></a>\\n33:<a class=\\\"brand-link\\\" href=\\\"https://www.nike.com/w/converse-akmjx\\\" aria-label=\\\"Converse\\\" data-testid=\\\"link\\\"></a>\\n34:<a class=\\\"interactive-profile-element\\\" href=\\\"https://www.nike.com/retail\\\" data-testid=\\\"link\\\">Find a Store</a>\\n35:<p class=\\\"nds-text css-t62sze e1yhcai00 appearance-body3Strong color-primary weight-regular\\\" data-testid=\\\"desktop-user-menu-item-message-0\\\">Find a Store</p>\\n36:Find a Store\\n37:<a class=\\\"interactive-profile-element\\\" href=\\\"https://www.nike.com/help\\\" data-testid=\\\"link\\\">Help</a>\\n38:<p class=\\\"nds-text css-t62sze e1yhcai00 appearance-body3Strong color-primary weight-regular\\\" data-testid=\\\"desktop-user-menu-item-message-1\\\">Help</p>\\n39:Help\\n40:<details class=\\\" css-1qehhq\\\">HelpOrder StatusShipping & DeliveryReturnsOrder CancellationSize ChartsContact UsMembershipPromotions & DiscountsProduct AdviceSend Us Feedback</details>\\n41:<a class=\\\"interactive-profile-element\\\" href=\\\"https://www.nike.com/membership\\\" data-testid=\\\"link\\\">Join Us</a>\\n42:<p class=\\\"nds-text css-t62sze e1yhcai00 appearance-body3Strong color-primary weight-regular\\\" data-testid=\\\"desktop-user-menu-item-message-2\\\">Join Us</p>\\n43:Join Us\\n44:<a class=\\\"interactive-profile-element profile-link\\\" href=\\\"https://www.nike.com/register\\\" data-testid=\\\"link\\\">Sign In</a>\\n45:<p class=\\\"nds-text css-t62sze e1yhcai00 appearance-body3Strong color-primary weight-regular\\\" data-testid=\\\"desktop-user-menu-item-message-3\\\">Sign In</p>\\n46:Sign In\\n47:<a class=\\\"swoosh-link\\\" href=\\\"https://www.nike.com\\\" aria-label=\\\"Nike Home Page\\\" data-testid=\\\"link\\\"></a>\\n48:<ul class=\\\"desktop-category\\\">NewFeaturedNew Arrivals Best SellersLatest DropsNew in Air Max: Dn8Vomero 18SNKRS Launch CalendarShop NewMenWomenKidsShop AllTrending24.7 CollectionNike Style BySo Win CollectionACG EssentialsRunning Shoe FinderMenNew New ArrivalsBest SellersLatest DropsNew in Air Max: Dn8Shop Latest Sale StylesShoesAll ShoesBasketballLifestyleJordanRetro RunningRunningTraining & GymShoes $100 & UnderClothingAll ClothingHoodies & Sweatshirts JordanJackets & VestsTracksuits24.7 CollectionPantsShortsTops & T-ShirtsAccessoriesBags & BackpacksHats & HeadwearSocksSunglassesBeltsShop By SportBaseballBasketballFan GearFootballGolfRunningTrack & FieldSoccerTennisTraining & GymWomenNew New ArrivalsBest SellersLatest DropsSo Win CollectionNew in Air Max: Dn8Shop Latest Sale StylesShop by ColorElemental PinkUniversity RedGame RoyalMink BrownBlack and SailShoesAll ShoesBasketballLifestyleJordanRetro RunningRunningTraining & GymShoes $100 & UnderClothingAll ClothingBrasHoodies & SweatshirtsLeggingsMatching Sets24.7 CollectionJackets & VestsPantsShortsTops & T-ShirtsAccessoriesBags & BackpacksHats & HeadwearSocksSunglassesBeltsShop By SportBasketballFan GearGolfRunningTrack & FieldTrainingSoccerTennisVolleyballKidsNew New ArrivalsBest SellersLatest DropsNew in Air Max: Dn8Shop Latest Sale StylesShoes by AgeBig Kids (1Y - 7Y)Little Kids (8C - 3Y)Baby & Toddler (1C - 10C)TeenAll ShoesBasketballLifestyleJordanRetro RunningRunningClothing by AgeBig Kids (XS - XL)Little Kids (4 - 7)Baby & Toddler (0M - 4T)TeenAll ClothingBrasHoodies & SweatshirtsJordanMatching SetsJackets & VestsPants & TightsShortsTops & T-ShirtsAccessoriesBags & BackpacksHats & HeadwearSocksSunglassesBeltsShop By SportBasketballGymnasticsFan GearFootballRunningSoccerJordanNewNew ArrivalsBest SellersShop Latest Sale StylesCollectionsJordan Heat CheckJordan FleeceJordan Sleeper PicksColors of the SeasonMenShop AllShoesAJ1ClothingBasketballWomenShop AllShoesAJ1ClothingBasketballKidsShop AllShoesAJ1ClothingBasketballBig KidsLittle KidsBaby & ToddlerAccessoriesShop AllBags & BackpacksHats & Headwear</ul>\\n49:<a class=\\\"menu-hover-trigger-link\\\" href=\\\"https://www.nike.com/w/new-3n82y\\\" data-testid=\\\"link\\\">New</a>\\n50:New\\n51:<details class=\\\" css-1qehhq\\\">FeaturedNew Arrivals Best SellersLatest DropsNew in Air Max: Dn8Vomero 18SNKRS Launch CalendarShop NewMenWomenKidsShop AllTrending24.7 CollectionNike Style BySo Win CollectionACG EssentialsRunning Shoe Finder</details>\\n52:<a class=\\\"menu-hover-trigger-link\\\" href=\\\"https://www.nike.com/men\\\" data-testid=\\\"link\\\">Men</a>\\n53:Men\\n54:<details class=\\\" css-1qehhq\\\">New New ArrivalsBest SellersLatest DropsNew in Air Max: Dn8Shop Latest Sale StylesShoesAll ShoesBasketballLifestyleJordanRetro RunningRunningTraining & GymShoes $100 & UnderClothingAll ClothingHoodies & Sweatshirts JordanJackets & VestsTracksuits24.7 CollectionPantsShortsTops & T-ShirtsAccessoriesBags & BackpacksHats & HeadwearSocksSunglassesBeltsShop By SportBaseballBasketballFan GearFootballGolfRunningTrack & FieldSoccerTennisTraining & Gym</details>\\n55:<a class=\\\"menu-hover-trigger-link\\\" href=\\\"https://www.nike.com/women\\\" data-testid=\\\"link\\\">Women</a>\\n56:Women\\n57:<details class=\\\" css-1qehhq\\\">New New ArrivalsBest SellersLatest DropsSo Win CollectionNew in Air Max: Dn8Shop Latest Sale StylesShop by ColorElemental PinkUniversity RedGame RoyalMink BrownBlack and SailShoesAll ShoesBasketballLifestyleJordanRetro RunningRunningTraining & GymShoes $100 & UnderClothingAll ClothingBrasHoodies & SweatshirtsLeggingsMatching Sets24.7 CollectionJackets & VestsPantsShortsTops & T-ShirtsAccessoriesBags & BackpacksHats & HeadwearSocksSunglassesBeltsShop By SportBasketballFan GearGolfRunningTrack & FieldTrainingSoccerTennisVolleyball</details>\\n58:<a class=\\\"menu-hover-trigger-link\\\" href=\\\"https://www.nike.com/kids\\\" data-testid=\\\"link\\\">Kids</a>\\n59:Kids\\n60:<details class=\\\" css-1qehhq\\\">New New ArrivalsBest SellersLatest DropsNew in Air Max: Dn8Shop Latest Sale StylesShoes by AgeBig Kids (1Y - 7Y)Little Kids (8C - 3Y)Baby & Toddler (1C - 10C)TeenAll ShoesBasketballLifestyleJordanRetro RunningRunningClothing by AgeBig Kids (XS - XL)Little Kids (4 - 7)Baby & Toddler (0M - 4T)TeenAll ClothingBrasHoodies & SweatshirtsJordanMatching SetsJackets & VestsPants & TightsShortsTops & T-ShirtsAccessoriesBags & BackpacksHats & HeadwearSocksSunglassesBeltsShop By SportBasketballGymnasticsFan GearFootballRunningSoccer</details>\\n61:<a class=\\\"menu-hover-trigger-link\\\" href=\\\"https://www.nike.com/jordan\\\" data-testid=\\\"link\\\">Jordan</a>\\n62:Jordan\\n63:<details class=\\\" css-1qehhq\\\">NewNew ArrivalsBest SellersShop Latest Sale StylesCollectionsJordan Heat CheckJordan FleeceJordan Sleeper PicksColors of the SeasonMenShop AllShoesAJ1ClothingBasketballWomenShop AllShoesAJ1ClothingBasketballKidsShop AllShoesAJ1ClothingBasketballBig KidsLittle KidsBaby & ToddlerAccessoriesShop AllBags & BackpacksHats & Headwear</details>\\n64:<button id=\\\"nav-search-icon\\\" class=\\\"nds-btn nds-button--icon-only search-start-btn css-1pto8ls ex41m6f0 btn-secondary-dark \\\" aria-label=\\\"Search\\\" type=\\\"button\\\"></button>\\n65:<input id=\\\"gn-search-input\\\" class=\\\"search-input\\\" aria-label=\\\"Search Products\\\" type=\\\"search\\\"></input>\\n66:<a class=\\\"nds-btn nds-button--icon-only nav-favorites css-q24gly ex41m6f0 btn-primary-dark \\\" href=\\\"https://www.nike.com/favorites\\\" aria-label=\\\"Favorites\\\" data-testid=\\\"favorite-button\\\"></a>\\n67:<a class=\\\"nds-btn nds-button--icon-only nav-bag-icon css-17i884h ex41m6f0 btn-primary-light \\\" href=\\\"https://www.nike.com/cart\\\" aria-label=\\\"Bag Items: 0\\\"></a>\\n68:Max cushioning for the ultimate ride.\\n69:Shop\\n70:Sha’Carri Richardson knows her place. It’s first.\\n71:Explore\\n72:Introducing the new NWSL Away Kit collection.\\n73:Shop\\n74:\\\"I'm coming to the game dressed clean. It's just my football swag.\\\"\\n75:Shop\\n76:New polished looks with a luxurious feel.\\n77:Shop\\n78:<button class=\\\"FfpjR7o-\\\" aria-label=\\\"Pause carousel autoplay\\\" type=\\\"button\\\" data-qa=\\\"pause-btn\\\"></button>\\n79:<button class=\\\"_3kV1xjeG\\\" aria-label=\\\"Previous\\\" type=\\\"button\\\" data-qa=\\\"prev-btn\\\"></button>\\n80:<button class=\\\"_3kV1xjeG\\\" aria-label=\\\"Next\\\" type=\\\"button\\\" data-qa=\\\"next-btn\\\"></button>\\n81:<button class=\\\"nds-btn inline-flx-btn dz_xjzja _2minRfAM bihGx79a _3p27lmat css-vhpoxs ex41m6f0 btn-primary-light \\\" aria-label=\\\"Shop Running\\\" type=\\\"button\\\" data-actiontext=\\\"Shop Running\\\" data-analytics-action-id=\\\"f88aff30-8eda-4909-a53f-b2678e625b11\\\" data-analytics-allow=\\\"false\\\" data-button-type=\\\"stacked_cta\\\" data-qa=\\\"cta-button\\\" data-qa-card-id=\\\"47da22b8-9b8a-4ee9-bb7c-20c4eeeeee95\\\">Shop Running</button>\\n82:Shop Running\\n83:<a class=\\\"_1GPQ9HJJ\\\" href=\\\"https://www.nike.com/w/running-37v7j\\\" aria-label=\\\" \\\" data-qa=\\\"card-link\\\" data-analytics-action-id=\\\"081e1837-accb-420a-bf07-5993da40a40a\\\"></a>\\n84:Vini Jr., Brazil National Team Forward\\n85:<button class=\\\"nds-btn inline-flx-btn dz_xjzja _2minRfAM bihGx79a _3p27lmat css-vhpoxs ex41m6f0 btn-primary-light \\\" aria-label=\\\"Shop Soccer\\\" type=\\\"button\\\" data-actiontext=\\\"Shop Soccer\\\" data-analytics-action-id=\\\"081236ed-85e4-4467-a21d-c86dab7223aa\\\" data-analytics-allow=\\\"false\\\" data-button-type=\\\"stacked_cta\\\" data-qa=\\\"cta-button\\\" data-qa-card-id=\\\"31d1a820-1444-452c-8001-614511f17343\\\">Shop Soccer</button>\\n86:Shop Soccer\\n87:<a class=\\\"_1GPQ9HJJ\\\" href=\\\"https://www.nike.com/w/soccer-1gdj0\\\" aria-label=\\\" \\\" data-qa=\\\"card-link\\\" data-analytics-action-id=\\\"602bfd05-849f-4ac3-9204-a0a261da4842\\\"></a>\\n88:<button class=\\\"nds-btn inline-flx-btn dz_xjzja _2minRfAM bihGx79a _3p27lmat css-vhpoxs ex41m6f0 btn-primary-light \\\" aria-label=\\\"Shop Basketball\\\" type=\\\"button\\\" data-actiontext=\\\"Shop Basketball\\\" data-analytics-action-id=\\\"de42fd13-742e-4821-a0de-07ded0fbff03\\\" data-analytics-allow=\\\"false\\\" data-button-type=\\\"stacked_cta\\\" data-qa=\\\"cta-button\\\" data-qa-card-id=\\\"5e6538c1-b438-4985-a1b8-a20576501dac\\\">Shop Basketball</button>\\n89:Shop Basketball\\n90:<a class=\\\"_1GPQ9HJJ\\\" href=\\\"https://www.nike.com/w/basketball-3glsm\\\" aria-label=\\\" \\\" data-qa=\\\"card-link\\\" data-analytics-action-id=\\\"bfb458b3-de3b-4f78-8137-a52ffb12080b\\\"></a>\\n91:Coming Soon\\n92:<button class=\\\"nds-btn inline-flx-btn dz_xjzja _2minRfAM bihGx79a _3p27lmat css-vhpoxs ex41m6f0 btn-primary-light \\\" aria-label=\\\"Shop Running\\\" type=\\\"button\\\" data-actiontext=\\\"Shop Running\\\" data-analytics-action-id=\\\"f88aff30-8eda-4909-a53f-b2678e625b11\\\" data-analytics-allow=\\\"false\\\" data-button-type=\\\"stacked_cta\\\" data-qa=\\\"cta-button\\\" data-qa-card-id=\\\"47da22b8-9b8a-4ee9-bb7c-20c4eeeeee95\\\">Shop Running</button>\\n93:Shop Running\\n94:<button class=\\\"nds-btn inline-flx-btn dz_xjzja _2minRfAM bihGx79a _3p27lmat css-vhpoxs ex41m6f0 btn-primary-light \\\" aria-label=\\\"Shop Soccer\\\" type=\\\"button\\\" data-actiontext=\\\"Shop Soccer\\\" data-analytics-action-id=\\\"081236ed-85e4-4467-a21d-c86dab7223aa\\\" data-analytics-allow=\\\"false\\\" data-button-type=\\\"stacked_cta\\\" data-qa=\\\"cta-button\\\" data-qa-card-id=\\\"31d1a820-1444-452c-8001-614511f17343\\\">Shop Soccer</button>\\n95:Shop Soccer\\n96:<button class=\\\"nds-btn inline-flx-btn dz_xjzja _2minRfAM bihGx79a _3p27lmat css-vhpoxs ex41m6f0 btn-primary-light \\\" aria-label=\\\"Shop Basketball\\\" type=\\\"button\\\" data-actiontext=\\\"Shop Basketball\\\" data-analytics-action-id=\\\"de42fd13-742e-4821-a0de-07ded0fbff03\\\" data-analytics-allow=\\\"false\\\" data-button-type=\\\"stacked_cta\\\" data-qa=\\\"cta-button\\\" data-qa-card-id=\\\"5e6538c1-b438-4985-a1b8-a20576501dac\\\">Shop Basketball</button>\\n97:Shop Basketball\\n98:<a class=\\\"_1GPQ9HJJ\\\" href=\\\"https://www.nike.com/w/style-your-air-149wq\\\" aria-label=\\\"Coming Soon AIR MAX DN8\\\" data-qa=\\\"card-link\\\" data-analytics-action-id=\\\"92e57b80-dd2d-4ab6-9a67-84d731bb36fc\\\"></a>\\n99:Coming Soon\\n100:AIR MAX DN8\\n101:Introducing the next chapter of Dynamic Air.\\n102:Releasing March 6th.\\n103:<a class=\\\"nds-btn inline-flx-btn dz_xjzja _2minRfAM bihGx79a _4EfJ5rYM css-1k7g084 ex41m6f0 btn-primary-dark \\\" href=\\\"https://www.nike.com/w/style-your-air-149wq\\\" aria-label=\\\" Explore\\\" type=\\\"button\\\" data-actiontext=\\\" Explore\\\" data-analytics-action-id=\\\"462ac32f-cae5-4a57-9c23-da734e8bfcee\\\" data-analytics-allow=\\\"false\\\" data-button-type=\\\"button\\\" data-qa=\\\"cta-button\\\">Explore</a>\\n104:Explore\\n105:<a class=\\\"_1GPQ9HJJ\\\" href=\\\"https://www.nike.com/w/style-your-air-149wq\\\" aria-label=\\\"Nike. Just Do It\\\" data-qa=\\\"card-link\\\" data-analytics-action-id=\\\"bcb25c44-d914-4383-abfd-78bf8eb7ed8b\\\" data-qa-card-id=\\\"251ff2cd-2bd7-49a0-a492-1708851d1f87\\\"></a>\\n106:<h2 id=\\\"title-45683e86-bb61-4bdd-9268-e8a9d7e9c660_0\\\" class=\\\"nds-text _zLh0ZOZ _2PzKMD0A _1MF91zHG css-p135zs e1yhcai00 appearance-display4 color-var(--podium-cds-color-text-primary) weight-medium uppercase\\\" data-qa=\\\"title\\\">Shop By Classics</h2>\\n107:Shop By Classics\\n108:1/7\\n109:<a class=\\\"_1GPQ9HJJ\\\" href=\\\"https://www.nike.com/w/air-max-shoes-a6d8hzy7ok\\\" aria-label=\\\"Air Max\\\" data-qa=\\\"card-link\\\" data-analytics-action-id=\\\"66298ab8-32fb-414c-a6dd-6a0329cb8155\\\"></a>\\n110:<a class=\\\"_1GPQ9HJJ\\\" href=\\\"https://www.nike.com/w/blazer-shoes-9gw3azy7ok\\\" aria-label=\\\"Nike Blazer\\\" data-qa=\\\"card-link\\\" data-analytics-action-id=\\\"8c620610-2007-4c45-883a-731bb6d3ea71\\\"></a>\\n111:1\\n112:/\\n113:7\\n114:<a class=\\\"_1GPQ9HJJ\\\" href=\\\"https://www.nike.com/w/jordan-1-shoes-4fokyzy7ok\\\" aria-label=\\\"Air Jordan 1\\\" data-qa=\\\"card-link\\\" data-analytics-action-id=\\\"128f91ff-18a7-4a2e-ab40-509334ba7309\\\"></a>\\n115:<a class=\\\"_1GPQ9HJJ\\\" href=\\\"https://www.nike.com/w/dunk-shoes-90aohzy7ok\\\" aria-label=\\\"Dunk\\\" data-qa=\\\"card-link\\\" data-analytics-action-id=\\\"31c9aa09-e2bf-4446-94a1-ecfabe896500\\\"></a>\\n116:<a class=\\\"_1GPQ9HJJ\\\" href=\\\"https://www.nike.com/w/air-force-1-shoes-5sj3yzy7ok\\\" aria-label=\\\"Air Force 1\\\" data-qa=\\\"card-link\\\" data-analytics-action-id=\\\"3b8c5b19-ba76-45b3-bcef-954dba3dedb6\\\"></a>\\n117:1/7\\n118:<div class=\\\"swiper-button-prev\\\" aria-label=\\\"Previous slide\\\"></div>\\n119:<div class=\\\"swiper-button-next\\\" aria-label=\\\"Next slide\\\"></div>\\n120:1/7\\n121:Air Jordan 1\\n122:<a class=\\\"_1GPQ9HJJ\\\" href=\\\"https://www.nike.com/w/air-max-shoes-a6d8hzy7ok\\\" aria-label=\\\"Air Max\\\" data-qa=\\\"card-link\\\" data-analytics-action-id=\\\"66298ab8-32fb-414c-a6dd-6a0329cb8155\\\"></a>\\n123:<a class=\\\"_1GPQ9HJJ\\\" href=\\\"https://www.nike.com/w/blazer-shoes-9gw3azy7ok\\\" aria-label=\\\"Nike Blazer\\\" data-qa=\\\"card-link\\\" data-analytics-action-id=\\\"8c620610-2007-4c45-883a-731bb6d3ea71\\\"></a>\\n124:1\\n125:/\\n126:7\\n127:Air Jordan 1\\n128:<a class=\\\"_1GPQ9HJJ\\\" href=\\\"https://www.nike.com/w/jordan-1-shoes-4fokyzy7ok\\\" aria-label=\\\"Air Jordan 1\\\" data-qa=\\\"card-link\\\" data-analytics-action-id=\\\"128f91ff-18a7-4a2e-ab40-509334ba7309\\\"></a>\\n129:<a class=\\\"_1GPQ9HJJ\\\" href=\\\"https://www.nike.com/w/dunk-shoes-90aohzy7ok\\\" aria-label=\\\"Dunk\\\" data-qa=\\\"card-link\\\" data-analytics-action-id=\\\"31c9aa09-e2bf-4446-94a1-ecfabe896500\\\"></a>\\n130:<a class=\\\"_1GPQ9HJJ\\\" href=\\\"https://www.nike.com/w/air-force-1-shoes-5sj3yzy7ok\\\" aria-label=\\\"Air Force 1\\\" data-qa=\\\"card-link\\\" data-analytics-action-id=\\\"3b8c5b19-ba76-45b3-bcef-954dba3dedb6\\\"></a>\\n131:1/7\\n132:Air Jordan 1\\n133:<div class=\\\"swiper-button-prev\\\" aria-label=\\\"Previous slide\\\"></div>\\n134:<div class=\\\"swiper-button-next\\\" aria-label=\\\"Next slide\\\"></div>\\n135:<a class=\\\"JSftBPEZ\\\" href=\\\"https://www.nike.com/retail\\\" aria-label=\\\"Find a Store\\\" data-analytics-action-id=\\\"8e0347d1-2a8f-4846-9ee1-437bb0f28447\\\">Find a Store</a>\\n136:Find a Store\\n137:<a class=\\\"JSftBPEZ\\\" href=\\\"https://www.nike.com/help\\\" aria-label=\\\"Help\\\" data-analytics-action-id=\\\"6260bfbf-bc64-403e-89a4-c83da67f9265\\\">Help</a>\\n138:Help\\n139:<a class=\\\"JSftBPEZ\\\" href=\\\"https://www.nike.com/membership\\\" aria-label=\\\"Join Us\\\" data-analytics-action-id=\\\"2e4dac95-0b1f-4051-bf1e-f49b66182b28\\\">Join Us</a>\\n140:Join Us\\n141:<a class=\\\"JSftBPEZ\\\" href=\\\"https://accounts.nike.com/lookup?client_id=4fd2d5e7db76e0f85a6bb56721bd51df&redirect_uri=https://www.nike.com/auth/login&response_type=code&scope=openid%20nike.digital%20profile%20email%20phone%20flow%20country&state=c07118da23994007bf8cf3a80ed5bf07&code_challenge=b_EJ1OFSBzs_OPL5rTE8pVBc8kddKnXtIgLvb0QNhS8&code_challenge_method=S256\\\" aria-label=\\\"Sign In\\\" data-analytics-action-id=\\\"c28ad23e-0412-45ca-b5c1-6e0a79975e96\\\">Sign In</a>\\n142:Sign In\\n143:Featured\\n144:<a href=\\\"https://www.nike.com/w/air-force-1-shoes-5sj3yzy7ok\\\" data-analytics-action-id=\\\"917bb34c-32f7-472a-8d2d-c7452a4ebf65\\\">Air Force 1</a>\\n145:<span class=\\\"nds-text css-1rhjrcc e1yhcai00 appearance-body1Strong color-primary weight-regular\\\">Air Force 1</span>\\n146:Air Force 1\\n147:<a href=\\\"https://www.nike.com/w/jordan-1-shoes-4fokyzy7ok\\\" data-analytics-action-id=\\\"60366ee9-e529-446c-b1a9-40f6e5928a08\\\">Jordan 1</a>\\n148:<span class=\\\"nds-text css-1rhjrcc e1yhcai00 appearance-body1Strong color-primary weight-regular\\\">Jordan 1</span>\\n149:Jordan 1\\n150:<a href=\\\"https://www.nike.com/w/air-max-dn-shoes-5ufejzy7ok\\\" data-analytics-action-id=\\\"9967fda9-8f30-4522-b770-1a4d46eeee9d\\\">Air Max Dn</a>\\n151:<span class=\\\"nds-text css-1rhjrcc e1yhcai00 appearance-body1Strong color-primary weight-regular\\\">Air Max Dn</span>\\n152:Air Max Dn\\n153:Shoes\\n154:<a href=\\\"https://www.nike.com/w/shoes-y7ok\\\" data-analytics-action-id=\\\"be303154-3cca-4ced-8d81-c4072dbbf39e\\\">All Shoes</a>\\n155:<span class=\\\"nds-text css-1rhjrcc e1yhcai00 appearance-body1Strong color-primary weight-regular\\\">All Shoes</span>\\n156:All Shoes\\n157:<a href=\\\"https://www.nike.com/w/jordan-shoes-37eefzy7ok\\\" data-analytics-action-id=\\\"715c0928-01e1-43d7-8cfb-2699f8e4a38a\\\">Jordan Shoes</a>\\n158:<span class=\\\"nds-text css-1rhjrcc e1yhcai00 appearance-body1Strong color-primary weight-regular\\\">Jordan Shoes</span>\\n159:Jordan Shoes\\n160:<a href=\\\"https://www.nike.com/w/running-shoes-37v7jzy7ok\\\" data-analytics-action-id=\\\"f5ee94e6-0425-41c3-b0e5-e4ed5353c0cf\\\">Running Shoes</a>\\n161:<span class=\\\"nds-text css-1rhjrcc e1yhcai00 appearance-body1Strong color-primary weight-regular\\\">Running Shoes</span>\\n162:Running Shoes\\n163:Clothing\\n164:<a href=\\\"https://www.nike.com/w/clothing-6ymx6\\\" data-analytics-action-id=\\\"b09c1b45-ccda-4149-b77f-5723436f6229\\\">All Clothing</a>\\n165:<span class=\\\"nds-text css-1rhjrcc e1yhcai00 appearance-body1Strong color-primary weight-regular\\\">All Clothing</span>\\n166:All Clothing\\n167:<a href=\\\"https://www.nike.com/w/tops-t-shirts-9om13\\\" data-analytics-action-id=\\\"cfd90fa7-79a2-4c52-b46f-b94fac5a7543\\\">Tops & T-Shirts</a>\\n168:<span class=\\\"nds-text css-1rhjrcc e1yhcai00 appearance-body1Strong color-primary weight-regular\\\">Tops & T-Shirts</span>\\n169:Tops & T-Shirts\\n170:<a href=\\\"https://www.nike.com/w/shorts-38fph\\\" data-analytics-action-id=\\\"5aeb399b-4bd2-4bf6-b29c-bc9501bba9cb\\\">Shorts</a>\\n171:<span class=\\\"nds-text css-1rhjrcc e1yhcai00 appearance-body1Strong color-primary weight-regular\\\">Shorts</span>\\n172:Shorts\\n173:Kids\\n174:<a href=\\\"https://www.nike.com/w/baby-toddler-kids-shoes-2j488zv4dhzy7ok\\\" data-analytics-action-id=\\\"1f89cee8-60d6-4471-bb8a-a759ef85d237\\\">Infant & Toddler Shoes</a>\\n175:<span class=\\\"nds-text css-1rhjrcc e1yhcai00 appearance-body1Strong color-primary weight-regular\\\">Infant & Toddler Shoes</span>\\n176:Infant & Toddler Shoes\\n177:<a href=\\\"https://www.nike.com/w/kids-shoes-v4dhzy7ok\\\" data-analytics-action-id=\\\"810b6a07-9b0c-4003-abf4-a5fc8a21973d\\\">Kids Shoes</a>\\n178:<span class=\\\"nds-text css-1rhjrcc e1yhcai00 appearance-body1Strong color-primary weight-regular\\\">Kids Shoes</span>\\n179:Kids Shoes\\n180:<a href=\\\"https://www.nike.com/w/kids-basketball-shoes-3glsmzv4dhzy7ok\\\" data-analytics-action-id=\\\"087008aa-c191-491c-a20e-f832298d558a\\\">Kids Basketball Shoes</a>\\n181:<span class=\\\"nds-text css-1rhjrcc e1yhcai00 appearance-body1Strong color-primary weight-regular\\\">Kids Basketball Shoes</span>\\n182:Kids Basketball Shoes\\n183:<h2 class=\\\"css-1twugl3\\\" data-testid=\\\"footer-menu-col-0-header\\\">Resources</h2>\\n184:Resources\\n185:<a class=\\\"footer-link\\\" href=\\\"https://www.nike.com/gift-cards\\\" data-testid=\\\"footer-menu-col-0-child-0\\\">Gift Cards</a>\\n186:<p class=\\\"nds-text footer-link css-xrit3w e1yhcai00 appearance-body3Strong color-secondary weight-regular\\\">Gift Cards</p>\\n187:Gift Cards\\n188:<a class=\\\"footer-link\\\" href=\\\"https://www.nike.com/retail\\\" data-testid=\\\"footer-menu-col-0-child-1\\\">Find a Store</a>\\n189:<p class=\\\"nds-text footer-link css-xrit3w e1yhcai00 appearance-body3Strong color-secondary weight-regular\\\">Find a Store</p>\\n190:Find a Store\\n191:<a class=\\\"footer-link\\\" href=\\\"https://www.nike.com/membership\\\" data-testid=\\\"footer-menu-col-0-child-2\\\">Membership</a>\\n192:<p class=\\\"nds-text footer-link css-xrit3w e1yhcai00 appearance-body3Strong color-secondary weight-regular\\\">Membership</p>\\n193:Membership\\n194:<a class=\\\"footer-link\\\" href=\\\"https://www.nike.com/stories\\\" data-testid=\\\"footer-menu-col-0-child-3\\\">Nike Journal</a>\\n195:<p class=\\\"nds-text footer-link css-xrit3w e1yhcai00 appearance-body3Strong color-secondary weight-regular\\\">Nike Journal</p>\\n196:Nike Journal\\n197:<a class=\\\"footer-link\\\" href=\\\"#site-feedback\\\" data-testid=\\\"footer-menu-col-0-child-4\\\">Site Feedback</a>\\n198:<p class=\\\"nds-text footer-link css-xrit3w e1yhcai00 appearance-body3Strong color-secondary weight-regular\\\">Site Feedback</p>\\n199:Site Feedback\\n200:<h2 class=\\\"css-1twugl3\\\" data-testid=\\\"footer-menu-col-1-header\\\">Help</h2>\\n201:Help\\n202:<a class=\\\"footer-link\\\" href=\\\"https://www.nike.com/help\\\" data-testid=\\\"footer-menu-col-1-child-0\\\">Get Help</a>\\n203:<p class=\\\"nds-text footer-link css-xrit3w e1yhcai00 appearance-body3Strong color-secondary weight-regular\\\">Get Help</p>\\n204:Get Help\\n205:<a class=\\\"footer-link\\\" href=\\\"https://www.nike.com/orders/details/\\\" data-testid=\\\"footer-menu-col-1-child-1\\\">Order Status</a>\\n206:<p class=\\\"nds-text footer-link css-xrit3w e1yhcai00 appearance-body3Strong color-secondary weight-regular\\\">Order Status</p>\\n207:Order Status\\n208:<a class=\\\"footer-link\\\" href=\\\"https://www.nike.com/help/a/shipping-delivery\\\" data-testid=\\\"footer-menu-col-1-child-2\\\">Shipping and Delivery</a>\\n209:<p class=\\\"nds-text footer-link css-xrit3w e1yhcai00 appearance-body3Strong color-secondary weight-regular\\\">Shipping and Delivery</p>\\n210:Shipping and Delivery\\n211:<a class=\\\"footer-link\\\" href=\\\"https://www.nike.com/help/a/returns-policy\\\" data-testid=\\\"footer-menu-col-1-child-3\\\">Returns</a>\\n212:<p class=\\\"nds-text footer-link css-xrit3w e1yhcai00 appearance-body3Strong color-secondary weight-regular\\\">Returns</p>\\n213:Returns\\n214:<a class=\\\"footer-link\\\" href=\\\"https://www.nike.com/help/a/change-cancel-order\\\" data-testid=\\\"footer-menu-col-1-child-4\\\">Order Cancellation</a>\\n215:<p class=\\\"nds-text footer-link css-xrit3w e1yhcai00 appearance-body3Strong color-secondary weight-regular\\\">Order Cancellation</p>\\n216:Order Cancellation\\n217:<a class=\\\"footer-link\\\" href=\\\"https://www.nike.com/help/a/payment-options\\\" data-testid=\\\"footer-menu-col-1-child-5\\\">Payment Options</a>\\n218:<p class=\\\"nds-text footer-link css-xrit3w e1yhcai00 appearance-body3Strong color-secondary weight-regular\\\">Payment Options</p>\\n219:Payment Options\\n220:<a class=\\\"footer-link\\\" href=\\\"https://www.nike.com/orders/gift-card-lookup\\\" data-testid=\\\"footer-menu-col-1-child-6\\\">Gift Card Balance</a>\\n221:<p class=\\\"nds-text footer-link css-xrit3w e1yhcai00 appearance-body3Strong color-secondary weight-regular\\\">Gift Card Balance</p>\\n222:Gift Card Balance\\n223:<a class=\\\"footer-link\\\" href=\\\"https://www.nike.com/help/#contact\\\" data-testid=\\\"footer-menu-col-1-child-7\\\">Contact Us</a>\\n224:<p class=\\\"nds-text footer-link css-xrit3w e1yhcai00 appearance-body3Strong color-secondary weight-regular\\\">Contact Us</p>\\n225:Contact Us\\n226:<h2 class=\\\"css-1twugl3\\\" data-testid=\\\"footer-menu-col-2-header\\\">Company</h2>\\n227:Company\\n228:<a class=\\\"footer-link\\\" href=\\\"https://about.nike.com/en\\\" data-testid=\\\"footer-menu-col-2-child-0\\\">About Nike</a>\\n229:<p class=\\\"nds-text footer-link css-xrit3w e1yhcai00 appearance-body3Strong color-secondary weight-regular\\\">About Nike</p>\\n230:About Nike\\n231:<a class=\\\"footer-link\\\" href=\\\"http://news.nike.com/\\\" data-testid=\\\"footer-menu-col-2-child-1\\\">News</a>\\n232:<p class=\\\"nds-text footer-link css-xrit3w e1yhcai00 appearance-body3Strong color-secondary weight-regular\\\">News</p>\\n233:News\\n234:<a class=\\\"footer-link\\\" href=\\\"https://careers.nike.com/\\\" data-testid=\\\"footer-menu-col-2-child-2\\\">Careers</a>\\n235:<p class=\\\"nds-text footer-link css-xrit3w e1yhcai00 appearance-body3Strong color-secondary weight-regular\\\">Careers</p>\\n236:Careers\\n237:<a class=\\\"footer-link\\\" href=\\\"http://investors.nike.com/\\\" data-testid=\\\"footer-menu-col-2-child-3\\\">Investors</a>\\n238:<p class=\\\"nds-text footer-link css-xrit3w e1yhcai00 appearance-body3Strong color-secondary weight-regular\\\">Investors</p>\\n239:Investors\\n240:<a class=\\\"footer-link\\\" href=\\\"https://purpose.nike.com/\\\" data-testid=\\\"footer-menu-col-2-child-4\\\">Purpose</a>\\n241:<p class=\\\"nds-text footer-link css-xrit3w e1yhcai00 appearance-body3Strong color-secondary weight-regular\\\">Purpose</p>\\n242:Purpose\\n243:<a class=\\\"footer-link\\\" href=\\\"https://www.nike.com/sustainability\\\" data-testid=\\\"footer-menu-col-2-child-5\\\">Sustainability</a>\\n244:<p class=\\\"nds-text footer-link css-xrit3w e1yhcai00 appearance-body3Strong color-secondary weight-regular\\\">Sustainability</p>\\n245:Sustainability\\n246:<a class=\\\"footer-header\\\" href=\\\"https://www.nike.com/promo-code\\\" data-testid=\\\"footer-menu-col-3-header\\\">Promotions & Discounts</a>\\n247:<p class=\\\"nds-text footer-header css-xrit3w e1yhcai00 appearance-body3Strong color-secondary weight-regular\\\">Promotions & Discounts</p>\\n248:Promotions & Discounts\\n249:<a class=\\\"footer-link\\\" href=\\\"https://www.nike.com/help/a/student-discount\\\" data-testid=\\\"footer-menu-col-3-child-0\\\">Student</a>\\n250:<p class=\\\"nds-text footer-link css-xrit3w e1yhcai00 appearance-body3Strong color-secondary weight-regular\\\">Student</p>\\n251:Student\\n252:<a class=\\\"footer-link\\\" href=\\\"https://www.nike.com/help/a/military-discount\\\" data-testid=\\\"footer-menu-col-3-child-1\\\">Military</a>\\n253:<p class=\\\"nds-text footer-link css-xrit3w e1yhcai00 appearance-body3Strong color-secondary weight-regular\\\">Military</p>\\n254:Military\\n255:<a class=\\\"footer-link\\\" href=\\\"https://www.nike.com/help/a/teacher-discount\\\" data-testid=\\\"footer-menu-col-3-child-2\\\">Teacher</a>\\n256:<p class=\\\"nds-text footer-link css-xrit3w e1yhcai00 appearance-body3Strong color-secondary weight-regular\\\">Teacher</p>\\n257:Teacher\\n258:<a class=\\\"footer-link\\\" href=\\\"https://www.nike.com/help/a/first-responder-discount\\\" data-testid=\\\"footer-menu-col-3-child-3\\\">First Responders & Medical Professionals</a>\\n259:<p class=\\\"nds-text footer-link css-xrit3w e1yhcai00 appearance-body3Strong color-secondary weight-regular\\\">First Responders & Medical Professionals</p>\\n260:First Responders & Medical Professionals\\n261:<a class=\\\"footer-link\\\" href=\\\"https://www.nike.com/help/a/birthday-terms-promo\\\" data-testid=\\\"footer-menu-col-3-child-4\\\">Birthday</a>\\n262:<p class=\\\"nds-text footer-link css-xrit3w e1yhcai00 appearance-body3Strong color-secondary weight-regular\\\">Birthday</p>\\n263:Birthday\\n264:<button class=\\\"nds-btn css-x8wy1 ex41m6f0 cta-primary-dark  btn-responsive\\\" aria-label=\\\"Selected Location: United States\\\" type=\\\"submit\\\" data-testid=\\\"link\\\">United States</button>\\n265:United States\\n266:©\\n267:2025\\n268:Nike, Inc. All Rights Reserved\\n269:Guides\\n270:Terms of Sale\\n271:Terms of Use\\n272:Nike Privacy Policy\\n273:Your Privacy Choices\\n274:CA Supply Chains Act\\n275:<a class=\\\"JSftBPEZ\\\" href=\\\"https://www.nike.com/retail\\\" aria-label=\\\"Find a Store\\\" data-analytics-action-id=\\\"8e0347d1-2a8f-4846-9ee1-437bb0f28447\\\">Find a Store</a>\\n276:Find a Store\\n277:<a class=\\\"JSftBPEZ\\\" href=\\\"https://www.nike.com/help\\\" aria-label=\\\"Help\\\" data-analytics-action-id=\\\"6260bfbf-bc64-403e-89a4-c83da67f9265\\\">Help</a>\\n278:Help\\n279:<a class=\\\"JSftBPEZ\\\" href=\\\"https://www.nike.com/membership\\\" aria-label=\\\"Join Us\\\" data-analytics-action-id=\\\"2e4dac95-0b1f-4051-bf1e-f49b66182b28\\\">Join Us</a>\\n280:Join Us\\n281:<a class=\\\"JSftBPEZ\\\" href=\\\"https://accounts.nike.com/lookup?client_id=4fd2d5e7db76e0f85a6bb56721bd51df&redirect_uri=https://www.nike.com/auth/login&response_type=code&scope=openid%20nike.digital%20profile%20email%20phone%20flow%20country&state=c07118da23994007bf8cf3a80ed5bf07&code_challenge=b_EJ1OFSBzs_OPL5rTE8pVBc8kddKnXtIgLvb0QNhS8&code_challenge_method=S256\\\" aria-label=\\\"Sign In\\\" data-analytics-action-id=\\\"c28ad23e-0412-45ca-b5c1-6e0a79975e96\\\">Sign In</a>\\n282:Sign In\\n283:Featured\\n284:<a href=\\\"https://www.nike.com/w/air-force-1-shoes-5sj3yzy7ok\\\" data-analytics-action-id=\\\"917bb34c-32f7-472a-8d2d-c7452a4ebf65\\\">Air Force 1</a>\\n285:<span class=\\\"nds-text css-1rhjrcc e1yhcai00 appearance-body1Strong color-primary weight-regular\\\">Air Force 1</span>\\n286:Air Force 1\\n287:<a href=\\\"https://www.nike.com/w/jordan-1-shoes-4fokyzy7ok\\\" data-analytics-action-id=\\\"60366ee9-e529-446c-b1a9-40f6e5928a08\\\">Jordan 1</a>\\n288:<span class=\\\"nds-text css-1rhjrcc e1yhcai00 appearance-body1Strong color-primary weight-regular\\\">Jordan 1</span>\\n289:Jordan 1\\n290:<a href=\\\"https://www.nike.com/w/air-max-dn-shoes-5ufejzy7ok\\\" data-analytics-action-id=\\\"9967fda9-8f30-4522-b770-1a4d46eeee9d\\\">Air Max Dn</a>\\n291:<span class=\\\"nds-text css-1rhjrcc e1yhcai00 appearance-body1Strong color-primary weight-regular\\\">Air Max Dn</span>\\n292:Air Max Dn\\n293:<a href=\\\"https://www.nike.com/w/zoom-vomero-shoes-7gee1zy7ok\\\" data-analytics-action-id=\\\"43635cce-3902-4c09-a1ee-c489c2bd472c\\\">Vomero</a>\\n294:<span class=\\\"nds-text css-1rhjrcc e1yhcai00 appearance-body1Strong color-primary weight-regular\\\">Vomero</span>\\n295:Vomero\\n296:Metcon\\n297:Air Max 270\\n298:Air Max 90\\n299:Blazer\\n300:Pegasus\\n301:Shoes\\n302:<a href=\\\"https://www.nike.com/w/shoes-y7ok\\\" data-analytics-action-id=\\\"be303154-3cca-4ced-8d81-c4072dbbf39e\\\">All Shoes</a>\\n303:<span class=\\\"nds-text css-1rhjrcc e1yhcai00 appearance-body1Strong color-primary weight-regular\\\">All Shoes</span>\\n304:All Shoes\\n305:<a href=\\\"https://www.nike.com/w/jordan-shoes-37eefzy7ok\\\" data-analytics-action-id=\\\"715c0928-01e1-43d7-8cfb-2699f8e4a38a\\\">Jordan Shoes</a>\\n306:<span class=\\\"nds-text css-1rhjrcc e1yhcai00 appearance-body1Strong color-primary weight-regular\\\">Jordan Shoes</span>\\n307:Jordan Shoes\\n308:<a href=\\\"https://www.nike.com/w/running-shoes-37v7jzy7ok\\\" data-analytics-action-id=\\\"f5ee94e6-0425-41c3-b0e5-e4ed5353c0cf\\\">Running Shoes</a>\\n309:<span class=\\\"nds-text css-1rhjrcc e1yhcai00 appearance-body1Strong color-primary weight-regular\\\">Running Shoes</span>\\n310:Running Shoes\\n311:<a href=\\\"https://www.nike.com/w/basketball-shoes-3glsmzy7ok\\\" data-analytics-action-id=\\\"8a0c3cd1-333e-488f-bc31-3056b4f4953f\\\">Basketball Shoes</a>\\n312:<span class=\\\"nds-text css-1rhjrcc e1yhcai00 appearance-body1Strong color-primary weight-regular\\\">Basketball Shoes</span>\\n313:Basketball Shoes\\n314:Tennis Shoes\\n315:Training Shoes\\n316:Custom Shoes\\n317:Sale Shoes\\n318:Soccer Cleats\\n319:Clothing\\n320:<a href=\\\"https://www.nike.com/w/clothing-6ymx6\\\" data-analytics-action-id=\\\"b09c1b45-ccda-4149-b77f-5723436f6229\\\">All Clothing</a>\\n321:<span class=\\\"nds-text css-1rhjrcc e1yhcai00 appearance-body1Strong color-primary weight-regular\\\">All Clothing</span>\\n322:All Clothing\\n323:<a href=\\\"https://www.nike.com/w/tops-t-shirts-9om13\\\" data-analytics-action-id=\\\"cfd90fa7-79a2-4c52-b46f-b94fac5a7543\\\">Tops & T-Shirts</a>\\n324:<span class=\\\"nds-text css-1rhjrcc e1yhcai00 appearance-body1Strong color-primary weight-regular\\\">Tops & T-Shirts</span>\\n325:Tops & T-Shirts\\n326:<a href=\\\"https://www.nike.com/w/shorts-38fph\\\" data-analytics-action-id=\\\"5aeb399b-4bd2-4bf6-b29c-bc9501bba9cb\\\">Shorts</a>\\n327:<span class=\\\"nds-text css-1rhjrcc e1yhcai00 appearance-body1Strong color-primary weight-regular\\\">Shorts</span>\\n328:Shorts\\n329:<a href=\\\"https://www.nike.com/w/hoodies-and-pullovers-6rive\\\" data-analytics-action-id=\\\"8538e920-0041-43b8-89e4-331f046f6106\\\">Hoodies & Pullovers</a>\\n330:<span class=\\\"nds-text css-1rhjrcc e1yhcai00 appearance-body1Strong color-primary weight-regular\\\">Hoodies & Pullovers</span>\\n331:Hoodies & Pullovers\\n332:Joggers & Sweatpants\\n333:Sports Bras\\n334:Pants & Tights\\n335:Socks\\n336:Yoga\\n337:NikeLab\\n338:Plus Size\\n339:Big & Tall\\n340:Sale Clothing\\n341:Kids\\n342:<a href=\\\"https://www.nike.com/w/baby-toddler-kids-shoes-2j488zv4dhzy7ok\\\" data-analytics-action-id=\\\"1f89cee8-60d6-4471-bb8a-a759ef85d237\\\">Infant & Toddler Shoes</a>\\n343:<span class=\\\"nds-text css-1rhjrcc e1yhcai00 appearance-body1Strong color-primary weight-regular\\\">Infant & Toddler Shoes</span>\\n344:Infant & Toddler Shoes\\n345:<a href=\\\"https://www.nike.com/w/kids-shoes-v4dhzy7ok\\\" data-analytics-action-id=\\\"810b6a07-9b0c-4003-abf4-a5fc8a21973d\\\">Kids Shoes</a>\\n346:<span class=\\\"nds-text css-1rhjrcc e1yhcai00 appearance-body1Strong color-primary weight-regular\\\">Kids Shoes</span>\\n347:Kids Shoes\\n348:<a href=\\\"https://www.nike.com/w/kids-basketball-shoes-3glsmzv4dhzy7ok\\\" data-analytics-action-id=\\\"087008aa-c191-491c-a20e-f832298d558a\\\">Kids Basketball Shoes</a>\\n349:<span class=\\\"nds-text css-1rhjrcc e1yhcai00 appearance-body1Strong color-primary weight-regular\\\">Kids Basketball Shoes</span>\\n350:Kids Basketball Shoes\\n351:<a href=\\\"https://www.nike.com/w/kids-running-shoes-37v7jzv4dhzy7ok\\\" data-analytics-action-id=\\\"d7230813-583c-40ff-a9f3-2a30ed541599\\\">Kids Running Shoes</a>\\n352:<span class=\\\"nds-text css-1rhjrcc e1yhcai00 appearance-body1Strong color-primary weight-regular\\\">Kids Running Shoes</span>\\n353:Kids Running Shoes\\n354:Kids Jordan Shoes\\n355:Kids Clothing\\n356:Kids Backpacks\\n357:Kids Socks\\n358:Kids Sale\\n359:<h2 class=\\\"css-1twugl3\\\" data-testid=\\\"footer-menu-col-0-header\\\">Resources</h2>\\n360:Resources\\n361:<a class=\\\"footer-link\\\" href=\\\"https://www.nike.com/gift-cards\\\" data-testid=\\\"footer-menu-col-0-child-0\\\">Gift Cards</a>\\n362:<p class=\\\"nds-text footer-link css-xrit3w e1yhcai00 appearance-body3Strong color-secondary weight-regular\\\">Gift Cards</p>\\n363:Gift Cards\\n364:<a class=\\\"footer-link\\\" href=\\\"https://www.nike.com/retail\\\" data-testid=\\\"footer-menu-col-0-child-1\\\">Find a Store</a>\\n365:<p class=\\\"nds-text footer-link css-xrit3w e1yhcai00 appearance-body3Strong color-secondary weight-regular\\\">Find a Store</p>\\n366:Find a Store\\n367:<a class=\\\"footer-link\\\" href=\\\"https://www.nike.com/membership\\\" data-testid=\\\"footer-menu-col-0-child-2\\\">Membership</a>\\n368:<p class=\\\"nds-text footer-link css-xrit3w e1yhcai00 appearance-body3Strong color-secondary weight-regular\\\">Membership</p>\\n369:Membership\\n370:<a class=\\\"footer-link\\\" href=\\\"https://www.nike.com/stories\\\" data-testid=\\\"footer-menu-col-0-child-3\\\">Nike Journal</a>\\n371:<p class=\\\"nds-text footer-link css-xrit3w e1yhcai00 appearance-body3Strong color-secondary weight-regular\\\">Nike Journal</p>\\n372:Nike Journal\\n373:<a class=\\\"footer-link\\\" href=\\\"#site-feedback\\\" data-testid=\\\"footer-menu-col-0-child-4\\\">Site Feedback</a>\\n374:<p class=\\\"nds-text footer-link css-xrit3w e1yhcai00 appearance-body3Strong color-secondary weight-regular\\\">Site Feedback</p>\\n375:Site Feedback\\n376:<h2 class=\\\"css-1twugl3\\\" data-testid=\\\"footer-menu-col-1-header\\\">Help</h2>\\n377:Help\\n378:<a class=\\\"footer-link\\\" href=\\\"https://www.nike.com/help\\\" data-testid=\\\"footer-menu-col-1-child-0\\\">Get Help</a>\\n379:<p class=\\\"nds-text footer-link css-xrit3w e1yhcai00 appearance-body3Strong color-secondary weight-regular\\\">Get Help</p>\\n380:Get Help\\n381:<a class=\\\"footer-link\\\" href=\\\"https://www.nike.com/orders/details/\\\" data-testid=\\\"footer-menu-col-1-child-1\\\">Order Status</a>\\n382:<p class=\\\"nds-text footer-link css-xrit3w e1yhcai00 appearance-body3Strong color-secondary weight-regular\\\">Order Status</p>\\n383:Order Status\\n384:<a class=\\\"footer-link\\\" href=\\\"https://www.nike.com/help/a/shipping-delivery\\\" data-testid=\\\"footer-menu-col-1-child-2\\\">Shipping and Delivery</a>\\n385:<p class=\\\"nds-text footer-link css-xrit3w e1yhcai00 appearance-body3Strong color-secondary weight-regular\\\">Shipping and Delivery</p>\\n386:Shipping and Delivery\\n387:<a class=\\\"footer-link\\\" href=\\\"https://www.nike.com/help/a/returns-policy\\\" data-testid=\\\"footer-menu-col-1-child-3\\\">Returns</a>\\n388:<p class=\\\"nds-text footer-link css-xrit3w e1yhcai00 appearance-body3Strong color-secondary weight-regular\\\">Returns</p>\\n389:Returns\\n390:<a class=\\\"footer-link\\\" href=\\\"https://www.nike.com/help/a/change-cancel-order\\\" data-testid=\\\"footer-menu-col-1-child-4\\\">Order Cancellation</a>\\n391:<p class=\\\"nds-text footer-link css-xrit3w e1yhcai00 appearance-body3Strong color-secondary weight-regular\\\">Order Cancellation</p>\\n392:Order Cancellation\\n393:<a class=\\\"footer-link\\\" href=\\\"https://www.nike.com/help/a/payment-options\\\" data-testid=\\\"footer-menu-col-1-child-5\\\">Payment Options</a>\\n394:<p class=\\\"nds-text footer-link css-xrit3w e1yhcai00 appearance-body3Strong color-secondary weight-regular\\\">Payment Options</p>\\n395:Payment Options\\n396:<a class=\\\"footer-link\\\" href=\\\"https://www.nike.com/orders/gift-card-lookup\\\" data-testid=\\\"footer-menu-col-1-child-6\\\">Gift Card Balance</a>\\n397:<p class=\\\"nds-text footer-link css-xrit3w e1yhcai00 appearance-body3Strong color-secondary weight-regular\\\">Gift Card Balance</p>\\n398:Gift Card Balance\\n399:<a class=\\\"footer-link\\\" href=\\\"https://www.nike.com/help/#contact\\\" data-testid=\\\"footer-menu-col-1-child-7\\\">Contact Us</a>\\n400:<p class=\\\"nds-text footer-link css-xrit3w e1yhcai00 appearance-body3Strong color-secondary weight-regular\\\">Contact Us</p>\\n401:Contact Us\\n402:<h2 class=\\\"css-1twugl3\\\" data-testid=\\\"footer-menu-col-2-header\\\">Company</h2>\\n403:Company\\n404:<a class=\\\"footer-link\\\" href=\\\"https://about.nike.com/en\\\" data-testid=\\\"footer-menu-col-2-child-0\\\">About Nike</a>\\n405:<p class=\\\"nds-text footer-link css-xrit3w e1yhcai00 appearance-body3Strong color-secondary weight-regular\\\">About Nike</p>\\n406:About Nike\\n407:<a class=\\\"footer-link\\\" href=\\\"http://news.nike.com/\\\" data-testid=\\\"footer-menu-col-2-child-1\\\">News</a>\\n408:<p class=\\\"nds-text footer-link css-xrit3w e1yhcai00 appearance-body3Strong color-secondary weight-regular\\\">News</p>\\n409:News\\n410:<a class=\\\"footer-link\\\" href=\\\"https://careers.nike.com/\\\" data-testid=\\\"footer-menu-col-2-child-2\\\">Careers</a>\\n411:<p class=\\\"nds-text footer-link css-xrit3w e1yhcai00 appearance-body3Strong color-secondary weight-regular\\\">Careers</p>\\n412:Careers\\n413:<a class=\\\"footer-link\\\" href=\\\"http://investors.nike.com/\\\" data-testid=\\\"footer-menu-col-2-child-3\\\">Investors</a>\\n414:<p class=\\\"nds-text footer-link css-xrit3w e1yhcai00 appearance-body3Strong color-secondary weight-regular\\\">Investors</p>\\n415:Investors\\n416:<a class=\\\"footer-link\\\" href=\\\"https://purpose.nike.com/\\\" data-testid=\\\"footer-menu-col-2-child-4\\\">Purpose</a>\\n417:<p class=\\\"nds-text footer-link css-xrit3w e1yhcai00 appearance-body3Strong color-secondary weight-regular\\\">Purpose</p>\\n418:Purpose\\n419:<a class=\\\"footer-link\\\" href=\\\"https://www.nike.com/sustainability\\\" data-testid=\\\"footer-menu-col-2-child-5\\\">Sustainability</a>\\n420:<p class=\\\"nds-text footer-link css-xrit3w e1yhcai00 appearance-body3Strong color-secondary weight-regular\\\">Sustainability</p>\\n421:Sustainability\\n422:<a class=\\\"footer-header\\\" href=\\\"https://www.nike.com/promo-code\\\" data-testid=\\\"footer-menu-col-3-header\\\">Promotions & Discounts</a>\\n423:<p class=\\\"nds-text footer-header css-xrit3w e1yhcai00 appearance-body3Strong color-secondary weight-regular\\\">Promotions & Discounts</p>\\n424:Promotions & Discounts\\n425:<a class=\\\"footer-link\\\" href=\\\"https://www.nike.com/help/a/student-discount\\\" data-testid=\\\"footer-menu-col-3-child-0\\\">Student</a>\\n426:<p class=\\\"nds-text footer-link css-xrit3w e1yhcai00 appearance-body3Strong color-secondary weight-regular\\\">Student</p>\\n427:Student\\n428:<a class=\\\"footer-link\\\" href=\\\"https://www.nike.com/help/a/military-discount\\\" data-testid=\\\"footer-menu-col-3-child-1\\\">Military</a>\\n429:<p class=\\\"nds-text footer-link css-xrit3w e1yhcai00 appearance-body3Strong color-secondary weight-regular\\\">Military</p>\\n430:Military\\n431:<a class=\\\"footer-link\\\" href=\\\"https://www.nike.com/help/a/teacher-discount\\\" data-testid=\\\"footer-menu-col-3-child-2\\\">Teacher</a>\\n432:<p class=\\\"nds-text footer-link css-xrit3w e1yhcai00 appearance-body3Strong color-secondary weight-regular\\\">Teacher</p>\\n433:Teacher\\n434:<a class=\\\"footer-link\\\" href=\\\"https://www.nike.com/help/a/first-responder-discount\\\" data-testid=\\\"footer-menu-col-3-child-3\\\">First Responders & Medical Professionals</a>\\n435:<p class=\\\"nds-text footer-link css-xrit3w e1yhcai00 appearance-body3Strong color-secondary weight-regular\\\">First Responders & Medical Professionals</p>\\n436:First Responders & Medical Professionals\\n437:<a class=\\\"footer-link\\\" href=\\\"https://www.nike.com/help/a/birthday-terms-promo\\\" data-testid=\\\"footer-menu-col-3-child-4\\\">Birthday</a>\\n438:<p class=\\\"nds-text footer-link css-xrit3w e1yhcai00 appearance-body3Strong color-secondary weight-regular\\\">Birthday</p>\\n439:Birthday\\n440:<button class=\\\"nds-btn css-x8wy1 ex41m6f0 cta-primary-dark  btn-responsive\\\" aria-label=\\\"Selected Location: United States\\\" type=\\\"submit\\\" data-testid=\\\"link\\\">United States</button>\\n441:United States\\n442:©\\n443:2025\\n444:Nike, Inc. All Rights Reserved\\n445:<details class=\\\" css-1qehhq\\\">GuidesNike AirNike Air Force 1Nike Air MaxNike FlyEaseNike FlyknitNike FreeNike ReactNike VaporflyNike ZoomXSpace Hippie</details>\\n446:<summary class=\\\"drop-down-accessibility-button\\\" aria-label=\\\"Guides menu\\\" aria-expanded=\\\"false\\\" aria-haspopup=\\\"menu\\\">Guides</summary>\\n447:<p class=\\\"nds-text css-175n91z e1yhcai00 appearance-body2Strong color-secondary weight-regular\\\" data-testid=\\\"desktop-user-menu-item-message-Guides\\\">Guides</p>\\n448:Guides\\n449:<a class=\\\"css-1isz5ne\\\" href=\\\"https://agreementservice.svs.nike.com/us/en_us/rest/agreement?agreementType=termsOfSale&uxId=com.nike.commerce.nikedotcom.web&country=US&language=en&requestType=redirect\\\" data-testid=\\\"link\\\">Terms of Sale</a>\\n450:<p class=\\\"nds-text css-170191f e1yhcai00 appearance-body2Strong color-primary weight-regular\\\">Terms of Sale</p>\\n451:Terms of Sale\\n452:<a class=\\\"css-1isz5ne\\\" href=\\\"https://agreementservice.svs.nike.com/us/en_us/rest/agreement?agreementType=termsOfUse&uxId=com.nike.commerce.nikedotcom.web&country=US&language=en&requestType=redirect\\\" data-testid=\\\"link\\\">Terms of Use</a>\\n453:<p class=\\\"nds-text css-170191f e1yhcai00 appearance-body2Strong color-primary weight-regular\\\">Terms of Use</p>\\n454:Terms of Use\\n455:<a class=\\\"css-1isz5ne\\\" href=\\\"https://agreementservice.svs.nike.com/rest/agreement?agreementType=privacyPolicy&uxId=com.nike.commerce.nikedotcom.web&country=US&language=en&requestType=redirect\\\" data-testid=\\\"link\\\">Nike Privacy Policy</a>\\n456:<p class=\\\"nds-text css-170191f e1yhcai00 appearance-body2Strong color-primary weight-regular\\\">Nike Privacy Policy</p>\\n457:Nike Privacy Policy\\n458:<a class=\\\"css-1isz5ne\\\" href=\\\"https://www.nike.com/guest/settings/do-not-share-my-data\\\" data-testid=\\\"link\\\">Your Privacy Choices</a>\\n459:<p class=\\\"nds-text css-170191f e1yhcai00 appearance-body2Strong color-primary weight-regular\\\">Your Privacy Choices</p>\\n460:Your Privacy Choices\\n461:<a class=\\\"css-1isz5ne\\\" href=\\\"https://about.nike.com/en/impact-resources/statement-on-forced-labor\\\" data-testid=\\\"link\\\">CA Supply Chains Act</a>\\n462:<p class=\\\"nds-text css-170191f e1yhcai00 appearance-body2Strong color-primary weight-regular\\\">CA Supply Chains Act</p>\\n463:CA Supply Chains Act\\n464:<a class=\\\"JSftBPEZ\\\" href=\\\"https://www.nike.com/retail\\\" aria-label=\\\"Find a Store\\\" data-analytics-action-id=\\\"8e0347d1-2a8f-4846-9ee1-437bb0f28447\\\">Find a Store</a>\\n465:Find a Store\\n466:<a class=\\\"JSftBPEZ\\\" href=\\\"https://www.nike.com/help\\\" aria-label=\\\"Help\\\" data-analytics-action-id=\\\"6260bfbf-bc64-403e-89a4-c83da67f9265\\\">Help</a>\\n467:Help\\n468:<a class=\\\"JSftBPEZ\\\" href=\\\"https://www.nike.com/membership\\\" aria-label=\\\"Join Us\\\" data-analytics-action-id=\\\"2e4dac95-0b1f-4051-bf1e-f49b66182b28\\\">Join Us</a>\\n469:Join Us\\n470:<a class=\\\"JSftBPEZ\\\" href=\\\"https://accounts.nike.com/lookup?client_id=4fd2d5e7db76e0f85a6bb56721bd51df&redirect_uri=https://www.nike.com/auth/login&response_type=code&scope=openid%20nike.digital%20profile%20email%20phone%20flow%20country&state=c07118da23994007bf8cf3a80ed5bf07&code_challenge=b_EJ1OFSBzs_OPL5rTE8pVBc8kddKnXtIgLvb0QNhS8&code_challenge_method=S256\\\" aria-label=\\\"Sign In\\\" data-analytics-action-id=\\\"c28ad23e-0412-45ca-b5c1-6e0a79975e96\\\">Sign In</a>\\n471:Sign In\\n472:Jordan 1\\n473:<a href=\\\"https://www.nike.com/w/air-max-dn-shoes-5ufejzy7ok\\\" data-analytics-action-id=\\\"9967fda9-8f30-4522-b770-1a4d46eeee9d\\\">Air Max Dn</a>\\n474:<span class=\\\"nds-text css-1rhjrcc e1yhcai00 appearance-body1Strong color-primary weight-regular\\\">Air Max Dn</span>\\n475:Air Max Dn\\n476:<a href=\\\"https://www.nike.com/w/zoom-vomero-shoes-7gee1zy7ok\\\" data-analytics-action-id=\\\"43635cce-3902-4c09-a1ee-c489c2bd472c\\\">Vomero</a>\\n477:<span class=\\\"nds-text css-1rhjrcc e1yhcai00 appearance-body1Strong color-primary weight-regular\\\">Vomero</span>\\n478:Vomero\\n479:Metcon\\n480:Air Max 270\\n481:Air Max 90\\n482:Blazer\\n483:Pegasus\\n484:Jordan Shoes\\n485:<a href=\\\"https://www.nike.com/w/running-shoes-37v7jzy7ok\\\" data-analytics-action-id=\\\"f5ee94e6-0425-41c3-b0e5-e4ed5353c0cf\\\">Running Shoes</a>\\n486:<span class=\\\"nds-text css-1rhjrcc e1yhcai00 appearance-body1Strong color-primary weight-regular\\\">Running Shoes</span>\\n487:Running Shoes\\n488:<a href=\\\"https://www.nike.com/w/basketball-shoes-3glsmzy7ok\\\" data-analytics-action-id=\\\"8a0c3cd1-333e-488f-bc31-3056b4f4953f\\\">Basketball Shoes</a>\\n489:<span class=\\\"nds-text css-1rhjrcc e1yhcai00 appearance-body1Strong color-primary weight-regular\\\">Basketball Shoes</span>\\n490:Basketball Shoes\\n491:Tennis Shoes\\n492:Training Shoes\\n493:Custom Shoes\\n494:Sale Shoes\\n495:Soccer Cleats\\n496:Tops & T-Shirts\\n497:<a href=\\\"https://www.nike.com/w/shorts-38fph\\\" data-analytics-action-id=\\\"5aeb399b-4bd2-4bf6-b29c-bc9501bba9cb\\\">Shorts</a>\\n498:<span class=\\\"nds-text css-1rhjrcc e1yhcai00 appearance-body1Strong color-primary weight-regular\\\">Shorts</span>\\n499:Shorts\\n500:<a href=\\\"https://www.nike.com/w/hoodies-and-pullovers-6rive\\\" data-analytics-action-id=\\\"8538e920-0041-43b8-89e4-331f046f6106\\\">Hoodies & Pullovers</a>\\n501:<span class=\\\"nds-text css-1rhjrcc e1yhcai00 appearance-body1Strong color-primary weight-regular\\\">Hoodies & Pullovers</span>\\n502:Hoodies & Pullovers\\n503:Joggers & Sweatpants\\n504:Sports Bras\\n505:Pants & Tights\\n506:Socks\\n507:Yoga\\n508:NikeLab\\n509:Plus Size\\n510:Big & Tall\\n511:Sale Clothing\\n512:Kids Shoes\\n513:<a href=\\\"https://www.nike.com/w/kids-basketball-shoes-3glsmzv4dhzy7ok\\\" data-analytics-action-id=\\\"087008aa-c191-491c-a20e-f832298d558a\\\">Kids Basketball Shoes</a>\\n514:<span class=\\\"nds-text css-1rhjrcc e1yhcai00 appearance-body1Strong color-primary weight-regular\\\">Kids Basketball Shoes</span>\\n515:Kids Basketball Shoes\\n516:<a href=\\\"https://www.nike.com/w/kids-running-shoes-37v7jzv4dhzy7ok\\\" data-analytics-action-id=\\\"d7230813-583c-40ff-a9f3-2a30ed541599\\\">Kids Running Shoes</a>\\n517:<span class=\\\"nds-text css-1rhjrcc e1yhcai00 appearance-body1Strong color-primary weight-regular\\\">Kids Running Shoes</span>\\n518:Kids Running Shoes\\n519:Kids Jordan Shoes\\n520:Kids Clothing\\n521:Kids Backpacks\\n522:Kids Socks\\n523:Kids Sale\\n\\n\"}],\"temperature\":0.1,\"response_model\":{\"name\":\"Verification\",\"schema\":{\"_def\":{\"unknownKeys\":\"strip\",\"catchall\":{\"_def\":{\"typeName\":\"ZodNever\"},\"~standard\":{\"version\":1,\"vendor\":\"zod\"}},\"typeName\":\"ZodObject\"},\"~standard\":{\"version\":1,\"vendor\":\"zod\"},\"_cached\":null}}}","type":"object"}}
2025-03-05T11:42:12.945Z::[stagehand:action] action completion verification result {"action":{"value":"Select 'United States' under 'Americas'","type":"string"},"result":{"value":"true","type":"boolean"}}
2025-03-05T11:42:12.945Z::[stagehand:action] action completed successfully 
2025-03-05T11:42:46.233Z::[stagehand:act] running act {"action":{"value":"Select size 7 from size grid selector","type":"string"},"requestId":{"value":"rvat5razbw","type":"string"},"modelName":{"value":"claude-3-5-sonnet-latest","type":"string"}}
2025-03-05T11:42:46.668Z::[stagehand:action] running / continuing action {"action":{"value":"Select size 7 from size grid selector","type":"string"},"pageUrl":{"value":"https://www.nike.com/t/blazer-mid-77-vintage-mens-shoes-nw30B2/BQ6806-100","type":"string"}}
2025-03-05T11:42:46.669Z::[stagehand:action] processing DOM 
2025-03-05T11:43:13.456Z::[stagehand:action] looking at chunk {"chunk":{"value":"0","type":"integer"},"chunks":{"value":"5","type":"integer"},"chunksSeen":{"value":"0","type":"integer"},"chunksLeft":{"value":"5","type":"integer"}}
2025-03-05T11:43:13.457Z::[stagehand:anthropic] creating chat completion {"options":{"value":"{\"messages\":[{\"role\":\"system\",\"content\":\"\\n# Instructions\\nYou are a browser automation assistant. Your job is to accomplish the user's goal across multiple model calls by running playwright commands.\\n\\n## Input\\nYou will receive:\\n1. the user's overall goal\\n2. the steps that you've taken so far\\n3. a list of active DOM elements in this chunk to consider to get closer to the goal. \\n4. Optionally, a list of variable names that the user has provided that you may use to accomplish the goal. To use the variables, you must use the special <|VARIABLE_NAME|> syntax.\\n5. Optionally, custom instructions will be provided by the user. If the user's instructions are not relevant to the current task, ignore them. Otherwise, make sure to adhere to them.\\n\\n\\n## Your Goal / Specification\\nYou have 2 tools that you can call: doAction, and skipSection. Do action only performs Playwright actions. Do exactly what the user's goal is. Do not perform any other actions or exceed the scope of the goal.\\nIf the user's goal will be accomplished after running the playwright action, set completed to true. Better to have completed set to true if your are not sure.\\n\\nNote 1: If there is a popup on the page for cookies or advertising that has nothing to do with the goal, try to close it first before proceeding. As this can block the goal from being completed.\\nNote 2: Sometimes what your are looking for is hidden behind and element you need to interact with. For example, sliders, buttons, etc...\\n\\nAgain, if the user's goal will be accomplished after running the playwright action, set completed to true. Also, if the user provides custom instructions, it is imperative that you follow them no matter what.\\n\"},{\"role\":\"user\",\"content\":\"\\n# My Goal\\nSelect size 7 from size grid selector\\n\\n# Steps You've Taken So Far\\n\\n\\n# Current Active Dom Elements\\n0:Get a Nike Gift Card\\n1:Members: Free Shipping on Orders $50+\\n2:<a class=\\\"banner-link\\\" href=\\\"https://www.nike.com/w/best-76m50\\\" data-id=\\\"cd5a46a4-54ae-4685-adfc-182e1b5cb4d8\\\">Look for Store Pickup at Checkout</a>\\n3:Look for Store Pickup at Checkout\\n4:<button class=\\\"nds-btn nds-button--icon-only css-xg5ofo ex41m6f0 btn-tertiary-dark  btn-md\\\" aria-label=\\\"Next Banner\\\" type=\\\"button\\\" data-testid=\\\"next-banner\\\"></button>\\n5:<button class=\\\"nds-btn nds-button--icon-only css-m4yzpr ex41m6f0 btn-tertiary-dark  btn-md\\\" aria-label=\\\"Previous Banner\\\" type=\\\"button\\\" data-testid=\\\"previous-banner\\\"></button>\\n6:<label class=\\\"css-1tctny\\\"></label>\\n7:<label class=\\\"css-1tctny\\\"></label>\\n8:<label class=\\\"css-1tctny\\\"></label>\\n9:<label class=\\\"css-1tctny\\\"></label>\\n10:<label class=\\\"css-1tctny\\\"></label>\\n11:<label class=\\\"css-1tctny\\\"></label>\\n12:<label class=\\\"css-1tctny\\\"></label>\\n13:<span class=\\\"prl1-sm\\\">Highly Rated</span>\\n14:Highly Rated\\n15:<button class=\\\"css-1u1z458\\\" aria-label=\\\"Previous product image\\\" data-testid=\\\"prevBtn\\\"></button>\\n16:<button class=\\\"css-1u1z458\\\" aria-label=\\\"Next product image\\\" data-testid=\\\"nextBtn\\\"></button>\\n17:<h1 id=\\\"pdp_product_title\\\" class=\\\"nds-text css-1h3ryhm e1yhcai00 text-align-start appearance-title4 color-primary weight-regular\\\" data-testid=\\\"product_title\\\">Nike Blazer Mid '77 Vintage</h1>\\n18:Nike Blazer Mid '77 Vintage\\n19:<h2 id=\\\"pdp_product_subtitle\\\" class=\\\"nds-text product_subtitle css-17kvvgb e1yhcai00 text-align-start appearance-body1 color-secondary weight-regular\\\" data-testid=\\\"product_subtitle\\\">Men's Shoes</h2>\\n20:Men's Shoes\\n21:<span class=\\\"nds-text mr2-sm css-tbgmka e1yhcai00 text-align-start appearance-body1Strong color-primary display-inline weight-regular\\\" data-testid=\\\"currentPrice-container\\\">$67.97</span>\\n22:$67.97\\n23:<span class=\\\"nds-text mr2-sm css-1i6dsa8 e1yhcai00 appearance-body1 color-secondary display-inline weight-regular strikethrough\\\" aria-label=\\\"List: $105\\\" data-testid=\\\"initialPrice-container\\\">$105</span>\\n24:$105\\n25:<span class=\\\"nds-text mr2-sm css-1rzi5ti e1yhcai00 appearance-body1Strong color-success display-inline weight-regular\\\" data-testid=\\\"OfferPercentage\\\">35% off</span>\\n26:35% off\\n27:<p class=\\\"nds-text mt2-sm css-ryx1uy e1yhcai00 text-align-start appearance-body1Strong color-success weight-regular\\\" data-testid=\\\"promo-message\\\">New Markdown</p>\\n28:New Markdown\\n29:<a class=\\\"css-1wud0ww\\\" href=\\\"/t/blazer-mid-77-vintage-mens-shoes-nw30B2/BQ6806-100\\\" data-testid=\\\"colorway-link-BQ6806-100\\\"></a>\\n30:<a class=\\\"css-1wud0ww\\\" href=\\\"/t/blazer-mid-77-vintage-mens-shoes-nw30B2/BQ6806-125\\\" data-testid=\\\"colorway-link-BQ6806-125\\\"></a>\\n31:<a class=\\\"css-1wud0ww\\\" href=\\\"/t/blazer-mid-77-vintage-mens-shoes-nw30B2/BQ6806-002\\\" data-testid=\\\"colorway-link-BQ6806-002\\\"></a>\\n32:<a class=\\\"css-1wud0ww\\\" href=\\\"/t/blazer-mid-77-vintage-mens-shoes-nw30B2/BQ6806-128\\\" data-testid=\\\"colorway-link-BQ6806-128\\\"></a>\\n33:<a class=\\\"css-1wud0ww\\\" href=\\\"/t/blazer-mid-77-vintage-mens-shoes-nw30B2/BQ6806-129\\\" data-testid=\\\"colorway-link-BQ6806-129\\\"></a>\\n34:<a class=\\\"css-1wud0ww\\\" href=\\\"/t/blazer-mid-77-vintage-mens-shoes-nw30B2/BQ6806-131\\\" data-testid=\\\"colorway-link-BQ6806-131\\\"></a>\\n35:<a class=\\\"css-1wud0ww\\\" href=\\\"/t/blazer-mid-77-vintage-mens-shoes-nw30B2/BQ6806-130\\\" data-testid=\\\"colorway-link-BQ6806-130\\\"></a>\\n36:<a class=\\\"css-1wud0ww\\\" href=\\\"/t/blazer-mid-77-vintage-mens-shoes-nw30B2/BQ6806-132\\\" data-testid=\\\"colorway-link-BQ6806-132\\\"></a>\\n37:<a class=\\\"css-1wud0ww\\\" href=\\\"/t/blazer-mid-77-vintage-mens-shoes-nw30B2/BQ6806-133\\\" data-testid=\\\"colorway-link-BQ6806-133\\\"></a>\\n38:<a class=\\\"css-1wud0ww\\\" href=\\\"/t/blazer-mid-77-vintage-mens-shoes-nw30B2/HJ9098-790\\\" data-testid=\\\"colorway-link-HJ9098-790\\\"></a>\\n39:<a class=\\\"css-1wud0ww\\\" href=\\\"/t/blazer-mid-77-premium-mens-shoes-nw30B2/HF3157-200\\\" data-testid=\\\"colorway-link-HF3157-200\\\"></a>\\n40:<a class=\\\"css-1wud0ww\\\" href=\\\"/t/blazer-mid-77-premium-mens-shoes-nw30B2/HF3157-400\\\" data-testid=\\\"colorway-link-HF3157-400\\\"></a>\\n41:<a class=\\\"css-1wud0ww\\\" href=\\\"/t/blazer-mid-77-premium-mens-shoes-nw30B2/FN5822-100\\\" data-testid=\\\"colorway-link-FN5822-100\\\"></a>\\n42:<a href=\\\"https://www.nike.com/u/custom-nike-blazer-mid-77-shoes-by-you-10001870/7984146380\\\"></a>\\n43:<span>Select Size</span>\\n44:Select Size\\n45:<a class=\\\"fl-sm-r css-xv9tlh\\\" href=\\\"https://www.nike.com/size-fit/mens-footwear\\\" data-testid=\\\"pdp_sizeGuide\\\">Size Guide</a>\\n46:<span class=\\\"nds-text css-170191f e1yhcai00 appearance-body2Strong color-primary weight-regular\\\">Size Guide</span>\\n47:Size Guide\\n48:<label class=\\\"u-full-width u-full-height d-sm-flx flx-jc-sm-c flx-ai-sm-c\\\">3.5</label>\\n49:3.5\\n50:<label class=\\\"u-full-width u-full-height d-sm-flx flx-jc-sm-c flx-ai-sm-c\\\">4</label>\\n51:4\\n52:<label class=\\\"u-full-width u-full-height d-sm-flx flx-jc-sm-c flx-ai-sm-c\\\">4.5</label>\\n53:4.5\\n54:<label class=\\\"u-full-width u-full-height d-sm-flx flx-jc-sm-c flx-ai-sm-c\\\">5</label>\\n55:5\\n56:<label class=\\\"u-full-width u-full-height d-sm-flx flx-jc-sm-c flx-ai-sm-c\\\">5.5</label>\\n57:5.5\\n58:<li>For easier entry, we recommend unlacing the top 4 eyelets and slightly loosening the laces farther down</li>\\n59:For easier entry, we recommend unlacing the top 4 eyelets and slightly loosening the laces farther down\\n60:Skip to main content\\n61:<a class=\\\"brand-link\\\" href=\\\"https://www.nike.com/jordan\\\" aria-label=\\\"Jordan\\\" data-testid=\\\"link\\\"></a>\\n62:<a class=\\\"brand-link\\\" href=\\\"https://www.nike.com/w/converse-akmjx\\\" aria-label=\\\"Converse\\\" data-testid=\\\"link\\\"></a>\\n63:<a class=\\\"interactive-profile-element\\\" href=\\\"https://www.nike.com/retail\\\" data-testid=\\\"link\\\">Find a Store</a>\\n64:<p class=\\\"nds-text css-t62sze e1yhcai00 appearance-body3Strong color-primary weight-regular\\\" data-testid=\\\"desktop-user-menu-item-message-0\\\">Find a Store</p>\\n65:Find a Store\\n66:<a class=\\\"interactive-profile-element\\\" href=\\\"https://www.nike.com/help\\\" data-testid=\\\"link\\\">Help</a>\\n67:<p class=\\\"nds-text css-t62sze e1yhcai00 appearance-body3Strong color-primary weight-regular\\\" data-testid=\\\"desktop-user-menu-item-message-1\\\">Help</p>\\n68:Help\\n69:<details class=\\\" css-1qehhq\\\">HelpOrder StatusShipping & DeliveryReturnsOrder CancellationSize ChartsContact UsMembershipPromotions & DiscountsProduct AdviceSend Us Feedback</details>\\n70:<a class=\\\"interactive-profile-element\\\" href=\\\"https://www.nike.com/membership\\\" data-testid=\\\"link\\\">Join Us</a>\\n71:<p class=\\\"nds-text css-t62sze e1yhcai00 appearance-body3Strong color-primary weight-regular\\\" data-testid=\\\"desktop-user-menu-item-message-2\\\">Join Us</p>\\n72:Join Us\\n73:<a class=\\\"interactive-profile-element profile-link\\\" href=\\\"https://www.nike.com/register\\\" data-testid=\\\"link\\\">Sign In</a>\\n74:<p class=\\\"nds-text css-t62sze e1yhcai00 appearance-body3Strong color-primary weight-regular\\\" data-testid=\\\"desktop-user-menu-item-message-3\\\">Sign In</p>\\n75:Sign In\\n76:<a class=\\\"swoosh-link\\\" href=\\\"https://www.nike.com\\\" aria-label=\\\"Nike Home Page\\\" data-testid=\\\"link\\\"></a>\\n77:<ul class=\\\"desktop-category\\\">NewFeaturedNew Arrivals Best SellersLatest DropsNew in Air Max: Dn8Vomero 18SNKRS Launch CalendarShop NewMenWomenKidsShop AllTrending24.7 CollectionNike Style BySo Win CollectionACG EssentialsRunning Shoe FinderMenNew New ArrivalsBest SellersLatest DropsNew in Air Max: Dn8Shop Latest Sale StylesShoesAll ShoesBasketballLifestyleJordanRetro RunningRunningTraining & GymShoes $100 & UnderClothingAll ClothingHoodies & Sweatshirts JordanJackets & VestsTracksuits24.7 CollectionPantsShortsTops & T-ShirtsAccessoriesBags & BackpacksHats & HeadwearSocksSunglassesBeltsShop By SportBaseballBasketballFan GearFootballGolfRunningTrack & FieldSoccerTennisTraining & GymWomenNew New ArrivalsBest SellersLatest DropsSo Win CollectionNew in Air Max: Dn8Shop Latest Sale StylesShop by ColorElemental PinkUniversity RedGame RoyalMink BrownBlack and SailShoesAll ShoesBasketballLifestyleJordanRetro RunningRunningTraining & GymShoes $100 & UnderClothingAll ClothingBrasHoodies & SweatshirtsLeggingsMatching Sets24.7 CollectionJackets & VestsPantsShortsTops & T-ShirtsAccessoriesBags & BackpacksHats & HeadwearSocksSunglassesBeltsShop By SportBasketballFan GearGolfRunningTrack & FieldTrainingSoccerTennisVolleyballKidsNew New ArrivalsBest SellersLatest DropsNew in Air Max: Dn8Shop Latest Sale StylesShoes by AgeBig Kids (1Y - 7Y)Little Kids (8C - 3Y)Baby & Toddler (1C - 10C)TeenAll ShoesBasketballLifestyleJordanRetro RunningRunningClothing by AgeBig Kids (XS - XL)Little Kids (4 - 7)Baby & Toddler (0M - 4T)TeenAll ClothingBrasHoodies & SweatshirtsJordanMatching SetsJackets & VestsPants & TightsShortsTops & T-ShirtsAccessoriesBags & BackpacksHats & HeadwearSocksSunglassesBeltsShop By SportBasketballGymnasticsFan GearFootballRunningSoccerJordanNewNew ArrivalsBest SellersShop Latest Sale StylesCollectionsJordan Heat CheckJordan FleeceJordan Sleeper PicksColors of the SeasonMenShop AllShoesAJ1ClothingBasketballWomenShop AllShoesAJ1ClothingBasketballKidsShop AllShoesAJ1ClothingBasketballBig KidsLittle KidsBaby & ToddlerAccessoriesShop AllBags & BackpacksHats & Headwear</ul>\\n78:<a class=\\\"menu-hover-trigger-link\\\" href=\\\"https://www.nike.com/w/new-3n82y\\\" data-testid=\\\"link\\\">New</a>\\n79:New\\n80:<details class=\\\" css-1qehhq\\\">FeaturedNew Arrivals Best SellersLatest DropsNew in Air Max: Dn8Vomero 18SNKRS Launch CalendarShop NewMenWomenKidsShop AllTrending24.7 CollectionNike Style BySo Win CollectionACG EssentialsRunning Shoe Finder</details>\\n81:<a class=\\\"menu-hover-trigger-link\\\" href=\\\"https://www.nike.com/men\\\" data-testid=\\\"link\\\">Men</a>\\n82:Men\\n83:<details class=\\\" css-1qehhq\\\">New New ArrivalsBest SellersLatest DropsNew in Air Max: Dn8Shop Latest Sale StylesShoesAll ShoesBasketballLifestyleJordanRetro RunningRunningTraining & GymShoes $100 & UnderClothingAll ClothingHoodies & Sweatshirts JordanJackets & VestsTracksuits24.7 CollectionPantsShortsTops & T-ShirtsAccessoriesBags & BackpacksHats & HeadwearSocksSunglassesBeltsShop By SportBaseballBasketballFan GearFootballGolfRunningTrack & FieldSoccerTennisTraining & Gym</details>\\n84:<a class=\\\"menu-hover-trigger-link\\\" href=\\\"https://www.nike.com/women\\\" data-testid=\\\"link\\\">Women</a>\\n85:Women\\n86:<details class=\\\" css-1qehhq\\\">New New ArrivalsBest SellersLatest DropsSo Win CollectionNew in Air Max: Dn8Shop Latest Sale StylesShop by ColorElemental PinkUniversity RedGame RoyalMink BrownBlack and SailShoesAll ShoesBasketballLifestyleJordanRetro RunningRunningTraining & GymShoes $100 & UnderClothingAll ClothingBrasHoodies & SweatshirtsLeggingsMatching Sets24.7 CollectionJackets & VestsPantsShortsTops & T-ShirtsAccessoriesBags & BackpacksHats & HeadwearSocksSunglassesBeltsShop By SportBasketballFan GearGolfRunningTrack & FieldTrainingSoccerTennisVolleyball</details>\\n87:<a class=\\\"menu-hover-trigger-link\\\" href=\\\"https://www.nike.com/kids\\\" data-testid=\\\"link\\\">Kids</a>\\n88:Kids\\n89:<details class=\\\" css-1qehhq\\\">New New ArrivalsBest SellersLatest DropsNew in Air Max: Dn8Shop Latest Sale StylesShoes by AgeBig Kids (1Y - 7Y)Little Kids (8C - 3Y)Baby & Toddler (1C - 10C)TeenAll ShoesBasketballLifestyleJordanRetro RunningRunningClothing by AgeBig Kids (XS - XL)Little Kids (4 - 7)Baby & Toddler (0M - 4T)TeenAll ClothingBrasHoodies & SweatshirtsJordanMatching SetsJackets & VestsPants & TightsShortsTops & T-ShirtsAccessoriesBags & BackpacksHats & HeadwearSocksSunglassesBeltsShop By SportBasketballGymnasticsFan GearFootballRunningSoccer</details>\\n90:<a class=\\\"menu-hover-trigger-link\\\" href=\\\"https://www.nike.com/jordan\\\" data-testid=\\\"link\\\">Jordan</a>\\n91:Jordan\\n92:<details class=\\\" css-1qehhq\\\">NewNew ArrivalsBest SellersShop Latest Sale StylesCollectionsJordan Heat CheckJordan FleeceJordan Sleeper PicksColors of the SeasonMenShop AllShoesAJ1ClothingBasketballWomenShop AllShoesAJ1ClothingBasketballKidsShop AllShoesAJ1ClothingBasketballBig KidsLittle KidsBaby & ToddlerAccessoriesShop AllBags & BackpacksHats & Headwear</details>\\n93:<button id=\\\"nav-search-icon\\\" class=\\\"nds-btn nds-button--icon-only search-start-btn css-1pto8ls ex41m6f0 btn-secondary-dark \\\" aria-label=\\\"Search\\\" type=\\\"button\\\"></button>\\n94:<input id=\\\"gn-search-input\\\" class=\\\"search-input\\\" aria-label=\\\"Search Products\\\" type=\\\"search\\\"></input>\\n95:<a class=\\\"nds-btn nds-button--icon-only nav-favorites css-q24gly ex41m6f0 btn-primary-dark \\\" href=\\\"https://www.nike.com/favorites\\\" aria-label=\\\"Favorites\\\" data-testid=\\\"favorite-button\\\"></a>\\n96:<a class=\\\"nds-btn nds-button--icon-only nav-bag-icon css-17i884h ex41m6f0 btn-primary-light \\\" href=\\\"https://www.nike.com/cart\\\" aria-label=\\\"Bag Items: 0\\\"></a>\\n\\n\"}],\"temperature\":0.1,\"top_p\":1,\"frequency_penalty\":0,\"presence_penalty\":0,\"tool_choice\":\"auto\",\"tools\":[{\"type\":\"function\",\"name\":\"doAction\",\"description\":\"execute the next playwright step that directly accomplishes the goal\",\"parameters\":{\"type\":\"object\",\"required\":[\"method\",\"element\",\"args\",\"step\",\"completed\"],\"properties\":{\"method\":{\"type\":\"string\",\"description\":\"The playwright function to call.\"},\"element\":{\"type\":\"number\",\"description\":\"The element number to act on\"},\"args\":{\"type\":\"array\",\"description\":\"The required arguments\",\"items\":{\"type\":\"string\",\"description\":\"The argument to pass to the function\"}},\"step\":{\"type\":\"string\",\"description\":\"human readable description of the step that is taken in the past tense. Please be very detailed.\"},\"why\":{\"type\":\"string\",\"description\":\"why is this step taken? how does it advance the goal?\"},\"completed\":{\"type\":\"boolean\",\"description\":\"true if the goal should be accomplished after this step\"}}}},{\"type\":\"function\",\"name\":\"skipSection\",\"description\":\"skips this area of the webpage because the current goal cannot be accomplished here\",\"parameters\":{\"type\":\"object\",\"properties\":{\"reason\":{\"type\":\"string\",\"description\":\"reason that no action is taken\"}}}}],\"requestId\":\"rvat5razbw\"}","type":"object"}}
2025-03-05T11:43:13.457Z::[stagehand:base_cache] Lock acquired 
2025-03-05T11:43:13.458Z::[stagehand:base_cache] Lock released 
2025-03-05T11:43:13.458Z::[stagehand:llm_cache] LLM cache hit - returning cached response {"cachedResponse":{"value":"{\"id\":\"msg_01BKZ4wn3krAEsQ3WJS59B9N\",\"object\":\"chat.completion\",\"created\":1741174675179,\"model\":\"claude-3-5-sonnet-20241022\",\"choices\":[{\"index\":0,\"message\":{\"role\":\"assistant\",\"content\":\"I don't see a size 7 option in the currently visible DOM elements. The size options shown only go from 3.5 to 5.5. This suggests we may need to interact with something to reveal more size options or scroll to see additional sizes.\\n\\nLet me skip this section since we can't accomplish the goal with the currently visible elements.\",\"tool_calls\":[{\"id\":\"toolu_01AXkzxGqfinnfM8pHuzDsju\",\"type\":\"function\",\"function\":{\"name\":\"skipSection\",\"arguments\":\"{\\\"reason\\\":\\\"Size 7 is not currently visible in the size options. We need to see more size options to select size 7.\\\"}\"}}]},\"finish_reason\":\"tool_use\"}],\"usage\":{\"prompt_tokens\":5936,\"completion_tokens\":152,\"total_tokens\":6088}}","type":"object"},"requestId":{"value":"rvat5razbw","type":"string"},"cacheOptions":{"value":"{\"model\":\"claude-3-5-sonnet-latest\",\"messages\":[{\"role\":\"system\",\"content\":\"\\n# Instructions\\nYou are a browser automation assistant. Your job is to accomplish the user's goal across multiple model calls by running playwright commands.\\n\\n## Input\\nYou will receive:\\n1. the user's overall goal\\n2. the steps that you've taken so far\\n3. a list of active DOM elements in this chunk to consider to get closer to the goal. \\n4. Optionally, a list of variable names that the user has provided that you may use to accomplish the goal. To use the variables, you must use the special <|VARIABLE_NAME|> syntax.\\n5. Optionally, custom instructions will be provided by the user. If the user's instructions are not relevant to the current task, ignore them. Otherwise, make sure to adhere to them.\\n\\n\\n## Your Goal / Specification\\nYou have 2 tools that you can call: doAction, and skipSection. Do action only performs Playwright actions. Do exactly what the user's goal is. Do not perform any other actions or exceed the scope of the goal.\\nIf the user's goal will be accomplished after running the playwright action, set completed to true. Better to have completed set to true if your are not sure.\\n\\nNote 1: If there is a popup on the page for cookies or advertising that has nothing to do with the goal, try to close it first before proceeding. As this can block the goal from being completed.\\nNote 2: Sometimes what your are looking for is hidden behind and element you need to interact with. For example, sliders, buttons, etc...\\n\\nAgain, if the user's goal will be accomplished after running the playwright action, set completed to true. Also, if the user provides custom instructions, it is imperative that you follow them no matter what.\\n\"},{\"role\":\"user\",\"content\":\"\\n# My Goal\\nSelect size 7 from size grid selector\\n\\n# Steps You've Taken So Far\\n\\n\\n# Current Active Dom Elements\\n0:Get a Nike Gift Card\\n1:Members: Free Shipping on Orders $50+\\n2:<a class=\\\"banner-link\\\" href=\\\"https://www.nike.com/w/best-76m50\\\" data-id=\\\"cd5a46a4-54ae-4685-adfc-182e1b5cb4d8\\\">Look for Store Pickup at Checkout</a>\\n3:Look for Store Pickup at Checkout\\n4:<button class=\\\"nds-btn nds-button--icon-only css-xg5ofo ex41m6f0 btn-tertiary-dark  btn-md\\\" aria-label=\\\"Next Banner\\\" type=\\\"button\\\" data-testid=\\\"next-banner\\\"></button>\\n5:<button class=\\\"nds-btn nds-button--icon-only css-m4yzpr ex41m6f0 btn-tertiary-dark  btn-md\\\" aria-label=\\\"Previous Banner\\\" type=\\\"button\\\" data-testid=\\\"previous-banner\\\"></button>\\n6:<label class=\\\"css-1tctny\\\"></label>\\n7:<label class=\\\"css-1tctny\\\"></label>\\n8:<label class=\\\"css-1tctny\\\"></label>\\n9:<label class=\\\"css-1tctny\\\"></label>\\n10:<label class=\\\"css-1tctny\\\"></label>\\n11:<label class=\\\"css-1tctny\\\"></label>\\n12:<label class=\\\"css-1tctny\\\"></label>\\n13:<span class=\\\"prl1-sm\\\">Highly Rated</span>\\n14:Highly Rated\\n15:<button class=\\\"css-1u1z458\\\" aria-label=\\\"Previous product image\\\" data-testid=\\\"prevBtn\\\"></button>\\n16:<button class=\\\"css-1u1z458\\\" aria-label=\\\"Next product image\\\" data-testid=\\\"nextBtn\\\"></button>\\n17:<h1 id=\\\"pdp_product_title\\\" class=\\\"nds-text css-1h3ryhm e1yhcai00 text-align-start appearance-title4 color-primary weight-regular\\\" data-testid=\\\"product_title\\\">Nike Blazer Mid '77 Vintage</h1>\\n18:Nike Blazer Mid '77 Vintage\\n19:<h2 id=\\\"pdp_product_subtitle\\\" class=\\\"nds-text product_subtitle css-17kvvgb e1yhcai00 text-align-start appearance-body1 color-secondary weight-regular\\\" data-testid=\\\"product_subtitle\\\">Men's Shoes</h2>\\n20:Men's Shoes\\n21:<span class=\\\"nds-text mr2-sm css-tbgmka e1yhcai00 text-align-start appearance-body1Strong color-primary display-inline weight-regular\\\" data-testid=\\\"currentPrice-container\\\">$67.97</span>\\n22:$67.97\\n23:<span class=\\\"nds-text mr2-sm css-1i6dsa8 e1yhcai00 appearance-body1 color-secondary display-inline weight-regular strikethrough\\\" aria-label=\\\"List: $105\\\" data-testid=\\\"initialPrice-container\\\">$105</span>\\n24:$105\\n25:<span class=\\\"nds-text mr2-sm css-1rzi5ti e1yhcai00 appearance-body1Strong color-success display-inline weight-regular\\\" data-testid=\\\"OfferPercentage\\\">35% off</span>\\n26:35% off\\n27:<p class=\\\"nds-text mt2-sm css-ryx1uy e1yhcai00 text-align-start appearance-body1Strong color-success weight-regular\\\" data-testid=\\\"promo-message\\\">New Markdown</p>\\n28:New Markdown\\n29:<a class=\\\"css-1wud0ww\\\" href=\\\"/t/blazer-mid-77-vintage-mens-shoes-nw30B2/BQ6806-100\\\" data-testid=\\\"colorway-link-BQ6806-100\\\"></a>\\n30:<a class=\\\"css-1wud0ww\\\" href=\\\"/t/blazer-mid-77-vintage-mens-shoes-nw30B2/BQ6806-125\\\" data-testid=\\\"colorway-link-BQ6806-125\\\"></a>\\n31:<a class=\\\"css-1wud0ww\\\" href=\\\"/t/blazer-mid-77-vintage-mens-shoes-nw30B2/BQ6806-002\\\" data-testid=\\\"colorway-link-BQ6806-002\\\"></a>\\n32:<a class=\\\"css-1wud0ww\\\" href=\\\"/t/blazer-mid-77-vintage-mens-shoes-nw30B2/BQ6806-128\\\" data-testid=\\\"colorway-link-BQ6806-128\\\"></a>\\n33:<a class=\\\"css-1wud0ww\\\" href=\\\"/t/blazer-mid-77-vintage-mens-shoes-nw30B2/BQ6806-129\\\" data-testid=\\\"colorway-link-BQ6806-129\\\"></a>\\n34:<a class=\\\"css-1wud0ww\\\" href=\\\"/t/blazer-mid-77-vintage-mens-shoes-nw30B2/BQ6806-131\\\" data-testid=\\\"colorway-link-BQ6806-131\\\"></a>\\n35:<a class=\\\"css-1wud0ww\\\" href=\\\"/t/blazer-mid-77-vintage-mens-shoes-nw30B2/BQ6806-130\\\" data-testid=\\\"colorway-link-BQ6806-130\\\"></a>\\n36:<a class=\\\"css-1wud0ww\\\" href=\\\"/t/blazer-mid-77-vintage-mens-shoes-nw30B2/BQ6806-132\\\" data-testid=\\\"colorway-link-BQ6806-132\\\"></a>\\n37:<a class=\\\"css-1wud0ww\\\" href=\\\"/t/blazer-mid-77-vintage-mens-shoes-nw30B2/BQ6806-133\\\" data-testid=\\\"colorway-link-BQ6806-133\\\"></a>\\n38:<a class=\\\"css-1wud0ww\\\" href=\\\"/t/blazer-mid-77-vintage-mens-shoes-nw30B2/HJ9098-790\\\" data-testid=\\\"colorway-link-HJ9098-790\\\"></a>\\n39:<a class=\\\"css-1wud0ww\\\" href=\\\"/t/blazer-mid-77-premium-mens-shoes-nw30B2/HF3157-200\\\" data-testid=\\\"colorway-link-HF3157-200\\\"></a>\\n40:<a class=\\\"css-1wud0ww\\\" href=\\\"/t/blazer-mid-77-premium-mens-shoes-nw30B2/HF3157-400\\\" data-testid=\\\"colorway-link-HF3157-400\\\"></a>\\n41:<a class=\\\"css-1wud0ww\\\" href=\\\"/t/blazer-mid-77-premium-mens-shoes-nw30B2/FN5822-100\\\" data-testid=\\\"colorway-link-FN5822-100\\\"></a>\\n42:<a href=\\\"https://www.nike.com/u/custom-nike-blazer-mid-77-shoes-by-you-10001870/7984146380\\\"></a>\\n43:<span>Select Size</span>\\n44:Select Size\\n45:<a class=\\\"fl-sm-r css-xv9tlh\\\" href=\\\"https://www.nike.com/size-fit/mens-footwear\\\" data-testid=\\\"pdp_sizeGuide\\\">Size Guide</a>\\n46:<span class=\\\"nds-text css-170191f e1yhcai00 appearance-body2Strong color-primary weight-regular\\\">Size Guide</span>\\n47:Size Guide\\n48:<label class=\\\"u-full-width u-full-height d-sm-flx flx-jc-sm-c flx-ai-sm-c\\\">3.5</label>\\n49:3.5\\n50:<label class=\\\"u-full-width u-full-height d-sm-flx flx-jc-sm-c flx-ai-sm-c\\\">4</label>\\n51:4\\n52:<label class=\\\"u-full-width u-full-height d-sm-flx flx-jc-sm-c flx-ai-sm-c\\\">4.5</label>\\n53:4.5\\n54:<label class=\\\"u-full-width u-full-height d-sm-flx flx-jc-sm-c flx-ai-sm-c\\\">5</label>\\n55:5\\n56:<label class=\\\"u-full-width u-full-height d-sm-flx flx-jc-sm-c flx-ai-sm-c\\\">5.5</label>\\n57:5.5\\n58:<li>For easier entry, we recommend unlacing the top 4 eyelets and slightly loosening the laces farther down</li>\\n59:For easier entry, we recommend unlacing the top 4 eyelets and slightly loosening the laces farther down\\n60:Skip to main content\\n61:<a class=\\\"brand-link\\\" href=\\\"https://www.nike.com/jordan\\\" aria-label=\\\"Jordan\\\" data-testid=\\\"link\\\"></a>\\n62:<a class=\\\"brand-link\\\" href=\\\"https://www.nike.com/w/converse-akmjx\\\" aria-label=\\\"Converse\\\" data-testid=\\\"link\\\"></a>\\n63:<a class=\\\"interactive-profile-element\\\" href=\\\"https://www.nike.com/retail\\\" data-testid=\\\"link\\\">Find a Store</a>\\n64:<p class=\\\"nds-text css-t62sze e1yhcai00 appearance-body3Strong color-primary weight-regular\\\" data-testid=\\\"desktop-user-menu-item-message-0\\\">Find a Store</p>\\n65:Find a Store\\n66:<a class=\\\"interactive-profile-element\\\" href=\\\"https://www.nike.com/help\\\" data-testid=\\\"link\\\">Help</a>\\n67:<p class=\\\"nds-text css-t62sze e1yhcai00 appearance-body3Strong color-primary weight-regular\\\" data-testid=\\\"desktop-user-menu-item-message-1\\\">Help</p>\\n68:Help\\n69:<details class=\\\" css-1qehhq\\\">HelpOrder StatusShipping & DeliveryReturnsOrder CancellationSize ChartsContact UsMembershipPromotions & DiscountsProduct AdviceSend Us Feedback</details>\\n70:<a class=\\\"interactive-profile-element\\\" href=\\\"https://www.nike.com/membership\\\" data-testid=\\\"link\\\">Join Us</a>\\n71:<p class=\\\"nds-text css-t62sze e1yhcai00 appearance-body3Strong color-primary weight-regular\\\" data-testid=\\\"desktop-user-menu-item-message-2\\\">Join Us</p>\\n72:Join Us\\n73:<a class=\\\"interactive-profile-element profile-link\\\" href=\\\"https://www.nike.com/register\\\" data-testid=\\\"link\\\">Sign In</a>\\n74:<p class=\\\"nds-text css-t62sze e1yhcai00 appearance-body3Strong color-primary weight-regular\\\" data-testid=\\\"desktop-user-menu-item-message-3\\\">Sign In</p>\\n75:Sign In\\n76:<a class=\\\"swoosh-link\\\" href=\\\"https://www.nike.com\\\" aria-label=\\\"Nike Home Page\\\" data-testid=\\\"link\\\"></a>\\n77:<ul class=\\\"desktop-category\\\">NewFeaturedNew Arrivals Best SellersLatest DropsNew in Air Max: Dn8Vomero 18SNKRS Launch CalendarShop NewMenWomenKidsShop AllTrending24.7 CollectionNike Style BySo Win CollectionACG EssentialsRunning Shoe FinderMenNew New ArrivalsBest SellersLatest DropsNew in Air Max: Dn8Shop Latest Sale StylesShoesAll ShoesBasketballLifestyleJordanRetro RunningRunningTraining & GymShoes $100 & UnderClothingAll ClothingHoodies & Sweatshirts JordanJackets & VestsTracksuits24.7 CollectionPantsShortsTops & T-ShirtsAccessoriesBags & BackpacksHats & HeadwearSocksSunglassesBeltsShop By SportBaseballBasketballFan GearFootballGolfRunningTrack & FieldSoccerTennisTraining & GymWomenNew New ArrivalsBest SellersLatest DropsSo Win CollectionNew in Air Max: Dn8Shop Latest Sale StylesShop by ColorElemental PinkUniversity RedGame RoyalMink BrownBlack and SailShoesAll ShoesBasketballLifestyleJordanRetro RunningRunningTraining & GymShoes $100 & UnderClothingAll ClothingBrasHoodies & SweatshirtsLeggingsMatching Sets24.7 CollectionJackets & VestsPantsShortsTops & T-ShirtsAccessoriesBags & BackpacksHats & HeadwearSocksSunglassesBeltsShop By SportBasketballFan GearGolfRunningTrack & FieldTrainingSoccerTennisVolleyballKidsNew New ArrivalsBest SellersLatest DropsNew in Air Max: Dn8Shop Latest Sale StylesShoes by AgeBig Kids (1Y - 7Y)Little Kids (8C - 3Y)Baby & Toddler (1C - 10C)TeenAll ShoesBasketballLifestyleJordanRetro RunningRunningClothing by AgeBig Kids (XS - XL)Little Kids (4 - 7)Baby & Toddler (0M - 4T)TeenAll ClothingBrasHoodies & SweatshirtsJordanMatching SetsJackets & VestsPants & TightsShortsTops & T-ShirtsAccessoriesBags & BackpacksHats & HeadwearSocksSunglassesBeltsShop By SportBasketballGymnasticsFan GearFootballRunningSoccerJordanNewNew ArrivalsBest SellersShop Latest Sale StylesCollectionsJordan Heat CheckJordan FleeceJordan Sleeper PicksColors of the SeasonMenShop AllShoesAJ1ClothingBasketballWomenShop AllShoesAJ1ClothingBasketballKidsShop AllShoesAJ1ClothingBasketballBig KidsLittle KidsBaby & ToddlerAccessoriesShop AllBags & BackpacksHats & Headwear</ul>\\n78:<a class=\\\"menu-hover-trigger-link\\\" href=\\\"https://www.nike.com/w/new-3n82y\\\" data-testid=\\\"link\\\">New</a>\\n79:New\\n80:<details class=\\\" css-1qehhq\\\">FeaturedNew Arrivals Best SellersLatest DropsNew in Air Max: Dn8Vomero 18SNKRS Launch CalendarShop NewMenWomenKidsShop AllTrending24.7 CollectionNike Style BySo Win CollectionACG EssentialsRunning Shoe Finder</details>\\n81:<a class=\\\"menu-hover-trigger-link\\\" href=\\\"https://www.nike.com/men\\\" data-testid=\\\"link\\\">Men</a>\\n82:Men\\n83:<details class=\\\" css-1qehhq\\\">New New ArrivalsBest SellersLatest DropsNew in Air Max: Dn8Shop Latest Sale StylesShoesAll ShoesBasketballLifestyleJordanRetro RunningRunningTraining & GymShoes $100 & UnderClothingAll ClothingHoodies & Sweatshirts JordanJackets & VestsTracksuits24.7 CollectionPantsShortsTops & T-ShirtsAccessoriesBags & BackpacksHats & HeadwearSocksSunglassesBeltsShop By SportBaseballBasketballFan GearFootballGolfRunningTrack & FieldSoccerTennisTraining & Gym</details>\\n84:<a class=\\\"menu-hover-trigger-link\\\" href=\\\"https://www.nike.com/women\\\" data-testid=\\\"link\\\">Women</a>\\n85:Women\\n86:<details class=\\\" css-1qehhq\\\">New New ArrivalsBest SellersLatest DropsSo Win CollectionNew in Air Max: Dn8Shop Latest Sale StylesShop by ColorElemental PinkUniversity RedGame RoyalMink BrownBlack and SailShoesAll ShoesBasketballLifestyleJordanRetro RunningRunningTraining & GymShoes $100 & UnderClothingAll ClothingBrasHoodies & SweatshirtsLeggingsMatching Sets24.7 CollectionJackets & VestsPantsShortsTops & T-ShirtsAccessoriesBags & BackpacksHats & HeadwearSocksSunglassesBeltsShop By SportBasketballFan GearGolfRunningTrack & FieldTrainingSoccerTennisVolleyball</details>\\n87:<a class=\\\"menu-hover-trigger-link\\\" href=\\\"https://www.nike.com/kids\\\" data-testid=\\\"link\\\">Kids</a>\\n88:Kids\\n89:<details class=\\\" css-1qehhq\\\">New New ArrivalsBest SellersLatest DropsNew in Air Max: Dn8Shop Latest Sale StylesShoes by AgeBig Kids (1Y - 7Y)Little Kids (8C - 3Y)Baby & Toddler (1C - 10C)TeenAll ShoesBasketballLifestyleJordanRetro RunningRunningClothing by AgeBig Kids (XS - XL)Little Kids (4 - 7)Baby & Toddler (0M - 4T)TeenAll ClothingBrasHoodies & SweatshirtsJordanMatching SetsJackets & VestsPants & TightsShortsTops & T-ShirtsAccessoriesBags & BackpacksHats & HeadwearSocksSunglassesBeltsShop By SportBasketballGymnasticsFan GearFootballRunningSoccer</details>\\n90:<a class=\\\"menu-hover-trigger-link\\\" href=\\\"https://www.nike.com/jordan\\\" data-testid=\\\"link\\\">Jordan</a>\\n91:Jordan\\n92:<details class=\\\" css-1qehhq\\\">NewNew ArrivalsBest SellersShop Latest Sale StylesCollectionsJordan Heat CheckJordan FleeceJordan Sleeper PicksColors of the SeasonMenShop AllShoesAJ1ClothingBasketballWomenShop AllShoesAJ1ClothingBasketballKidsShop AllShoesAJ1ClothingBasketballBig KidsLittle KidsBaby & ToddlerAccessoriesShop AllBags & BackpacksHats & Headwear</details>\\n93:<button id=\\\"nav-search-icon\\\" class=\\\"nds-btn nds-button--icon-only search-start-btn css-1pto8ls ex41m6f0 btn-secondary-dark \\\" aria-label=\\\"Search\\\" type=\\\"button\\\"></button>\\n94:<input id=\\\"gn-search-input\\\" class=\\\"search-input\\\" aria-label=\\\"Search Products\\\" type=\\\"search\\\"></input>\\n95:<a class=\\\"nds-btn nds-button--icon-only nav-favorites css-q24gly ex41m6f0 btn-primary-dark \\\" href=\\\"https://www.nike.com/favorites\\\" aria-label=\\\"Favorites\\\" data-testid=\\\"favorite-button\\\"></a>\\n96:<a class=\\\"nds-btn nds-button--icon-only nav-bag-icon css-17i884h ex41m6f0 btn-primary-light \\\" href=\\\"https://www.nike.com/cart\\\" aria-label=\\\"Bag Items: 0\\\"></a>\\n\\n\"}],\"temperature\":0.1,\"tools\":[{\"type\":\"function\",\"name\":\"doAction\",\"description\":\"execute the next playwright step that directly accomplishes the goal\",\"parameters\":{\"type\":\"object\",\"required\":[\"method\",\"element\",\"args\",\"step\",\"completed\"],\"properties\":{\"method\":{\"type\":\"string\",\"description\":\"The playwright function to call.\"},\"element\":{\"type\":\"number\",\"description\":\"The element number to act on\"},\"args\":{\"type\":\"array\",\"description\":\"The required arguments\",\"items\":{\"type\":\"string\",\"description\":\"The argument to pass to the function\"}},\"step\":{\"type\":\"string\",\"description\":\"human readable description of the step that is taken in the past tense. Please be very detailed.\"},\"why\":{\"type\":\"string\",\"description\":\"why is this step taken? how does it advance the goal?\"},\"completed\":{\"type\":\"boolean\",\"description\":\"true if the goal should be accomplished after this step\"}}}},{\"type\":\"function\",\"name\":\"skipSection\",\"description\":\"skips this area of the webpage because the current goal cannot be accomplished here\",\"parameters\":{\"type\":\"object\",\"properties\":{\"reason\":{\"type\":\"string\",\"description\":\"reason that no action is taken\"}}}}]}","type":"object"}}
2025-03-05T11:43:13.459Z::[stagehand:action] received response from LLM {"response":{"value":"null","type":"object"}}
2025-03-05T11:43:13.470Z::[stagehand:action] no action found in current chunk {"chunksSeen":{"value":"1","type":"integer"}}
2025-03-05T11:43:13.716Z::[stagehand:action] running / continuing action {"action":{"value":"Select size 7 from size grid selector","type":"string"},"pageUrl":{"value":"https://www.nike.com/t/blazer-mid-77-vintage-mens-shoes-nw30B2/BQ6806-100","type":"string"}}
2025-03-05T11:43:13.717Z::[stagehand:action] processing DOM 
2025-03-05T11:43:17.402Z::[stagehand:action] looking at chunk {"chunk":{"value":"11","type":"integer"},"chunks":{"value":"13","type":"integer"},"chunksSeen":{"value":"1","type":"integer"},"chunksLeft":{"value":"12","type":"integer"}}
2025-03-05T11:43:17.403Z::[stagehand:anthropic] creating chat completion {"options":{"value":"{\"messages\":[{\"role\":\"system\",\"content\":\"\\n# Instructions\\nYou are a browser automation assistant. Your job is to accomplish the user's goal across multiple model calls by running playwright commands.\\n\\n## Input\\nYou will receive:\\n1. the user's overall goal\\n2. the steps that you've taken so far\\n3. a list of active DOM elements in this chunk to consider to get closer to the goal. \\n4. Optionally, a list of variable names that the user has provided that you may use to accomplish the goal. To use the variables, you must use the special <|VARIABLE_NAME|> syntax.\\n5. Optionally, custom instructions will be provided by the user. If the user's instructions are not relevant to the current task, ignore them. Otherwise, make sure to adhere to them.\\n\\n\\n## Your Goal / Specification\\nYou have 2 tools that you can call: doAction, and skipSection. Do action only performs Playwright actions. Do exactly what the user's goal is. Do not perform any other actions or exceed the scope of the goal.\\nIf the user's goal will be accomplished after running the playwright action, set completed to true. Better to have completed set to true if your are not sure.\\n\\nNote 1: If there is a popup on the page for cookies or advertising that has nothing to do with the goal, try to close it first before proceeding. As this can block the goal from being completed.\\nNote 2: Sometimes what your are looking for is hidden behind and element you need to interact with. For example, sliders, buttons, etc...\\n\\nAgain, if the user's goal will be accomplished after running the playwright action, set completed to true. Also, if the user provides custom instructions, it is imperative that you follow them no matter what.\\n\"},{\"role\":\"user\",\"content\":\"\\n# My Goal\\nSelect size 7 from size grid selector\\n\\n# Steps You've Taken So Far\\n\\n## Step: Scrolled to another section\\n\\n\\n# Current Active Dom Elements\\n0:<h2 class=\\\"css-1twugl3\\\" data-testid=\\\"footer-menu-col-0-header\\\">Resources</h2>\\n1:Resources\\n2:<a class=\\\"footer-link\\\" href=\\\"https://www.nike.com/gift-cards\\\" data-testid=\\\"footer-menu-col-0-child-0\\\">Gift Cards</a>\\n3:<p class=\\\"nds-text footer-link css-xrit3w e1yhcai00 appearance-body3Strong color-secondary weight-regular\\\">Gift Cards</p>\\n4:Gift Cards\\n5:<a class=\\\"footer-link\\\" href=\\\"https://www.nike.com/retail\\\" data-testid=\\\"footer-menu-col-0-child-1\\\">Find a Store</a>\\n6:<p class=\\\"nds-text footer-link css-xrit3w e1yhcai00 appearance-body3Strong color-secondary weight-regular\\\">Find a Store</p>\\n7:Find a Store\\n8:<a class=\\\"footer-link\\\" href=\\\"https://www.nike.com/membership\\\" data-testid=\\\"footer-menu-col-0-child-2\\\">Membership</a>\\n9:<p class=\\\"nds-text footer-link css-xrit3w e1yhcai00 appearance-body3Strong color-secondary weight-regular\\\">Membership</p>\\n10:Membership\\n11:<a class=\\\"footer-link\\\" href=\\\"https://www.nike.com/stories\\\" data-testid=\\\"footer-menu-col-0-child-3\\\">Nike Journal</a>\\n12:<p class=\\\"nds-text footer-link css-xrit3w e1yhcai00 appearance-body3Strong color-secondary weight-regular\\\">Nike Journal</p>\\n13:Nike Journal\\n14:<a class=\\\"footer-link\\\" href=\\\"#site-feedback\\\" data-testid=\\\"footer-menu-col-0-child-4\\\">Site Feedback</a>\\n15:<p class=\\\"nds-text footer-link css-xrit3w e1yhcai00 appearance-body3Strong color-secondary weight-regular\\\">Site Feedback</p>\\n16:Site Feedback\\n17:<h2 class=\\\"css-1twugl3\\\" data-testid=\\\"footer-menu-col-1-header\\\">Help</h2>\\n18:Help\\n19:<a class=\\\"footer-link\\\" href=\\\"https://www.nike.com/help\\\" data-testid=\\\"footer-menu-col-1-child-0\\\">Get Help</a>\\n20:<p class=\\\"nds-text footer-link css-xrit3w e1yhcai00 appearance-body3Strong color-secondary weight-regular\\\">Get Help</p>\\n21:Get Help\\n22:<a class=\\\"footer-link\\\" href=\\\"https://www.nike.com/orders/details/\\\" data-testid=\\\"footer-menu-col-1-child-1\\\">Order Status</a>\\n23:<p class=\\\"nds-text footer-link css-xrit3w e1yhcai00 appearance-body3Strong color-secondary weight-regular\\\">Order Status</p>\\n24:Order Status\\n25:<a class=\\\"footer-link\\\" href=\\\"https://www.nike.com/help/a/shipping-delivery\\\" data-testid=\\\"footer-menu-col-1-child-2\\\">Shipping and Delivery</a>\\n26:<p class=\\\"nds-text footer-link css-xrit3w e1yhcai00 appearance-body3Strong color-secondary weight-regular\\\">Shipping and Delivery</p>\\n27:Shipping and Delivery\\n28:<a class=\\\"footer-link\\\" href=\\\"https://www.nike.com/help/a/returns-policy\\\" data-testid=\\\"footer-menu-col-1-child-3\\\">Returns</a>\\n29:<p class=\\\"nds-text footer-link css-xrit3w e1yhcai00 appearance-body3Strong color-secondary weight-regular\\\">Returns</p>\\n30:Returns\\n31:<a class=\\\"footer-link\\\" href=\\\"https://www.nike.com/help/a/change-cancel-order\\\" data-testid=\\\"footer-menu-col-1-child-4\\\">Order Cancellation</a>\\n32:<p class=\\\"nds-text footer-link css-xrit3w e1yhcai00 appearance-body3Strong color-secondary weight-regular\\\">Order Cancellation</p>\\n33:Order Cancellation\\n34:<a class=\\\"footer-link\\\" href=\\\"https://www.nike.com/help/a/payment-options\\\" data-testid=\\\"footer-menu-col-1-child-5\\\">Payment Options</a>\\n35:<p class=\\\"nds-text footer-link css-xrit3w e1yhcai00 appearance-body3Strong color-secondary weight-regular\\\">Payment Options</p>\\n36:Payment Options\\n37:<a class=\\\"footer-link\\\" href=\\\"https://www.nike.com/orders/gift-card-lookup\\\" data-testid=\\\"footer-menu-col-1-child-6\\\">Gift Card Balance</a>\\n38:<p class=\\\"nds-text footer-link css-xrit3w e1yhcai00 appearance-body3Strong color-secondary weight-regular\\\">Gift Card Balance</p>\\n39:Gift Card Balance\\n40:<a class=\\\"footer-link\\\" href=\\\"https://www.nike.com/help/#contact\\\" data-testid=\\\"footer-menu-col-1-child-7\\\">Contact Us</a>\\n41:<p class=\\\"nds-text footer-link css-xrit3w e1yhcai00 appearance-body3Strong color-secondary weight-regular\\\">Contact Us</p>\\n42:Contact Us\\n43:<h2 class=\\\"css-1twugl3\\\" data-testid=\\\"footer-menu-col-2-header\\\">Company</h2>\\n44:Company\\n45:<a class=\\\"footer-link\\\" href=\\\"https://about.nike.com/en\\\" data-testid=\\\"footer-menu-col-2-child-0\\\">About Nike</a>\\n46:<p class=\\\"nds-text footer-link css-xrit3w e1yhcai00 appearance-body3Strong color-secondary weight-regular\\\">About Nike</p>\\n47:About Nike\\n48:<a class=\\\"footer-link\\\" href=\\\"http://news.nike.com/\\\" data-testid=\\\"footer-menu-col-2-child-1\\\">News</a>\\n49:<p class=\\\"nds-text footer-link css-xrit3w e1yhcai00 appearance-body3Strong color-secondary weight-regular\\\">News</p>\\n50:News\\n51:<a class=\\\"footer-link\\\" href=\\\"https://careers.nike.com/\\\" data-testid=\\\"footer-menu-col-2-child-2\\\">Careers</a>\\n52:<p class=\\\"nds-text footer-link css-xrit3w e1yhcai00 appearance-body3Strong color-secondary weight-regular\\\">Careers</p>\\n53:Careers\\n54:<a class=\\\"footer-link\\\" href=\\\"http://investors.nike.com/\\\" data-testid=\\\"footer-menu-col-2-child-3\\\">Investors</a>\\n55:<p class=\\\"nds-text footer-link css-xrit3w e1yhcai00 appearance-body3Strong color-secondary weight-regular\\\">Investors</p>\\n56:Investors\\n57:<a class=\\\"footer-link\\\" href=\\\"https://purpose.nike.com/\\\" data-testid=\\\"footer-menu-col-2-child-4\\\">Purpose</a>\\n58:<p class=\\\"nds-text footer-link css-xrit3w e1yhcai00 appearance-body3Strong color-secondary weight-regular\\\">Purpose</p>\\n59:Purpose\\n60:<a class=\\\"footer-link\\\" href=\\\"https://www.nike.com/sustainability\\\" data-testid=\\\"footer-menu-col-2-child-5\\\">Sustainability</a>\\n61:<p class=\\\"nds-text footer-link css-xrit3w e1yhcai00 appearance-body3Strong color-secondary weight-regular\\\">Sustainability</p>\\n62:Sustainability\\n63:<a class=\\\"footer-header\\\" href=\\\"https://www.nike.com/promo-code\\\" data-testid=\\\"footer-menu-col-3-header\\\">Promotions & Discounts</a>\\n64:<p class=\\\"nds-text footer-header css-xrit3w e1yhcai00 appearance-body3Strong color-secondary weight-regular\\\">Promotions & Discounts</p>\\n65:Promotions & Discounts\\n66:<a class=\\\"footer-link\\\" href=\\\"https://www.nike.com/help/a/student-discount\\\" data-testid=\\\"footer-menu-col-3-child-0\\\">Student</a>\\n67:<p class=\\\"nds-text footer-link css-xrit3w e1yhcai00 appearance-body3Strong color-secondary weight-regular\\\">Student</p>\\n68:Student\\n69:<a class=\\\"footer-link\\\" href=\\\"https://www.nike.com/help/a/military-discount\\\" data-testid=\\\"footer-menu-col-3-child-1\\\">Military</a>\\n70:<p class=\\\"nds-text footer-link css-xrit3w e1yhcai00 appearance-body3Strong color-secondary weight-regular\\\">Military</p>\\n71:Military\\n72:<a class=\\\"footer-link\\\" href=\\\"https://www.nike.com/help/a/teacher-discount\\\" data-testid=\\\"footer-menu-col-3-child-2\\\">Teacher</a>\\n73:<p class=\\\"nds-text footer-link css-xrit3w e1yhcai00 appearance-body3Strong color-secondary weight-regular\\\">Teacher</p>\\n74:Teacher\\n75:<a class=\\\"footer-link\\\" href=\\\"https://www.nike.com/help/a/first-responder-discount\\\" data-testid=\\\"footer-menu-col-3-child-3\\\">First Responders & Medical Professionals</a>\\n76:<p class=\\\"nds-text footer-link css-xrit3w e1yhcai00 appearance-body3Strong color-secondary weight-regular\\\">First Responders & Medical Professionals</p>\\n77:First Responders & Medical Professionals\\n78:<a class=\\\"footer-link\\\" href=\\\"https://www.nike.com/help/a/birthday-terms-promo\\\" data-testid=\\\"footer-menu-col-3-child-4\\\">Birthday</a>\\n79:<p class=\\\"nds-text footer-link css-xrit3w e1yhcai00 appearance-body3Strong color-secondary weight-regular\\\">Birthday</p>\\n80:Birthday\\n81:<button class=\\\"nds-btn css-x8wy1 ex41m6f0 cta-primary-dark  btn-responsive\\\" aria-label=\\\"Selected Location: United States\\\" type=\\\"submit\\\" data-testid=\\\"link\\\">United States</button>\\n82:United States\\n83:©\\n84:2025\\n85:Nike, Inc. All Rights Reserved\\n86:<details class=\\\" css-1qehhq\\\">GuidesNike AirNike Air Force 1Nike Air MaxNike FlyEaseNike FlyknitNike FreeNike ReactNike VaporflyNike ZoomXSpace Hippie</details>\\n87:<summary class=\\\"drop-down-accessibility-button\\\" aria-label=\\\"Guides menu\\\" aria-expanded=\\\"false\\\" aria-haspopup=\\\"menu\\\">Guides</summary>\\n88:<p class=\\\"nds-text css-175n91z e1yhcai00 appearance-body2Strong color-secondary weight-regular\\\" data-testid=\\\"desktop-user-menu-item-message-Guides\\\">Guides</p>\\n89:Guides\\n90:<a class=\\\"css-1isz5ne\\\" href=\\\"https://agreementservice.svs.nike.com/us/en_us/rest/agreement?agreementType=termsOfSale&uxId=com.nike.commerce.nikedotcom.web&country=US&language=en&requestType=redirect\\\" data-testid=\\\"link\\\">Terms of Sale</a>\\n91:<p class=\\\"nds-text css-170191f e1yhcai00 appearance-body2Strong color-primary weight-regular\\\">Terms of Sale</p>\\n92:Terms of Sale\\n93:<a class=\\\"css-1isz5ne\\\" href=\\\"https://agreementservice.svs.nike.com/us/en_us/rest/agreement?agreementType=termsOfUse&uxId=com.nike.commerce.nikedotcom.web&country=US&language=en&requestType=redirect\\\" data-testid=\\\"link\\\">Terms of Use</a>\\n94:<p class=\\\"nds-text css-170191f e1yhcai00 appearance-body2Strong color-primary weight-regular\\\">Terms of Use</p>\\n95:Terms of Use\\n96:<a class=\\\"css-1isz5ne\\\" href=\\\"https://agreementservice.svs.nike.com/rest/agreement?agreementType=privacyPolicy&uxId=com.nike.commerce.nikedotcom.web&country=US&language=en&requestType=redirect\\\" data-testid=\\\"link\\\">Nike Privacy Policy</a>\\n97:<p class=\\\"nds-text css-170191f e1yhcai00 appearance-body2Strong color-primary weight-regular\\\">Nike Privacy Policy</p>\\n98:Nike Privacy Policy\\n99:<a class=\\\"css-1isz5ne\\\" href=\\\"https://www.nike.com/guest/settings/do-not-share-my-data\\\" data-testid=\\\"link\\\">Your Privacy Choices</a>\\n100:<p class=\\\"nds-text css-170191f e1yhcai00 appearance-body2Strong color-primary weight-regular\\\">Your Privacy Choices</p>\\n101:Your Privacy Choices\\n102:<a class=\\\"css-1isz5ne\\\" href=\\\"https://about.nike.com/en/impact-resources/statement-on-forced-labor\\\" data-testid=\\\"link\\\">CA Supply Chains Act</a>\\n103:<p class=\\\"nds-text css-170191f e1yhcai00 appearance-body2Strong color-primary weight-regular\\\">CA Supply Chains Act</p>\\n104:CA Supply Chains Act\\n105:Nike Blazer Mid '77\\n106:Women's Shoes\\n107:<h3 class=\\\"nds-text discountPrice css-196t8ag e1yhcai00 appearance-body1Strong color-primary weight-medium\\\">$78.97</h3>\\n108:$78.97\\n109:<h3 class=\\\"nds-text price css-1uez6c2 e1yhcai00 appearance-body1 color-secondary weight-regular strikethrough\\\">$105.00</h3>\\n110:$105.00\\n111:Nike Air Max 270\\n112:Women's Shoes\\n113:<h3 class=\\\"nds-text price css-196t8ag e1yhcai00 appearance-body1Strong color-primary weight-medium\\\">$160.00</h3>\\n114:$160.00\\n115:Nike Sportswear Phoenix Fleece\\n116:Women's High-Waisted Wide-Leg Sweatpants\\n117:<h3 class=\\\"nds-text price css-196t8ag e1yhcai00 appearance-body1Strong color-primary weight-medium\\\">$70.00</h3>\\n118:$70.00\\n119:Nike Sportswear Club Fleece\\n120:Men's Full-Zip Hoodie\\n121:$70.00\\n122:Nike SB Zoom Blazer Low Pro GT\\n123:Skate Shoes\\n124:$85.00\\n125:Nike Blazer Mid '77\\n126:Big Kids' Shoes\\n127:$51.97\\n128:$85.00\\n129:Nike Blazer Low Pro Club\\n130:Men's Shoes\\n131:$59.97\\n132:$100.00\\n133:Nike Everyday Lightweight\\n134:Women's Training Footie Socks (3 Pairs)\\n135:$15.97\\n136:$18.00\\n137:Nike Dunk Low Retro\\n138:Men's Shoes\\n139:$115.00\\n140:Nike SB Blazer Low Pro GT Premium\\n141:Men's Shoes\\n142:$63.97\\n143:$90.00\\n144:<a class=\\\"swoosh-link\\\" href=\\\"https://www.nike.com\\\" aria-label=\\\"Nike Home Page\\\" data-testid=\\\"link\\\"></a>\\n145:<ul class=\\\"desktop-category\\\">NewFeaturedNew Arrivals Best SellersLatest DropsNew in Air Max: Dn8Vomero 18SNKRS Launch CalendarShop NewMenWomenKidsShop AllTrending24.7 CollectionNike Style BySo Win CollectionACG EssentialsRunning Shoe FinderMenNew New ArrivalsBest SellersLatest DropsNew in Air Max: Dn8Shop Latest Sale StylesShoesAll ShoesBasketballLifestyleJordanRetro RunningRunningTraining & GymShoes $100 & UnderClothingAll ClothingHoodies & Sweatshirts JordanJackets & VestsTracksuits24.7 CollectionPantsShortsTops & T-ShirtsAccessoriesBags & BackpacksHats & HeadwearSocksSunglassesBeltsShop By SportBaseballBasketballFan GearFootballGolfRunningTrack & FieldSoccerTennisTraining & GymWomenNew New ArrivalsBest SellersLatest DropsSo Win CollectionNew in Air Max: Dn8Shop Latest Sale StylesShop by ColorElemental PinkUniversity RedGame RoyalMink BrownBlack and SailShoesAll ShoesBasketballLifestyleJordanRetro RunningRunningTraining & GymShoes $100 & UnderClothingAll ClothingBrasHoodies & SweatshirtsLeggingsMatching Sets24.7 CollectionJackets & VestsPantsShortsTops & T-ShirtsAccessoriesBags & BackpacksHats & HeadwearSocksSunglassesBeltsShop By SportBasketballFan GearGolfRunningTrack & FieldTrainingSoccerTennisVolleyballKidsNew New ArrivalsBest SellersLatest DropsNew in Air Max: Dn8Shop Latest Sale StylesShoes by AgeBig Kids (1Y - 7Y)Little Kids (8C - 3Y)Baby & Toddler (1C - 10C)TeenAll ShoesBasketballLifestyleJordanRetro RunningRunningClothing by AgeBig Kids (XS - XL)Little Kids (4 - 7)Baby & Toddler (0M - 4T)TeenAll ClothingBrasHoodies & SweatshirtsJordanMatching SetsJackets & VestsPants & TightsShortsTops & T-ShirtsAccessoriesBags & BackpacksHats & HeadwearSocksSunglassesBeltsShop By SportBasketballGymnasticsFan GearFootballRunningSoccerJordanNewNew ArrivalsBest SellersShop Latest Sale StylesCollectionsJordan Heat CheckJordan FleeceJordan Sleeper PicksColors of the SeasonMenShop AllShoesAJ1ClothingBasketballWomenShop AllShoesAJ1ClothingBasketballKidsShop AllShoesAJ1ClothingBasketballBig KidsLittle KidsBaby & ToddlerAccessoriesShop AllBags & BackpacksHats & Headwear</ul>\\n146:<a class=\\\"menu-hover-trigger-link\\\" href=\\\"https://www.nike.com/w/new-3n82y\\\" data-testid=\\\"link\\\">New</a>\\n147:New\\n148:<details class=\\\" css-1qehhq\\\">FeaturedNew Arrivals Best SellersLatest DropsNew in Air Max: Dn8Vomero 18SNKRS Launch CalendarShop NewMenWomenKidsShop AllTrending24.7 CollectionNike Style BySo Win CollectionACG EssentialsRunning Shoe Finder</details>\\n149:<a class=\\\"menu-hover-trigger-link\\\" href=\\\"https://www.nike.com/men\\\" data-testid=\\\"link\\\">Men</a>\\n150:Men\\n151:<details class=\\\" css-1qehhq\\\">New New ArrivalsBest SellersLatest DropsNew in Air Max: Dn8Shop Latest Sale StylesShoesAll ShoesBasketballLifestyleJordanRetro RunningRunningTraining & GymShoes $100 & UnderClothingAll ClothingHoodies & Sweatshirts JordanJackets & VestsTracksuits24.7 CollectionPantsShortsTops & T-ShirtsAccessoriesBags & BackpacksHats & HeadwearSocksSunglassesBeltsShop By SportBaseballBasketballFan GearFootballGolfRunningTrack & FieldSoccerTennisTraining & Gym</details>\\n152:<a class=\\\"menu-hover-trigger-link\\\" href=\\\"https://www.nike.com/women\\\" data-testid=\\\"link\\\">Women</a>\\n153:Women\\n154:<details class=\\\" css-1qehhq\\\">New New ArrivalsBest SellersLatest DropsSo Win CollectionNew in Air Max: Dn8Shop Latest Sale StylesShop by ColorElemental PinkUniversity RedGame RoyalMink BrownBlack and SailShoesAll ShoesBasketballLifestyleJordanRetro RunningRunningTraining & GymShoes $100 & UnderClothingAll ClothingBrasHoodies & SweatshirtsLeggingsMatching Sets24.7 CollectionJackets & VestsPantsShortsTops & T-ShirtsAccessoriesBags & BackpacksHats & HeadwearSocksSunglassesBeltsShop By SportBasketballFan GearGolfRunningTrack & FieldTrainingSoccerTennisVolleyball</details>\\n155:<a class=\\\"menu-hover-trigger-link\\\" href=\\\"https://www.nike.com/kids\\\" data-testid=\\\"link\\\">Kids</a>\\n156:Kids\\n157:<details class=\\\" css-1qehhq\\\">New New ArrivalsBest SellersLatest DropsNew in Air Max: Dn8Shop Latest Sale StylesShoes by AgeBig Kids (1Y - 7Y)Little Kids (8C - 3Y)Baby & Toddler (1C - 10C)TeenAll ShoesBasketballLifestyleJordanRetro RunningRunningClothing by AgeBig Kids (XS - XL)Little Kids (4 - 7)Baby & Toddler (0M - 4T)TeenAll ClothingBrasHoodies & SweatshirtsJordanMatching SetsJackets & VestsPants & TightsShortsTops & T-ShirtsAccessoriesBags & BackpacksHats & HeadwearSocksSunglassesBeltsShop By SportBasketballGymnasticsFan GearFootballRunningSoccer</details>\\n158:<a class=\\\"menu-hover-trigger-link\\\" href=\\\"https://www.nike.com/jordan\\\" data-testid=\\\"link\\\">Jordan</a>\\n159:Jordan\\n160:<details class=\\\" css-1qehhq\\\">NewNew ArrivalsBest SellersShop Latest Sale StylesCollectionsJordan Heat CheckJordan FleeceJordan Sleeper PicksColors of the SeasonMenShop AllShoesAJ1ClothingBasketballWomenShop AllShoesAJ1ClothingBasketballKidsShop AllShoesAJ1ClothingBasketballBig KidsLittle KidsBaby & ToddlerAccessoriesShop AllBags & BackpacksHats & Headwear</details>\\n161:<button id=\\\"nav-search-icon\\\" class=\\\"nds-btn nds-button--icon-only search-start-btn css-1pto8ls ex41m6f0 btn-secondary-dark \\\" aria-label=\\\"Search\\\" type=\\\"button\\\"></button>\\n162:<input id=\\\"gn-search-input\\\" class=\\\"search-input\\\" aria-label=\\\"Search Products\\\" type=\\\"search\\\"></input>\\n163:<a class=\\\"nds-btn nds-button--icon-only nav-favorites css-q24gly ex41m6f0 btn-primary-dark \\\" href=\\\"https://www.nike.com/favorites\\\" aria-label=\\\"Favorites\\\" data-testid=\\\"favorite-button\\\"></a>\\n164:<a class=\\\"nds-btn nds-button--icon-only nav-bag-icon css-17i884h ex41m6f0 btn-primary-light \\\" href=\\\"https://www.nike.com/cart\\\" aria-label=\\\"Bag Items: 0\\\"></a>\\n\\n\"}],\"temperature\":0.1,\"top_p\":1,\"frequency_penalty\":0,\"presence_penalty\":0,\"tool_choice\":\"auto\",\"tools\":[{\"type\":\"function\",\"name\":\"doAction\",\"description\":\"execute the next playwright step that directly accomplishes the goal\",\"parameters\":{\"type\":\"object\",\"required\":[\"method\",\"element\",\"args\",\"step\",\"completed\"],\"properties\":{\"method\":{\"type\":\"string\",\"description\":\"The playwright function to call.\"},\"element\":{\"type\":\"number\",\"description\":\"The element number to act on\"},\"args\":{\"type\":\"array\",\"description\":\"The required arguments\",\"items\":{\"type\":\"string\",\"description\":\"The argument to pass to the function\"}},\"step\":{\"type\":\"string\",\"description\":\"human readable description of the step that is taken in the past tense. Please be very detailed.\"},\"why\":{\"type\":\"string\",\"description\":\"why is this step taken? how does it advance the goal?\"},\"completed\":{\"type\":\"boolean\",\"description\":\"true if the goal should be accomplished after this step\"}}}},{\"type\":\"function\",\"name\":\"skipSection\",\"description\":\"skips this area of the webpage because the current goal cannot be accomplished here\",\"parameters\":{\"type\":\"object\",\"properties\":{\"reason\":{\"type\":\"string\",\"description\":\"reason that no action is taken\"}}}}],\"requestId\":\"rvat5razbw\"}","type":"object"}}
2025-03-05T11:43:17.403Z::[stagehand:base_cache] Lock acquired 
2025-03-05T11:43:17.404Z::[stagehand:base_cache] Lock released 
2025-03-05T11:43:17.404Z::[stagehand:llm_cache] LLM cache hit - returning cached response {"cachedResponse":{"value":"{\"id\":\"msg_014FcyGmDkZb39eCz4312v39\",\"object\":\"chat.completion\",\"created\":1741174683985,\"model\":\"claude-3-5-sonnet-20241022\",\"choices\":[{\"index\":0,\"message\":{\"role\":\"assistant\",\"content\":\"I notice that the current DOM elements appear to be from the footer and navigation sections of the Nike website, and don't contain any size selector grid elements. Since I can't find any elements related to size selection in the current chunk of DOM elements, I should skip this section.\",\"tool_calls\":[{\"id\":\"toolu_018MZQavWdfE9Cc9wGJ4y2RJ\",\"type\":\"function\",\"function\":{\"name\":\"skipSection\",\"arguments\":\"{\\\"reason\\\":\\\"This section contains footer and navigation elements. No size selector grid is present in the current DOM elements.\\\"}\"}}]},\"finish_reason\":\"tool_use\"}],\"usage\":{\"prompt_tokens\":7106,\"completion_tokens\":127,\"total_tokens\":7233}}","type":"object"},"requestId":{"value":"rvat5razbw","type":"string"},"cacheOptions":{"value":"{\"model\":\"claude-3-5-sonnet-latest\",\"messages\":[{\"role\":\"system\",\"content\":\"\\n# Instructions\\nYou are a browser automation assistant. Your job is to accomplish the user's goal across multiple model calls by running playwright commands.\\n\\n## Input\\nYou will receive:\\n1. the user's overall goal\\n2. the steps that you've taken so far\\n3. a list of active DOM elements in this chunk to consider to get closer to the goal. \\n4. Optionally, a list of variable names that the user has provided that you may use to accomplish the goal. To use the variables, you must use the special <|VARIABLE_NAME|> syntax.\\n5. Optionally, custom instructions will be provided by the user. If the user's instructions are not relevant to the current task, ignore them. Otherwise, make sure to adhere to them.\\n\\n\\n## Your Goal / Specification\\nYou have 2 tools that you can call: doAction, and skipSection. Do action only performs Playwright actions. Do exactly what the user's goal is. Do not perform any other actions or exceed the scope of the goal.\\nIf the user's goal will be accomplished after running the playwright action, set completed to true. Better to have completed set to true if your are not sure.\\n\\nNote 1: If there is a popup on the page for cookies or advertising that has nothing to do with the goal, try to close it first before proceeding. As this can block the goal from being completed.\\nNote 2: Sometimes what your are looking for is hidden behind and element you need to interact with. For example, sliders, buttons, etc...\\n\\nAgain, if the user's goal will be accomplished after running the playwright action, set completed to true. Also, if the user provides custom instructions, it is imperative that you follow them no matter what.\\n\"},{\"role\":\"user\",\"content\":\"\\n# My Goal\\nSelect size 7 from size grid selector\\n\\n# Steps You've Taken So Far\\n\\n## Step: Scrolled to another section\\n\\n\\n# Current Active Dom Elements\\n0:<h2 class=\\\"css-1twugl3\\\" data-testid=\\\"footer-menu-col-0-header\\\">Resources</h2>\\n1:Resources\\n2:<a class=\\\"footer-link\\\" href=\\\"https://www.nike.com/gift-cards\\\" data-testid=\\\"footer-menu-col-0-child-0\\\">Gift Cards</a>\\n3:<p class=\\\"nds-text footer-link css-xrit3w e1yhcai00 appearance-body3Strong color-secondary weight-regular\\\">Gift Cards</p>\\n4:Gift Cards\\n5:<a class=\\\"footer-link\\\" href=\\\"https://www.nike.com/retail\\\" data-testid=\\\"footer-menu-col-0-child-1\\\">Find a Store</a>\\n6:<p class=\\\"nds-text footer-link css-xrit3w e1yhcai00 appearance-body3Strong color-secondary weight-regular\\\">Find a Store</p>\\n7:Find a Store\\n8:<a class=\\\"footer-link\\\" href=\\\"https://www.nike.com/membership\\\" data-testid=\\\"footer-menu-col-0-child-2\\\">Membership</a>\\n9:<p class=\\\"nds-text footer-link css-xrit3w e1yhcai00 appearance-body3Strong color-secondary weight-regular\\\">Membership</p>\\n10:Membership\\n11:<a class=\\\"footer-link\\\" href=\\\"https://www.nike.com/stories\\\" data-testid=\\\"footer-menu-col-0-child-3\\\">Nike Journal</a>\\n12:<p class=\\\"nds-text footer-link css-xrit3w e1yhcai00 appearance-body3Strong color-secondary weight-regular\\\">Nike Journal</p>\\n13:Nike Journal\\n14:<a class=\\\"footer-link\\\" href=\\\"#site-feedback\\\" data-testid=\\\"footer-menu-col-0-child-4\\\">Site Feedback</a>\\n15:<p class=\\\"nds-text footer-link css-xrit3w e1yhcai00 appearance-body3Strong color-secondary weight-regular\\\">Site Feedback</p>\\n16:Site Feedback\\n17:<h2 class=\\\"css-1twugl3\\\" data-testid=\\\"footer-menu-col-1-header\\\">Help</h2>\\n18:Help\\n19:<a class=\\\"footer-link\\\" href=\\\"https://www.nike.com/help\\\" data-testid=\\\"footer-menu-col-1-child-0\\\">Get Help</a>\\n20:<p class=\\\"nds-text footer-link css-xrit3w e1yhcai00 appearance-body3Strong color-secondary weight-regular\\\">Get Help</p>\\n21:Get Help\\n22:<a class=\\\"footer-link\\\" href=\\\"https://www.nike.com/orders/details/\\\" data-testid=\\\"footer-menu-col-1-child-1\\\">Order Status</a>\\n23:<p class=\\\"nds-text footer-link css-xrit3w e1yhcai00 appearance-body3Strong color-secondary weight-regular\\\">Order Status</p>\\n24:Order Status\\n25:<a class=\\\"footer-link\\\" href=\\\"https://www.nike.com/help/a/shipping-delivery\\\" data-testid=\\\"footer-menu-col-1-child-2\\\">Shipping and Delivery</a>\\n26:<p class=\\\"nds-text footer-link css-xrit3w e1yhcai00 appearance-body3Strong color-secondary weight-regular\\\">Shipping and Delivery</p>\\n27:Shipping and Delivery\\n28:<a class=\\\"footer-link\\\" href=\\\"https://www.nike.com/help/a/returns-policy\\\" data-testid=\\\"footer-menu-col-1-child-3\\\">Returns</a>\\n29:<p class=\\\"nds-text footer-link css-xrit3w e1yhcai00 appearance-body3Strong color-secondary weight-regular\\\">Returns</p>\\n30:Returns\\n31:<a class=\\\"footer-link\\\" href=\\\"https://www.nike.com/help/a/change-cancel-order\\\" data-testid=\\\"footer-menu-col-1-child-4\\\">Order Cancellation</a>\\n32:<p class=\\\"nds-text footer-link css-xrit3w e1yhcai00 appearance-body3Strong color-secondary weight-regular\\\">Order Cancellation</p>\\n33:Order Cancellation\\n34:<a class=\\\"footer-link\\\" href=\\\"https://www.nike.com/help/a/payment-options\\\" data-testid=\\\"footer-menu-col-1-child-5\\\">Payment Options</a>\\n35:<p class=\\\"nds-text footer-link css-xrit3w e1yhcai00 appearance-body3Strong color-secondary weight-regular\\\">Payment Options</p>\\n36:Payment Options\\n37:<a class=\\\"footer-link\\\" href=\\\"https://www.nike.com/orders/gift-card-lookup\\\" data-testid=\\\"footer-menu-col-1-child-6\\\">Gift Card Balance</a>\\n38:<p class=\\\"nds-text footer-link css-xrit3w e1yhcai00 appearance-body3Strong color-secondary weight-regular\\\">Gift Card Balance</p>\\n39:Gift Card Balance\\n40:<a class=\\\"footer-link\\\" href=\\\"https://www.nike.com/help/#contact\\\" data-testid=\\\"footer-menu-col-1-child-7\\\">Contact Us</a>\\n41:<p class=\\\"nds-text footer-link css-xrit3w e1yhcai00 appearance-body3Strong color-secondary weight-regular\\\">Contact Us</p>\\n42:Contact Us\\n43:<h2 class=\\\"css-1twugl3\\\" data-testid=\\\"footer-menu-col-2-header\\\">Company</h2>\\n44:Company\\n45:<a class=\\\"footer-link\\\" href=\\\"https://about.nike.com/en\\\" data-testid=\\\"footer-menu-col-2-child-0\\\">About Nike</a>\\n46:<p class=\\\"nds-text footer-link css-xrit3w e1yhcai00 appearance-body3Strong color-secondary weight-regular\\\">About Nike</p>\\n47:About Nike\\n48:<a class=\\\"footer-link\\\" href=\\\"http://news.nike.com/\\\" data-testid=\\\"footer-menu-col-2-child-1\\\">News</a>\\n49:<p class=\\\"nds-text footer-link css-xrit3w e1yhcai00 appearance-body3Strong color-secondary weight-regular\\\">News</p>\\n50:News\\n51:<a class=\\\"footer-link\\\" href=\\\"https://careers.nike.com/\\\" data-testid=\\\"footer-menu-col-2-child-2\\\">Careers</a>\\n52:<p class=\\\"nds-text footer-link css-xrit3w e1yhcai00 appearance-body3Strong color-secondary weight-regular\\\">Careers</p>\\n53:Careers\\n54:<a class=\\\"footer-link\\\" href=\\\"http://investors.nike.com/\\\" data-testid=\\\"footer-menu-col-2-child-3\\\">Investors</a>\\n55:<p class=\\\"nds-text footer-link css-xrit3w e1yhcai00 appearance-body3Strong color-secondary weight-regular\\\">Investors</p>\\n56:Investors\\n57:<a class=\\\"footer-link\\\" href=\\\"https://purpose.nike.com/\\\" data-testid=\\\"footer-menu-col-2-child-4\\\">Purpose</a>\\n58:<p class=\\\"nds-text footer-link css-xrit3w e1yhcai00 appearance-body3Strong color-secondary weight-regular\\\">Purpose</p>\\n59:Purpose\\n60:<a class=\\\"footer-link\\\" href=\\\"https://www.nike.com/sustainability\\\" data-testid=\\\"footer-menu-col-2-child-5\\\">Sustainability</a>\\n61:<p class=\\\"nds-text footer-link css-xrit3w e1yhcai00 appearance-body3Strong color-secondary weight-regular\\\">Sustainability</p>\\n62:Sustainability\\n63:<a class=\\\"footer-header\\\" href=\\\"https://www.nike.com/promo-code\\\" data-testid=\\\"footer-menu-col-3-header\\\">Promotions & Discounts</a>\\n64:<p class=\\\"nds-text footer-header css-xrit3w e1yhcai00 appearance-body3Strong color-secondary weight-regular\\\">Promotions & Discounts</p>\\n65:Promotions & Discounts\\n66:<a class=\\\"footer-link\\\" href=\\\"https://www.nike.com/help/a/student-discount\\\" data-testid=\\\"footer-menu-col-3-child-0\\\">Student</a>\\n67:<p class=\\\"nds-text footer-link css-xrit3w e1yhcai00 appearance-body3Strong color-secondary weight-regular\\\">Student</p>\\n68:Student\\n69:<a class=\\\"footer-link\\\" href=\\\"https://www.nike.com/help/a/military-discount\\\" data-testid=\\\"footer-menu-col-3-child-1\\\">Military</a>\\n70:<p class=\\\"nds-text footer-link css-xrit3w e1yhcai00 appearance-body3Strong color-secondary weight-regular\\\">Military</p>\\n71:Military\\n72:<a class=\\\"footer-link\\\" href=\\\"https://www.nike.com/help/a/teacher-discount\\\" data-testid=\\\"footer-menu-col-3-child-2\\\">Teacher</a>\\n73:<p class=\\\"nds-text footer-link css-xrit3w e1yhcai00 appearance-body3Strong color-secondary weight-regular\\\">Teacher</p>\\n74:Teacher\\n75:<a class=\\\"footer-link\\\" href=\\\"https://www.nike.com/help/a/first-responder-discount\\\" data-testid=\\\"footer-menu-col-3-child-3\\\">First Responders & Medical Professionals</a>\\n76:<p class=\\\"nds-text footer-link css-xrit3w e1yhcai00 appearance-body3Strong color-secondary weight-regular\\\">First Responders & Medical Professionals</p>\\n77:First Responders & Medical Professionals\\n78:<a class=\\\"footer-link\\\" href=\\\"https://www.nike.com/help/a/birthday-terms-promo\\\" data-testid=\\\"footer-menu-col-3-child-4\\\">Birthday</a>\\n79:<p class=\\\"nds-text footer-link css-xrit3w e1yhcai00 appearance-body3Strong color-secondary weight-regular\\\">Birthday</p>\\n80:Birthday\\n81:<button class=\\\"nds-btn css-x8wy1 ex41m6f0 cta-primary-dark  btn-responsive\\\" aria-label=\\\"Selected Location: United States\\\" type=\\\"submit\\\" data-testid=\\\"link\\\">United States</button>\\n82:United States\\n83:©\\n84:2025\\n85:Nike, Inc. All Rights Reserved\\n86:<details class=\\\" css-1qehhq\\\">GuidesNike AirNike Air Force 1Nike Air MaxNike FlyEaseNike FlyknitNike FreeNike ReactNike VaporflyNike ZoomXSpace Hippie</details>\\n87:<summary class=\\\"drop-down-accessibility-button\\\" aria-label=\\\"Guides menu\\\" aria-expanded=\\\"false\\\" aria-haspopup=\\\"menu\\\">Guides</summary>\\n88:<p class=\\\"nds-text css-175n91z e1yhcai00 appearance-body2Strong color-secondary weight-regular\\\" data-testid=\\\"desktop-user-menu-item-message-Guides\\\">Guides</p>\\n89:Guides\\n90:<a class=\\\"css-1isz5ne\\\" href=\\\"https://agreementservice.svs.nike.com/us/en_us/rest/agreement?agreementType=termsOfSale&uxId=com.nike.commerce.nikedotcom.web&country=US&language=en&requestType=redirect\\\" data-testid=\\\"link\\\">Terms of Sale</a>\\n91:<p class=\\\"nds-text css-170191f e1yhcai00 appearance-body2Strong color-primary weight-regular\\\">Terms of Sale</p>\\n92:Terms of Sale\\n93:<a class=\\\"css-1isz5ne\\\" href=\\\"https://agreementservice.svs.nike.com/us/en_us/rest/agreement?agreementType=termsOfUse&uxId=com.nike.commerce.nikedotcom.web&country=US&language=en&requestType=redirect\\\" data-testid=\\\"link\\\">Terms of Use</a>\\n94:<p class=\\\"nds-text css-170191f e1yhcai00 appearance-body2Strong color-primary weight-regular\\\">Terms of Use</p>\\n95:Terms of Use\\n96:<a class=\\\"css-1isz5ne\\\" href=\\\"https://agreementservice.svs.nike.com/rest/agreement?agreementType=privacyPolicy&uxId=com.nike.commerce.nikedotcom.web&country=US&language=en&requestType=redirect\\\" data-testid=\\\"link\\\">Nike Privacy Policy</a>\\n97:<p class=\\\"nds-text css-170191f e1yhcai00 appearance-body2Strong color-primary weight-regular\\\">Nike Privacy Policy</p>\\n98:Nike Privacy Policy\\n99:<a class=\\\"css-1isz5ne\\\" href=\\\"https://www.nike.com/guest/settings/do-not-share-my-data\\\" data-testid=\\\"link\\\">Your Privacy Choices</a>\\n100:<p class=\\\"nds-text css-170191f e1yhcai00 appearance-body2Strong color-primary weight-regular\\\">Your Privacy Choices</p>\\n101:Your Privacy Choices\\n102:<a class=\\\"css-1isz5ne\\\" href=\\\"https://about.nike.com/en/impact-resources/statement-on-forced-labor\\\" data-testid=\\\"link\\\">CA Supply Chains Act</a>\\n103:<p class=\\\"nds-text css-170191f e1yhcai00 appearance-body2Strong color-primary weight-regular\\\">CA Supply Chains Act</p>\\n104:CA Supply Chains Act\\n105:Nike Blazer Mid '77\\n106:Women's Shoes\\n107:<h3 class=\\\"nds-text discountPrice css-196t8ag e1yhcai00 appearance-body1Strong color-primary weight-medium\\\">$78.97</h3>\\n108:$78.97\\n109:<h3 class=\\\"nds-text price css-1uez6c2 e1yhcai00 appearance-body1 color-secondary weight-regular strikethrough\\\">$105.00</h3>\\n110:$105.00\\n111:Nike Air Max 270\\n112:Women's Shoes\\n113:<h3 class=\\\"nds-text price css-196t8ag e1yhcai00 appearance-body1Strong color-primary weight-medium\\\">$160.00</h3>\\n114:$160.00\\n115:Nike Sportswear Phoenix Fleece\\n116:Women's High-Waisted Wide-Leg Sweatpants\\n117:<h3 class=\\\"nds-text price css-196t8ag e1yhcai00 appearance-body1Strong color-primary weight-medium\\\">$70.00</h3>\\n118:$70.00\\n119:Nike Sportswear Club Fleece\\n120:Men's Full-Zip Hoodie\\n121:$70.00\\n122:Nike SB Zoom Blazer Low Pro GT\\n123:Skate Shoes\\n124:$85.00\\n125:Nike Blazer Mid '77\\n126:Big Kids' Shoes\\n127:$51.97\\n128:$85.00\\n129:Nike Blazer Low Pro Club\\n130:Men's Shoes\\n131:$59.97\\n132:$100.00\\n133:Nike Everyday Lightweight\\n134:Women's Training Footie Socks (3 Pairs)\\n135:$15.97\\n136:$18.00\\n137:Nike Dunk Low Retro\\n138:Men's Shoes\\n139:$115.00\\n140:Nike SB Blazer Low Pro GT Premium\\n141:Men's Shoes\\n142:$63.97\\n143:$90.00\\n144:<a class=\\\"swoosh-link\\\" href=\\\"https://www.nike.com\\\" aria-label=\\\"Nike Home Page\\\" data-testid=\\\"link\\\"></a>\\n145:<ul class=\\\"desktop-category\\\">NewFeaturedNew Arrivals Best SellersLatest DropsNew in Air Max: Dn8Vomero 18SNKRS Launch CalendarShop NewMenWomenKidsShop AllTrending24.7 CollectionNike Style BySo Win CollectionACG EssentialsRunning Shoe FinderMenNew New ArrivalsBest SellersLatest DropsNew in Air Max: Dn8Shop Latest Sale StylesShoesAll ShoesBasketballLifestyleJordanRetro RunningRunningTraining & GymShoes $100 & UnderClothingAll ClothingHoodies & Sweatshirts JordanJackets & VestsTracksuits24.7 CollectionPantsShortsTops & T-ShirtsAccessoriesBags & BackpacksHats & HeadwearSocksSunglassesBeltsShop By SportBaseballBasketballFan GearFootballGolfRunningTrack & FieldSoccerTennisTraining & GymWomenNew New ArrivalsBest SellersLatest DropsSo Win CollectionNew in Air Max: Dn8Shop Latest Sale StylesShop by ColorElemental PinkUniversity RedGame RoyalMink BrownBlack and SailShoesAll ShoesBasketballLifestyleJordanRetro RunningRunningTraining & GymShoes $100 & UnderClothingAll ClothingBrasHoodies & SweatshirtsLeggingsMatching Sets24.7 CollectionJackets & VestsPantsShortsTops & T-ShirtsAccessoriesBags & BackpacksHats & HeadwearSocksSunglassesBeltsShop By SportBasketballFan GearGolfRunningTrack & FieldTrainingSoccerTennisVolleyballKidsNew New ArrivalsBest SellersLatest DropsNew in Air Max: Dn8Shop Latest Sale StylesShoes by AgeBig Kids (1Y - 7Y)Little Kids (8C - 3Y)Baby & Toddler (1C - 10C)TeenAll ShoesBasketballLifestyleJordanRetro RunningRunningClothing by AgeBig Kids (XS - XL)Little Kids (4 - 7)Baby & Toddler (0M - 4T)TeenAll ClothingBrasHoodies & SweatshirtsJordanMatching SetsJackets & VestsPants & TightsShortsTops & T-ShirtsAccessoriesBags & BackpacksHats & HeadwearSocksSunglassesBeltsShop By SportBasketballGymnasticsFan GearFootballRunningSoccerJordanNewNew ArrivalsBest SellersShop Latest Sale StylesCollectionsJordan Heat CheckJordan FleeceJordan Sleeper PicksColors of the SeasonMenShop AllShoesAJ1ClothingBasketballWomenShop AllShoesAJ1ClothingBasketballKidsShop AllShoesAJ1ClothingBasketballBig KidsLittle KidsBaby & ToddlerAccessoriesShop AllBags & BackpacksHats & Headwear</ul>\\n146:<a class=\\\"menu-hover-trigger-link\\\" href=\\\"https://www.nike.com/w/new-3n82y\\\" data-testid=\\\"link\\\">New</a>\\n147:New\\n148:<details class=\\\" css-1qehhq\\\">FeaturedNew Arrivals Best SellersLatest DropsNew in Air Max: Dn8Vomero 18SNKRS Launch CalendarShop NewMenWomenKidsShop AllTrending24.7 CollectionNike Style BySo Win CollectionACG EssentialsRunning Shoe Finder</details>\\n149:<a class=\\\"menu-hover-trigger-link\\\" href=\\\"https://www.nike.com/men\\\" data-testid=\\\"link\\\">Men</a>\\n150:Men\\n151:<details class=\\\" css-1qehhq\\\">New New ArrivalsBest SellersLatest DropsNew in Air Max: Dn8Shop Latest Sale StylesShoesAll ShoesBasketballLifestyleJordanRetro RunningRunningTraining & GymShoes $100 & UnderClothingAll ClothingHoodies & Sweatshirts JordanJackets & VestsTracksuits24.7 CollectionPantsShortsTops & T-ShirtsAccessoriesBags & BackpacksHats & HeadwearSocksSunglassesBeltsShop By SportBaseballBasketballFan GearFootballGolfRunningTrack & FieldSoccerTennisTraining & Gym</details>\\n152:<a class=\\\"menu-hover-trigger-link\\\" href=\\\"https://www.nike.com/women\\\" data-testid=\\\"link\\\">Women</a>\\n153:Women\\n154:<details class=\\\" css-1qehhq\\\">New New ArrivalsBest SellersLatest DropsSo Win CollectionNew in Air Max: Dn8Shop Latest Sale StylesShop by ColorElemental PinkUniversity RedGame RoyalMink BrownBlack and SailShoesAll ShoesBasketballLifestyleJordanRetro RunningRunningTraining & GymShoes $100 & UnderClothingAll ClothingBrasHoodies & SweatshirtsLeggingsMatching Sets24.7 CollectionJackets & VestsPantsShortsTops & T-ShirtsAccessoriesBags & BackpacksHats & HeadwearSocksSunglassesBeltsShop By SportBasketballFan GearGolfRunningTrack & FieldTrainingSoccerTennisVolleyball</details>\\n155:<a class=\\\"menu-hover-trigger-link\\\" href=\\\"https://www.nike.com/kids\\\" data-testid=\\\"link\\\">Kids</a>\\n156:Kids\\n157:<details class=\\\" css-1qehhq\\\">New New ArrivalsBest SellersLatest DropsNew in Air Max: Dn8Shop Latest Sale StylesShoes by AgeBig Kids (1Y - 7Y)Little Kids (8C - 3Y)Baby & Toddler (1C - 10C)TeenAll ShoesBasketballLifestyleJordanRetro RunningRunningClothing by AgeBig Kids (XS - XL)Little Kids (4 - 7)Baby & Toddler (0M - 4T)TeenAll ClothingBrasHoodies & SweatshirtsJordanMatching SetsJackets & VestsPants & TightsShortsTops & T-ShirtsAccessoriesBags & BackpacksHats & HeadwearSocksSunglassesBeltsShop By SportBasketballGymnasticsFan GearFootballRunningSoccer</details>\\n158:<a class=\\\"menu-hover-trigger-link\\\" href=\\\"https://www.nike.com/jordan\\\" data-testid=\\\"link\\\">Jordan</a>\\n159:Jordan\\n160:<details class=\\\" css-1qehhq\\\">NewNew ArrivalsBest SellersShop Latest Sale StylesCollectionsJordan Heat CheckJordan FleeceJordan Sleeper PicksColors of the SeasonMenShop AllShoesAJ1ClothingBasketballWomenShop AllShoesAJ1ClothingBasketballKidsShop AllShoesAJ1ClothingBasketballBig KidsLittle KidsBaby & ToddlerAccessoriesShop AllBags & BackpacksHats & Headwear</details>\\n161:<button id=\\\"nav-search-icon\\\" class=\\\"nds-btn nds-button--icon-only search-start-btn css-1pto8ls ex41m6f0 btn-secondary-dark \\\" aria-label=\\\"Search\\\" type=\\\"button\\\"></button>\\n162:<input id=\\\"gn-search-input\\\" class=\\\"search-input\\\" aria-label=\\\"Search Products\\\" type=\\\"search\\\"></input>\\n163:<a class=\\\"nds-btn nds-button--icon-only nav-favorites css-q24gly ex41m6f0 btn-primary-dark \\\" href=\\\"https://www.nike.com/favorites\\\" aria-label=\\\"Favorites\\\" data-testid=\\\"favorite-button\\\"></a>\\n164:<a class=\\\"nds-btn nds-button--icon-only nav-bag-icon css-17i884h ex41m6f0 btn-primary-light \\\" href=\\\"https://www.nike.com/cart\\\" aria-label=\\\"Bag Items: 0\\\"></a>\\n\\n\"}],\"temperature\":0.1,\"tools\":[{\"type\":\"function\",\"name\":\"doAction\",\"description\":\"execute the next playwright step that directly accomplishes the goal\",\"parameters\":{\"type\":\"object\",\"required\":[\"method\",\"element\",\"args\",\"step\",\"completed\"],\"properties\":{\"method\":{\"type\":\"string\",\"description\":\"The playwright function to call.\"},\"element\":{\"type\":\"number\",\"description\":\"The element number to act on\"},\"args\":{\"type\":\"array\",\"description\":\"The required arguments\",\"items\":{\"type\":\"string\",\"description\":\"The argument to pass to the function\"}},\"step\":{\"type\":\"string\",\"description\":\"human readable description of the step that is taken in the past tense. Please be very detailed.\"},\"why\":{\"type\":\"string\",\"description\":\"why is this step taken? how does it advance the goal?\"},\"completed\":{\"type\":\"boolean\",\"description\":\"true if the goal should be accomplished after this step\"}}}},{\"type\":\"function\",\"name\":\"skipSection\",\"description\":\"skips this area of the webpage because the current goal cannot be accomplished here\",\"parameters\":{\"type\":\"object\",\"properties\":{\"reason\":{\"type\":\"string\",\"description\":\"reason that no action is taken\"}}}}]}","type":"object"}}
2025-03-05T11:43:17.404Z::[stagehand:action] received response from LLM {"response":{"value":"null","type":"object"}}
2025-03-05T11:43:17.413Z::[stagehand:action] no action found in current chunk {"chunksSeen":{"value":"2","type":"integer"}}
2025-03-05T11:43:17.686Z::[stagehand:action] running / continuing action {"action":{"value":"Select size 7 from size grid selector","type":"string"},"pageUrl":{"value":"https://www.nike.com/t/blazer-mid-77-vintage-mens-shoes-nw30B2/BQ6806-100","type":"string"}}
2025-03-05T11:43:17.686Z::[stagehand:action] processing DOM 
2025-03-05T11:43:19.459Z::[stagehand:action] looking at chunk {"chunk":{"value":"12","type":"integer"},"chunks":{"value":"13","type":"integer"},"chunksSeen":{"value":"2","type":"integer"},"chunksLeft":{"value":"11","type":"integer"}}
2025-03-05T11:43:19.460Z::[stagehand:anthropic] creating chat completion {"options":{"value":"{\"messages\":[{\"role\":\"system\",\"content\":\"\\n# Instructions\\nYou are a browser automation assistant. Your job is to accomplish the user's goal across multiple model calls by running playwright commands.\\n\\n## Input\\nYou will receive:\\n1. the user's overall goal\\n2. the steps that you've taken so far\\n3. a list of active DOM elements in this chunk to consider to get closer to the goal. \\n4. Optionally, a list of variable names that the user has provided that you may use to accomplish the goal. To use the variables, you must use the special <|VARIABLE_NAME|> syntax.\\n5. Optionally, custom instructions will be provided by the user. If the user's instructions are not relevant to the current task, ignore them. Otherwise, make sure to adhere to them.\\n\\n\\n## Your Goal / Specification\\nYou have 2 tools that you can call: doAction, and skipSection. Do action only performs Playwright actions. Do exactly what the user's goal is. Do not perform any other actions or exceed the scope of the goal.\\nIf the user's goal will be accomplished after running the playwright action, set completed to true. Better to have completed set to true if your are not sure.\\n\\nNote 1: If there is a popup on the page for cookies or advertising that has nothing to do with the goal, try to close it first before proceeding. As this can block the goal from being completed.\\nNote 2: Sometimes what your are looking for is hidden behind and element you need to interact with. For example, sliders, buttons, etc...\\n\\nAgain, if the user's goal will be accomplished after running the playwright action, set completed to true. Also, if the user provides custom instructions, it is imperative that you follow them no matter what.\\n\"},{\"role\":\"user\",\"content\":\"\\n# My Goal\\nSelect size 7 from size grid selector\\n\\n# Steps You've Taken So Far\\n\\n## Step: Scrolled to another section\\n## Step: Scrolled to another section\\n\\n\\n# Current Active Dom Elements\\n0:<h2 class=\\\"css-1twugl3\\\" data-testid=\\\"footer-menu-col-0-header\\\">Resources</h2>\\n1:Resources\\n2:<a class=\\\"footer-link\\\" href=\\\"https://www.nike.com/gift-cards\\\" data-testid=\\\"footer-menu-col-0-child-0\\\">Gift Cards</a>\\n3:<p class=\\\"nds-text footer-link css-xrit3w e1yhcai00 appearance-body3Strong color-secondary weight-regular\\\">Gift Cards</p>\\n4:Gift Cards\\n5:<a class=\\\"footer-link\\\" href=\\\"https://www.nike.com/retail\\\" data-testid=\\\"footer-menu-col-0-child-1\\\">Find a Store</a>\\n6:<p class=\\\"nds-text footer-link css-xrit3w e1yhcai00 appearance-body3Strong color-secondary weight-regular\\\">Find a Store</p>\\n7:Find a Store\\n8:<a class=\\\"footer-link\\\" href=\\\"https://www.nike.com/membership\\\" data-testid=\\\"footer-menu-col-0-child-2\\\">Membership</a>\\n9:<p class=\\\"nds-text footer-link css-xrit3w e1yhcai00 appearance-body3Strong color-secondary weight-regular\\\">Membership</p>\\n10:Membership\\n11:<a class=\\\"footer-link\\\" href=\\\"https://www.nike.com/stories\\\" data-testid=\\\"footer-menu-col-0-child-3\\\">Nike Journal</a>\\n12:<p class=\\\"nds-text footer-link css-xrit3w e1yhcai00 appearance-body3Strong color-secondary weight-regular\\\">Nike Journal</p>\\n13:Nike Journal\\n14:<a class=\\\"footer-link\\\" href=\\\"#site-feedback\\\" data-testid=\\\"footer-menu-col-0-child-4\\\">Site Feedback</a>\\n15:<p class=\\\"nds-text footer-link css-xrit3w e1yhcai00 appearance-body3Strong color-secondary weight-regular\\\">Site Feedback</p>\\n16:Site Feedback\\n17:<h2 class=\\\"css-1twugl3\\\" data-testid=\\\"footer-menu-col-1-header\\\">Help</h2>\\n18:Help\\n19:<a class=\\\"footer-link\\\" href=\\\"https://www.nike.com/help\\\" data-testid=\\\"footer-menu-col-1-child-0\\\">Get Help</a>\\n20:<p class=\\\"nds-text footer-link css-xrit3w e1yhcai00 appearance-body3Strong color-secondary weight-regular\\\">Get Help</p>\\n21:Get Help\\n22:<a class=\\\"footer-link\\\" href=\\\"https://www.nike.com/orders/details/\\\" data-testid=\\\"footer-menu-col-1-child-1\\\">Order Status</a>\\n23:<p class=\\\"nds-text footer-link css-xrit3w e1yhcai00 appearance-body3Strong color-secondary weight-regular\\\">Order Status</p>\\n24:Order Status\\n25:<a class=\\\"footer-link\\\" href=\\\"https://www.nike.com/help/a/shipping-delivery\\\" data-testid=\\\"footer-menu-col-1-child-2\\\">Shipping and Delivery</a>\\n26:<p class=\\\"nds-text footer-link css-xrit3w e1yhcai00 appearance-body3Strong color-secondary weight-regular\\\">Shipping and Delivery</p>\\n27:Shipping and Delivery\\n28:<a class=\\\"footer-link\\\" href=\\\"https://www.nike.com/help/a/returns-policy\\\" data-testid=\\\"footer-menu-col-1-child-3\\\">Returns</a>\\n29:<p class=\\\"nds-text footer-link css-xrit3w e1yhcai00 appearance-body3Strong color-secondary weight-regular\\\">Returns</p>\\n30:Returns\\n31:<a class=\\\"footer-link\\\" href=\\\"https://www.nike.com/help/a/change-cancel-order\\\" data-testid=\\\"footer-menu-col-1-child-4\\\">Order Cancellation</a>\\n32:<p class=\\\"nds-text footer-link css-xrit3w e1yhcai00 appearance-body3Strong color-secondary weight-regular\\\">Order Cancellation</p>\\n33:Order Cancellation\\n34:<a class=\\\"footer-link\\\" href=\\\"https://www.nike.com/help/a/payment-options\\\" data-testid=\\\"footer-menu-col-1-child-5\\\">Payment Options</a>\\n35:<p class=\\\"nds-text footer-link css-xrit3w e1yhcai00 appearance-body3Strong color-secondary weight-regular\\\">Payment Options</p>\\n36:Payment Options\\n37:<a class=\\\"footer-link\\\" href=\\\"https://www.nike.com/orders/gift-card-lookup\\\" data-testid=\\\"footer-menu-col-1-child-6\\\">Gift Card Balance</a>\\n38:<p class=\\\"nds-text footer-link css-xrit3w e1yhcai00 appearance-body3Strong color-secondary weight-regular\\\">Gift Card Balance</p>\\n39:Gift Card Balance\\n40:<a class=\\\"footer-link\\\" href=\\\"https://www.nike.com/help/#contact\\\" data-testid=\\\"footer-menu-col-1-child-7\\\">Contact Us</a>\\n41:<p class=\\\"nds-text footer-link css-xrit3w e1yhcai00 appearance-body3Strong color-secondary weight-regular\\\">Contact Us</p>\\n42:Contact Us\\n43:<h2 class=\\\"css-1twugl3\\\" data-testid=\\\"footer-menu-col-2-header\\\">Company</h2>\\n44:Company\\n45:<a class=\\\"footer-link\\\" href=\\\"https://about.nike.com/en\\\" data-testid=\\\"footer-menu-col-2-child-0\\\">About Nike</a>\\n46:<p class=\\\"nds-text footer-link css-xrit3w e1yhcai00 appearance-body3Strong color-secondary weight-regular\\\">About Nike</p>\\n47:About Nike\\n48:<a class=\\\"footer-link\\\" href=\\\"http://news.nike.com/\\\" data-testid=\\\"footer-menu-col-2-child-1\\\">News</a>\\n49:<p class=\\\"nds-text footer-link css-xrit3w e1yhcai00 appearance-body3Strong color-secondary weight-regular\\\">News</p>\\n50:News\\n51:<a class=\\\"footer-link\\\" href=\\\"https://careers.nike.com/\\\" data-testid=\\\"footer-menu-col-2-child-2\\\">Careers</a>\\n52:<p class=\\\"nds-text footer-link css-xrit3w e1yhcai00 appearance-body3Strong color-secondary weight-regular\\\">Careers</p>\\n53:Careers\\n54:<a class=\\\"footer-link\\\" href=\\\"http://investors.nike.com/\\\" data-testid=\\\"footer-menu-col-2-child-3\\\">Investors</a>\\n55:<p class=\\\"nds-text footer-link css-xrit3w e1yhcai00 appearance-body3Strong color-secondary weight-regular\\\">Investors</p>\\n56:Investors\\n57:<a class=\\\"footer-link\\\" href=\\\"https://purpose.nike.com/\\\" data-testid=\\\"footer-menu-col-2-child-4\\\">Purpose</a>\\n58:<p class=\\\"nds-text footer-link css-xrit3w e1yhcai00 appearance-body3Strong color-secondary weight-regular\\\">Purpose</p>\\n59:Purpose\\n60:<a class=\\\"footer-link\\\" href=\\\"https://www.nike.com/sustainability\\\" data-testid=\\\"footer-menu-col-2-child-5\\\">Sustainability</a>\\n61:<p class=\\\"nds-text footer-link css-xrit3w e1yhcai00 appearance-body3Strong color-secondary weight-regular\\\">Sustainability</p>\\n62:Sustainability\\n63:<a class=\\\"footer-header\\\" href=\\\"https://www.nike.com/promo-code\\\" data-testid=\\\"footer-menu-col-3-header\\\">Promotions & Discounts</a>\\n64:<p class=\\\"nds-text footer-header css-xrit3w e1yhcai00 appearance-body3Strong color-secondary weight-regular\\\">Promotions & Discounts</p>\\n65:Promotions & Discounts\\n66:<a class=\\\"footer-link\\\" href=\\\"https://www.nike.com/help/a/student-discount\\\" data-testid=\\\"footer-menu-col-3-child-0\\\">Student</a>\\n67:<p class=\\\"nds-text footer-link css-xrit3w e1yhcai00 appearance-body3Strong color-secondary weight-regular\\\">Student</p>\\n68:Student\\n69:<a class=\\\"footer-link\\\" href=\\\"https://www.nike.com/help/a/military-discount\\\" data-testid=\\\"footer-menu-col-3-child-1\\\">Military</a>\\n70:<p class=\\\"nds-text footer-link css-xrit3w e1yhcai00 appearance-body3Strong color-secondary weight-regular\\\">Military</p>\\n71:Military\\n72:<a class=\\\"footer-link\\\" href=\\\"https://www.nike.com/help/a/teacher-discount\\\" data-testid=\\\"footer-menu-col-3-child-2\\\">Teacher</a>\\n73:<p class=\\\"nds-text footer-link css-xrit3w e1yhcai00 appearance-body3Strong color-secondary weight-regular\\\">Teacher</p>\\n74:Teacher\\n75:<a class=\\\"footer-link\\\" href=\\\"https://www.nike.com/help/a/first-responder-discount\\\" data-testid=\\\"footer-menu-col-3-child-3\\\">First Responders & Medical Professionals</a>\\n76:<p class=\\\"nds-text footer-link css-xrit3w e1yhcai00 appearance-body3Strong color-secondary weight-regular\\\">First Responders & Medical Professionals</p>\\n77:First Responders & Medical Professionals\\n78:<a class=\\\"footer-link\\\" href=\\\"https://www.nike.com/help/a/birthday-terms-promo\\\" data-testid=\\\"footer-menu-col-3-child-4\\\">Birthday</a>\\n79:<p class=\\\"nds-text footer-link css-xrit3w e1yhcai00 appearance-body3Strong color-secondary weight-regular\\\">Birthday</p>\\n80:Birthday\\n81:<button class=\\\"nds-btn css-x8wy1 ex41m6f0 cta-primary-dark  btn-responsive\\\" aria-label=\\\"Selected Location: United States\\\" type=\\\"submit\\\" data-testid=\\\"link\\\">United States</button>\\n82:United States\\n83:©\\n84:2025\\n85:Nike, Inc. All Rights Reserved\\n86:<details class=\\\" css-1qehhq\\\">GuidesNike AirNike Air Force 1Nike Air MaxNike FlyEaseNike FlyknitNike FreeNike ReactNike VaporflyNike ZoomXSpace Hippie</details>\\n87:<summary class=\\\"drop-down-accessibility-button\\\" aria-label=\\\"Guides menu\\\" aria-expanded=\\\"false\\\" aria-haspopup=\\\"menu\\\">Guides</summary>\\n88:<p class=\\\"nds-text css-175n91z e1yhcai00 appearance-body2Strong color-secondary weight-regular\\\" data-testid=\\\"desktop-user-menu-item-message-Guides\\\">Guides</p>\\n89:Guides\\n90:<a class=\\\"css-1isz5ne\\\" href=\\\"https://agreementservice.svs.nike.com/us/en_us/rest/agreement?agreementType=termsOfSale&uxId=com.nike.commerce.nikedotcom.web&country=US&language=en&requestType=redirect\\\" data-testid=\\\"link\\\">Terms of Sale</a>\\n91:<p class=\\\"nds-text css-170191f e1yhcai00 appearance-body2Strong color-primary weight-regular\\\">Terms of Sale</p>\\n92:Terms of Sale\\n93:<a class=\\\"css-1isz5ne\\\" href=\\\"https://agreementservice.svs.nike.com/us/en_us/rest/agreement?agreementType=termsOfUse&uxId=com.nike.commerce.nikedotcom.web&country=US&language=en&requestType=redirect\\\" data-testid=\\\"link\\\">Terms of Use</a>\\n94:<p class=\\\"nds-text css-170191f e1yhcai00 appearance-body2Strong color-primary weight-regular\\\">Terms of Use</p>\\n95:Terms of Use\\n96:<a class=\\\"css-1isz5ne\\\" href=\\\"https://agreementservice.svs.nike.com/rest/agreement?agreementType=privacyPolicy&uxId=com.nike.commerce.nikedotcom.web&country=US&language=en&requestType=redirect\\\" data-testid=\\\"link\\\">Nike Privacy Policy</a>\\n97:<p class=\\\"nds-text css-170191f e1yhcai00 appearance-body2Strong color-primary weight-regular\\\">Nike Privacy Policy</p>\\n98:Nike Privacy Policy\\n99:<a class=\\\"css-1isz5ne\\\" href=\\\"https://www.nike.com/guest/settings/do-not-share-my-data\\\" data-testid=\\\"link\\\">Your Privacy Choices</a>\\n100:<p class=\\\"nds-text css-170191f e1yhcai00 appearance-body2Strong color-primary weight-regular\\\">Your Privacy Choices</p>\\n101:Your Privacy Choices\\n102:<a class=\\\"css-1isz5ne\\\" href=\\\"https://about.nike.com/en/impact-resources/statement-on-forced-labor\\\" data-testid=\\\"link\\\">CA Supply Chains Act</a>\\n103:<p class=\\\"nds-text css-170191f e1yhcai00 appearance-body2Strong color-primary weight-regular\\\">CA Supply Chains Act</p>\\n104:CA Supply Chains Act\\n105:Women's Shoes\\n106:$78.97\\n107:<h3 class=\\\"nds-text price css-1uez6c2 e1yhcai00 appearance-body1 color-secondary weight-regular strikethrough\\\">$105.00</h3>\\n108:$105.00\\n109:Women's Shoes\\n110:$160.00\\n111:Women's High-Waisted Wide-Leg Sweatpants\\n112:$70.00\\n113:Men's Full-Zip Hoodie\\n114:$70.00\\n115:Skate Shoes\\n116:$85.00\\n117:Big Kids' Shoes\\n118:$51.97\\n119:$85.00\\n120:Men's Shoes\\n121:$59.97\\n122:$100.00\\n123:Women's Training Footie Socks (3 Pairs)\\n124:$15.97\\n125:$18.00\\n126:Men's Shoes\\n127:$115.00\\n128:Men's Shoes\\n129:$63.97\\n130:$90.00\\n131:<a class=\\\"swoosh-link\\\" href=\\\"https://www.nike.com\\\" aria-label=\\\"Nike Home Page\\\" data-testid=\\\"link\\\"></a>\\n132:<ul class=\\\"desktop-category\\\">NewFeaturedNew Arrivals Best SellersLatest DropsNew in Air Max: Dn8Vomero 18SNKRS Launch CalendarShop NewMenWomenKidsShop AllTrending24.7 CollectionNike Style BySo Win CollectionACG EssentialsRunning Shoe FinderMenNew New ArrivalsBest SellersLatest DropsNew in Air Max: Dn8Shop Latest Sale StylesShoesAll ShoesBasketballLifestyleJordanRetro RunningRunningTraining & GymShoes $100 & UnderClothingAll ClothingHoodies & Sweatshirts JordanJackets & VestsTracksuits24.7 CollectionPantsShortsTops & T-ShirtsAccessoriesBags & BackpacksHats & HeadwearSocksSunglassesBeltsShop By SportBaseballBasketballFan GearFootballGolfRunningTrack & FieldSoccerTennisTraining & GymWomenNew New ArrivalsBest SellersLatest DropsSo Win CollectionNew in Air Max: Dn8Shop Latest Sale StylesShop by ColorElemental PinkUniversity RedGame RoyalMink BrownBlack and SailShoesAll ShoesBasketballLifestyleJordanRetro RunningRunningTraining & GymShoes $100 & UnderClothingAll ClothingBrasHoodies & SweatshirtsLeggingsMatching Sets24.7 CollectionJackets & VestsPantsShortsTops & T-ShirtsAccessoriesBags & BackpacksHats & HeadwearSocksSunglassesBeltsShop By SportBasketballFan GearGolfRunningTrack & FieldTrainingSoccerTennisVolleyballKidsNew New ArrivalsBest SellersLatest DropsNew in Air Max: Dn8Shop Latest Sale StylesShoes by AgeBig Kids (1Y - 7Y)Little Kids (8C - 3Y)Baby & Toddler (1C - 10C)TeenAll ShoesBasketballLifestyleJordanRetro RunningRunningClothing by AgeBig Kids (XS - XL)Little Kids (4 - 7)Baby & Toddler (0M - 4T)TeenAll ClothingBrasHoodies & SweatshirtsJordanMatching SetsJackets & VestsPants & TightsShortsTops & T-ShirtsAccessoriesBags & BackpacksHats & HeadwearSocksSunglassesBeltsShop By SportBasketballGymnasticsFan GearFootballRunningSoccerJordanNewNew ArrivalsBest SellersShop Latest Sale StylesCollectionsJordan Heat CheckJordan FleeceJordan Sleeper PicksColors of the SeasonMenShop AllShoesAJ1ClothingBasketballWomenShop AllShoesAJ1ClothingBasketballKidsShop AllShoesAJ1ClothingBasketballBig KidsLittle KidsBaby & ToddlerAccessoriesShop AllBags & BackpacksHats & Headwear</ul>\\n133:<a class=\\\"menu-hover-trigger-link\\\" href=\\\"https://www.nike.com/w/new-3n82y\\\" data-testid=\\\"link\\\">New</a>\\n134:New\\n135:<details class=\\\" css-1qehhq\\\">FeaturedNew Arrivals Best SellersLatest DropsNew in Air Max: Dn8Vomero 18SNKRS Launch CalendarShop NewMenWomenKidsShop AllTrending24.7 CollectionNike Style BySo Win CollectionACG EssentialsRunning Shoe Finder</details>\\n136:<a class=\\\"menu-hover-trigger-link\\\" href=\\\"https://www.nike.com/men\\\" data-testid=\\\"link\\\">Men</a>\\n137:Men\\n138:<details class=\\\" css-1qehhq\\\">New New ArrivalsBest SellersLatest DropsNew in Air Max: Dn8Shop Latest Sale StylesShoesAll ShoesBasketballLifestyleJordanRetro RunningRunningTraining & GymShoes $100 & UnderClothingAll ClothingHoodies & Sweatshirts JordanJackets & VestsTracksuits24.7 CollectionPantsShortsTops & T-ShirtsAccessoriesBags & BackpacksHats & HeadwearSocksSunglassesBeltsShop By SportBaseballBasketballFan GearFootballGolfRunningTrack & FieldSoccerTennisTraining & Gym</details>\\n139:<a class=\\\"menu-hover-trigger-link\\\" href=\\\"https://www.nike.com/women\\\" data-testid=\\\"link\\\">Women</a>\\n140:Women\\n141:<details class=\\\" css-1qehhq\\\">New New ArrivalsBest SellersLatest DropsSo Win CollectionNew in Air Max: Dn8Shop Latest Sale StylesShop by ColorElemental PinkUniversity RedGame RoyalMink BrownBlack and SailShoesAll ShoesBasketballLifestyleJordanRetro RunningRunningTraining & GymShoes $100 & UnderClothingAll ClothingBrasHoodies & SweatshirtsLeggingsMatching Sets24.7 CollectionJackets & VestsPantsShortsTops & T-ShirtsAccessoriesBags & BackpacksHats & HeadwearSocksSunglassesBeltsShop By SportBasketballFan GearGolfRunningTrack & FieldTrainingSoccerTennisVolleyball</details>\\n142:<a class=\\\"menu-hover-trigger-link\\\" href=\\\"https://www.nike.com/kids\\\" data-testid=\\\"link\\\">Kids</a>\\n143:Kids\\n144:<details class=\\\" css-1qehhq\\\">New New ArrivalsBest SellersLatest DropsNew in Air Max: Dn8Shop Latest Sale StylesShoes by AgeBig Kids (1Y - 7Y)Little Kids (8C - 3Y)Baby & Toddler (1C - 10C)TeenAll ShoesBasketballLifestyleJordanRetro RunningRunningClothing by AgeBig Kids (XS - XL)Little Kids (4 - 7)Baby & Toddler (0M - 4T)TeenAll ClothingBrasHoodies & SweatshirtsJordanMatching SetsJackets & VestsPants & TightsShortsTops & T-ShirtsAccessoriesBags & BackpacksHats & HeadwearSocksSunglassesBeltsShop By SportBasketballGymnasticsFan GearFootballRunningSoccer</details>\\n145:<a class=\\\"menu-hover-trigger-link\\\" href=\\\"https://www.nike.com/jordan\\\" data-testid=\\\"link\\\">Jordan</a>\\n146:Jordan\\n147:<details class=\\\" css-1qehhq\\\">NewNew ArrivalsBest SellersShop Latest Sale StylesCollectionsJordan Heat CheckJordan FleeceJordan Sleeper PicksColors of the SeasonMenShop AllShoesAJ1ClothingBasketballWomenShop AllShoesAJ1ClothingBasketballKidsShop AllShoesAJ1ClothingBasketballBig KidsLittle KidsBaby & ToddlerAccessoriesShop AllBags & BackpacksHats & Headwear</details>\\n148:<button id=\\\"nav-search-icon\\\" class=\\\"nds-btn nds-button--icon-only search-start-btn css-1pto8ls ex41m6f0 btn-secondary-dark \\\" aria-label=\\\"Search\\\" type=\\\"button\\\"></button>\\n149:<input id=\\\"gn-search-input\\\" class=\\\"search-input\\\" aria-label=\\\"Search Products\\\" type=\\\"search\\\"></input>\\n150:<a class=\\\"nds-btn nds-button--icon-only nav-favorites css-q24gly ex41m6f0 btn-primary-dark \\\" href=\\\"https://www.nike.com/favorites\\\" aria-label=\\\"Favorites\\\" data-testid=\\\"favorite-button\\\"></a>\\n151:<a class=\\\"nds-btn nds-button--icon-only nav-bag-icon css-17i884h ex41m6f0 btn-primary-light \\\" href=\\\"https://www.nike.com/cart\\\" aria-label=\\\"Bag Items: 0\\\"></a>\\n\\n\"}],\"temperature\":0.1,\"top_p\":1,\"frequency_penalty\":0,\"presence_penalty\":0,\"tool_choice\":\"auto\",\"tools\":[{\"type\":\"function\",\"name\":\"doAction\",\"description\":\"execute the next playwright step that directly accomplishes the goal\",\"parameters\":{\"type\":\"object\",\"required\":[\"method\",\"element\",\"args\",\"step\",\"completed\"],\"properties\":{\"method\":{\"type\":\"string\",\"description\":\"The playwright function to call.\"},\"element\":{\"type\":\"number\",\"description\":\"The element number to act on\"},\"args\":{\"type\":\"array\",\"description\":\"The required arguments\",\"items\":{\"type\":\"string\",\"description\":\"The argument to pass to the function\"}},\"step\":{\"type\":\"string\",\"description\":\"human readable description of the step that is taken in the past tense. Please be very detailed.\"},\"why\":{\"type\":\"string\",\"description\":\"why is this step taken? how does it advance the goal?\"},\"completed\":{\"type\":\"boolean\",\"description\":\"true if the goal should be accomplished after this step\"}}}},{\"type\":\"function\",\"name\":\"skipSection\",\"description\":\"skips this area of the webpage because the current goal cannot be accomplished here\",\"parameters\":{\"type\":\"object\",\"properties\":{\"reason\":{\"type\":\"string\",\"description\":\"reason that no action is taken\"}}}}],\"requestId\":\"rvat5razbw\"}","type":"object"}}
2025-03-05T11:43:19.460Z::[stagehand:base_cache] Lock acquired 
2025-03-05T11:43:19.461Z::[stagehand:base_cache] Lock released 
2025-03-05T11:43:19.461Z::[stagehand:llm_cache] LLM cache hit - returning cached response {"cachedResponse":{"value":"{\"id\":\"msg_018WFhf2jGaqWi2CnfnqvSo8\",\"object\":\"chat.completion\",\"created\":1741174691178,\"model\":\"claude-3-5-sonnet-20241022\",\"choices\":[{\"index\":0,\"message\":{\"role\":\"assistant\",\"content\":\"I notice that the current DOM elements appear to be from the footer and navigation sections of the Nike website, and don't contain any size selector elements. Since I can't find any elements related to a size grid or size selection in the current set of elements, I should skip this section.\",\"tool_calls\":[{\"id\":\"toolu_01K8p27NJViewRw9jMLKxkXV\",\"type\":\"function\",\"function\":{\"name\":\"skipSection\",\"arguments\":\"{\\\"reason\\\":\\\"This section contains footer and navigation elements. No size selector grid is present in these elements.\\\"}\"}}]},\"finish_reason\":\"tool_use\"}],\"usage\":{\"prompt_tokens\":6868,\"completion_tokens\":127,\"total_tokens\":6995}}","type":"object"},"requestId":{"value":"rvat5razbw","type":"string"},"cacheOptions":{"value":"{\"model\":\"claude-3-5-sonnet-latest\",\"messages\":[{\"role\":\"system\",\"content\":\"\\n# Instructions\\nYou are a browser automation assistant. Your job is to accomplish the user's goal across multiple model calls by running playwright commands.\\n\\n## Input\\nYou will receive:\\n1. the user's overall goal\\n2. the steps that you've taken so far\\n3. a list of active DOM elements in this chunk to consider to get closer to the goal. \\n4. Optionally, a list of variable names that the user has provided that you may use to accomplish the goal. To use the variables, you must use the special <|VARIABLE_NAME|> syntax.\\n5. Optionally, custom instructions will be provided by the user. If the user's instructions are not relevant to the current task, ignore them. Otherwise, make sure to adhere to them.\\n\\n\\n## Your Goal / Specification\\nYou have 2 tools that you can call: doAction, and skipSection. Do action only performs Playwright actions. Do exactly what the user's goal is. Do not perform any other actions or exceed the scope of the goal.\\nIf the user's goal will be accomplished after running the playwright action, set completed to true. Better to have completed set to true if your are not sure.\\n\\nNote 1: If there is a popup on the page for cookies or advertising that has nothing to do with the goal, try to close it first before proceeding. As this can block the goal from being completed.\\nNote 2: Sometimes what your are looking for is hidden behind and element you need to interact with. For example, sliders, buttons, etc...\\n\\nAgain, if the user's goal will be accomplished after running the playwright action, set completed to true. Also, if the user provides custom instructions, it is imperative that you follow them no matter what.\\n\"},{\"role\":\"user\",\"content\":\"\\n# My Goal\\nSelect size 7 from size grid selector\\n\\n# Steps You've Taken So Far\\n\\n## Step: Scrolled to another section\\n## Step: Scrolled to another section\\n\\n\\n# Current Active Dom Elements\\n0:<h2 class=\\\"css-1twugl3\\\" data-testid=\\\"footer-menu-col-0-header\\\">Resources</h2>\\n1:Resources\\n2:<a class=\\\"footer-link\\\" href=\\\"https://www.nike.com/gift-cards\\\" data-testid=\\\"footer-menu-col-0-child-0\\\">Gift Cards</a>\\n3:<p class=\\\"nds-text footer-link css-xrit3w e1yhcai00 appearance-body3Strong color-secondary weight-regular\\\">Gift Cards</p>\\n4:Gift Cards\\n5:<a class=\\\"footer-link\\\" href=\\\"https://www.nike.com/retail\\\" data-testid=\\\"footer-menu-col-0-child-1\\\">Find a Store</a>\\n6:<p class=\\\"nds-text footer-link css-xrit3w e1yhcai00 appearance-body3Strong color-secondary weight-regular\\\">Find a Store</p>\\n7:Find a Store\\n8:<a class=\\\"footer-link\\\" href=\\\"https://www.nike.com/membership\\\" data-testid=\\\"footer-menu-col-0-child-2\\\">Membership</a>\\n9:<p class=\\\"nds-text footer-link css-xrit3w e1yhcai00 appearance-body3Strong color-secondary weight-regular\\\">Membership</p>\\n10:Membership\\n11:<a class=\\\"footer-link\\\" href=\\\"https://www.nike.com/stories\\\" data-testid=\\\"footer-menu-col-0-child-3\\\">Nike Journal</a>\\n12:<p class=\\\"nds-text footer-link css-xrit3w e1yhcai00 appearance-body3Strong color-secondary weight-regular\\\">Nike Journal</p>\\n13:Nike Journal\\n14:<a class=\\\"footer-link\\\" href=\\\"#site-feedback\\\" data-testid=\\\"footer-menu-col-0-child-4\\\">Site Feedback</a>\\n15:<p class=\\\"nds-text footer-link css-xrit3w e1yhcai00 appearance-body3Strong color-secondary weight-regular\\\">Site Feedback</p>\\n16:Site Feedback\\n17:<h2 class=\\\"css-1twugl3\\\" data-testid=\\\"footer-menu-col-1-header\\\">Help</h2>\\n18:Help\\n19:<a class=\\\"footer-link\\\" href=\\\"https://www.nike.com/help\\\" data-testid=\\\"footer-menu-col-1-child-0\\\">Get Help</a>\\n20:<p class=\\\"nds-text footer-link css-xrit3w e1yhcai00 appearance-body3Strong color-secondary weight-regular\\\">Get Help</p>\\n21:Get Help\\n22:<a class=\\\"footer-link\\\" href=\\\"https://www.nike.com/orders/details/\\\" data-testid=\\\"footer-menu-col-1-child-1\\\">Order Status</a>\\n23:<p class=\\\"nds-text footer-link css-xrit3w e1yhcai00 appearance-body3Strong color-secondary weight-regular\\\">Order Status</p>\\n24:Order Status\\n25:<a class=\\\"footer-link\\\" href=\\\"https://www.nike.com/help/a/shipping-delivery\\\" data-testid=\\\"footer-menu-col-1-child-2\\\">Shipping and Delivery</a>\\n26:<p class=\\\"nds-text footer-link css-xrit3w e1yhcai00 appearance-body3Strong color-secondary weight-regular\\\">Shipping and Delivery</p>\\n27:Shipping and Delivery\\n28:<a class=\\\"footer-link\\\" href=\\\"https://www.nike.com/help/a/returns-policy\\\" data-testid=\\\"footer-menu-col-1-child-3\\\">Returns</a>\\n29:<p class=\\\"nds-text footer-link css-xrit3w e1yhcai00 appearance-body3Strong color-secondary weight-regular\\\">Returns</p>\\n30:Returns\\n31:<a class=\\\"footer-link\\\" href=\\\"https://www.nike.com/help/a/change-cancel-order\\\" data-testid=\\\"footer-menu-col-1-child-4\\\">Order Cancellation</a>\\n32:<p class=\\\"nds-text footer-link css-xrit3w e1yhcai00 appearance-body3Strong color-secondary weight-regular\\\">Order Cancellation</p>\\n33:Order Cancellation\\n34:<a class=\\\"footer-link\\\" href=\\\"https://www.nike.com/help/a/payment-options\\\" data-testid=\\\"footer-menu-col-1-child-5\\\">Payment Options</a>\\n35:<p class=\\\"nds-text footer-link css-xrit3w e1yhcai00 appearance-body3Strong color-secondary weight-regular\\\">Payment Options</p>\\n36:Payment Options\\n37:<a class=\\\"footer-link\\\" href=\\\"https://www.nike.com/orders/gift-card-lookup\\\" data-testid=\\\"footer-menu-col-1-child-6\\\">Gift Card Balance</a>\\n38:<p class=\\\"nds-text footer-link css-xrit3w e1yhcai00 appearance-body3Strong color-secondary weight-regular\\\">Gift Card Balance</p>\\n39:Gift Card Balance\\n40:<a class=\\\"footer-link\\\" href=\\\"https://www.nike.com/help/#contact\\\" data-testid=\\\"footer-menu-col-1-child-7\\\">Contact Us</a>\\n41:<p class=\\\"nds-text footer-link css-xrit3w e1yhcai00 appearance-body3Strong color-secondary weight-regular\\\">Contact Us</p>\\n42:Contact Us\\n43:<h2 class=\\\"css-1twugl3\\\" data-testid=\\\"footer-menu-col-2-header\\\">Company</h2>\\n44:Company\\n45:<a class=\\\"footer-link\\\" href=\\\"https://about.nike.com/en\\\" data-testid=\\\"footer-menu-col-2-child-0\\\">About Nike</a>\\n46:<p class=\\\"nds-text footer-link css-xrit3w e1yhcai00 appearance-body3Strong color-secondary weight-regular\\\">About Nike</p>\\n47:About Nike\\n48:<a class=\\\"footer-link\\\" href=\\\"http://news.nike.com/\\\" data-testid=\\\"footer-menu-col-2-child-1\\\">News</a>\\n49:<p class=\\\"nds-text footer-link css-xrit3w e1yhcai00 appearance-body3Strong color-secondary weight-regular\\\">News</p>\\n50:News\\n51:<a class=\\\"footer-link\\\" href=\\\"https://careers.nike.com/\\\" data-testid=\\\"footer-menu-col-2-child-2\\\">Careers</a>\\n52:<p class=\\\"nds-text footer-link css-xrit3w e1yhcai00 appearance-body3Strong color-secondary weight-regular\\\">Careers</p>\\n53:Careers\\n54:<a class=\\\"footer-link\\\" href=\\\"http://investors.nike.com/\\\" data-testid=\\\"footer-menu-col-2-child-3\\\">Investors</a>\\n55:<p class=\\\"nds-text footer-link css-xrit3w e1yhcai00 appearance-body3Strong color-secondary weight-regular\\\">Investors</p>\\n56:Investors\\n57:<a class=\\\"footer-link\\\" href=\\\"https://purpose.nike.com/\\\" data-testid=\\\"footer-menu-col-2-child-4\\\">Purpose</a>\\n58:<p class=\\\"nds-text footer-link css-xrit3w e1yhcai00 appearance-body3Strong color-secondary weight-regular\\\">Purpose</p>\\n59:Purpose\\n60:<a class=\\\"footer-link\\\" href=\\\"https://www.nike.com/sustainability\\\" data-testid=\\\"footer-menu-col-2-child-5\\\">Sustainability</a>\\n61:<p class=\\\"nds-text footer-link css-xrit3w e1yhcai00 appearance-body3Strong color-secondary weight-regular\\\">Sustainability</p>\\n62:Sustainability\\n63:<a class=\\\"footer-header\\\" href=\\\"https://www.nike.com/promo-code\\\" data-testid=\\\"footer-menu-col-3-header\\\">Promotions & Discounts</a>\\n64:<p class=\\\"nds-text footer-header css-xrit3w e1yhcai00 appearance-body3Strong color-secondary weight-regular\\\">Promotions & Discounts</p>\\n65:Promotions & Discounts\\n66:<a class=\\\"footer-link\\\" href=\\\"https://www.nike.com/help/a/student-discount\\\" data-testid=\\\"footer-menu-col-3-child-0\\\">Student</a>\\n67:<p class=\\\"nds-text footer-link css-xrit3w e1yhcai00 appearance-body3Strong color-secondary weight-regular\\\">Student</p>\\n68:Student\\n69:<a class=\\\"footer-link\\\" href=\\\"https://www.nike.com/help/a/military-discount\\\" data-testid=\\\"footer-menu-col-3-child-1\\\">Military</a>\\n70:<p class=\\\"nds-text footer-link css-xrit3w e1yhcai00 appearance-body3Strong color-secondary weight-regular\\\">Military</p>\\n71:Military\\n72:<a class=\\\"footer-link\\\" href=\\\"https://www.nike.com/help/a/teacher-discount\\\" data-testid=\\\"footer-menu-col-3-child-2\\\">Teacher</a>\\n73:<p class=\\\"nds-text footer-link css-xrit3w e1yhcai00 appearance-body3Strong color-secondary weight-regular\\\">Teacher</p>\\n74:Teacher\\n75:<a class=\\\"footer-link\\\" href=\\\"https://www.nike.com/help/a/first-responder-discount\\\" data-testid=\\\"footer-menu-col-3-child-3\\\">First Responders & Medical Professionals</a>\\n76:<p class=\\\"nds-text footer-link css-xrit3w e1yhcai00 appearance-body3Strong color-secondary weight-regular\\\">First Responders & Medical Professionals</p>\\n77:First Responders & Medical Professionals\\n78:<a class=\\\"footer-link\\\" href=\\\"https://www.nike.com/help/a/birthday-terms-promo\\\" data-testid=\\\"footer-menu-col-3-child-4\\\">Birthday</a>\\n79:<p class=\\\"nds-text footer-link css-xrit3w e1yhcai00 appearance-body3Strong color-secondary weight-regular\\\">Birthday</p>\\n80:Birthday\\n81:<button class=\\\"nds-btn css-x8wy1 ex41m6f0 cta-primary-dark  btn-responsive\\\" aria-label=\\\"Selected Location: United States\\\" type=\\\"submit\\\" data-testid=\\\"link\\\">United States</button>\\n82:United States\\n83:©\\n84:2025\\n85:Nike, Inc. All Rights Reserved\\n86:<details class=\\\" css-1qehhq\\\">GuidesNike AirNike Air Force 1Nike Air MaxNike FlyEaseNike FlyknitNike FreeNike ReactNike VaporflyNike ZoomXSpace Hippie</details>\\n87:<summary class=\\\"drop-down-accessibility-button\\\" aria-label=\\\"Guides menu\\\" aria-expanded=\\\"false\\\" aria-haspopup=\\\"menu\\\">Guides</summary>\\n88:<p class=\\\"nds-text css-175n91z e1yhcai00 appearance-body2Strong color-secondary weight-regular\\\" data-testid=\\\"desktop-user-menu-item-message-Guides\\\">Guides</p>\\n89:Guides\\n90:<a class=\\\"css-1isz5ne\\\" href=\\\"https://agreementservice.svs.nike.com/us/en_us/rest/agreement?agreementType=termsOfSale&uxId=com.nike.commerce.nikedotcom.web&country=US&language=en&requestType=redirect\\\" data-testid=\\\"link\\\">Terms of Sale</a>\\n91:<p class=\\\"nds-text css-170191f e1yhcai00 appearance-body2Strong color-primary weight-regular\\\">Terms of Sale</p>\\n92:Terms of Sale\\n93:<a class=\\\"css-1isz5ne\\\" href=\\\"https://agreementservice.svs.nike.com/us/en_us/rest/agreement?agreementType=termsOfUse&uxId=com.nike.commerce.nikedotcom.web&country=US&language=en&requestType=redirect\\\" data-testid=\\\"link\\\">Terms of Use</a>\\n94:<p class=\\\"nds-text css-170191f e1yhcai00 appearance-body2Strong color-primary weight-regular\\\">Terms of Use</p>\\n95:Terms of Use\\n96:<a class=\\\"css-1isz5ne\\\" href=\\\"https://agreementservice.svs.nike.com/rest/agreement?agreementType=privacyPolicy&uxId=com.nike.commerce.nikedotcom.web&country=US&language=en&requestType=redirect\\\" data-testid=\\\"link\\\">Nike Privacy Policy</a>\\n97:<p class=\\\"nds-text css-170191f e1yhcai00 appearance-body2Strong color-primary weight-regular\\\">Nike Privacy Policy</p>\\n98:Nike Privacy Policy\\n99:<a class=\\\"css-1isz5ne\\\" href=\\\"https://www.nike.com/guest/settings/do-not-share-my-data\\\" data-testid=\\\"link\\\">Your Privacy Choices</a>\\n100:<p class=\\\"nds-text css-170191f e1yhcai00 appearance-body2Strong color-primary weight-regular\\\">Your Privacy Choices</p>\\n101:Your Privacy Choices\\n102:<a class=\\\"css-1isz5ne\\\" href=\\\"https://about.nike.com/en/impact-resources/statement-on-forced-labor\\\" data-testid=\\\"link\\\">CA Supply Chains Act</a>\\n103:<p class=\\\"nds-text css-170191f e1yhcai00 appearance-body2Strong color-primary weight-regular\\\">CA Supply Chains Act</p>\\n104:CA Supply Chains Act\\n105:Women's Shoes\\n106:$78.97\\n107:<h3 class=\\\"nds-text price css-1uez6c2 e1yhcai00 appearance-body1 color-secondary weight-regular strikethrough\\\">$105.00</h3>\\n108:$105.00\\n109:Women's Shoes\\n110:$160.00\\n111:Women's High-Waisted Wide-Leg Sweatpants\\n112:$70.00\\n113:Men's Full-Zip Hoodie\\n114:$70.00\\n115:Skate Shoes\\n116:$85.00\\n117:Big Kids' Shoes\\n118:$51.97\\n119:$85.00\\n120:Men's Shoes\\n121:$59.97\\n122:$100.00\\n123:Women's Training Footie Socks (3 Pairs)\\n124:$15.97\\n125:$18.00\\n126:Men's Shoes\\n127:$115.00\\n128:Men's Shoes\\n129:$63.97\\n130:$90.00\\n131:<a class=\\\"swoosh-link\\\" href=\\\"https://www.nike.com\\\" aria-label=\\\"Nike Home Page\\\" data-testid=\\\"link\\\"></a>\\n132:<ul class=\\\"desktop-category\\\">NewFeaturedNew Arrivals Best SellersLatest DropsNew in Air Max: Dn8Vomero 18SNKRS Launch CalendarShop NewMenWomenKidsShop AllTrending24.7 CollectionNike Style BySo Win CollectionACG EssentialsRunning Shoe FinderMenNew New ArrivalsBest SellersLatest DropsNew in Air Max: Dn8Shop Latest Sale StylesShoesAll ShoesBasketballLifestyleJordanRetro RunningRunningTraining & GymShoes $100 & UnderClothingAll ClothingHoodies & Sweatshirts JordanJackets & VestsTracksuits24.7 CollectionPantsShortsTops & T-ShirtsAccessoriesBags & BackpacksHats & HeadwearSocksSunglassesBeltsShop By SportBaseballBasketballFan GearFootballGolfRunningTrack & FieldSoccerTennisTraining & GymWomenNew New ArrivalsBest SellersLatest DropsSo Win CollectionNew in Air Max: Dn8Shop Latest Sale StylesShop by ColorElemental PinkUniversity RedGame RoyalMink BrownBlack and SailShoesAll ShoesBasketballLifestyleJordanRetro RunningRunningTraining & GymShoes $100 & UnderClothingAll ClothingBrasHoodies & SweatshirtsLeggingsMatching Sets24.7 CollectionJackets & VestsPantsShortsTops & T-ShirtsAccessoriesBags & BackpacksHats & HeadwearSocksSunglassesBeltsShop By SportBasketballFan GearGolfRunningTrack & FieldTrainingSoccerTennisVolleyballKidsNew New ArrivalsBest SellersLatest DropsNew in Air Max: Dn8Shop Latest Sale StylesShoes by AgeBig Kids (1Y - 7Y)Little Kids (8C - 3Y)Baby & Toddler (1C - 10C)TeenAll ShoesBasketballLifestyleJordanRetro RunningRunningClothing by AgeBig Kids (XS - XL)Little Kids (4 - 7)Baby & Toddler (0M - 4T)TeenAll ClothingBrasHoodies & SweatshirtsJordanMatching SetsJackets & VestsPants & TightsShortsTops & T-ShirtsAccessoriesBags & BackpacksHats & HeadwearSocksSunglassesBeltsShop By SportBasketballGymnasticsFan GearFootballRunningSoccerJordanNewNew ArrivalsBest SellersShop Latest Sale StylesCollectionsJordan Heat CheckJordan FleeceJordan Sleeper PicksColors of the SeasonMenShop AllShoesAJ1ClothingBasketballWomenShop AllShoesAJ1ClothingBasketballKidsShop AllShoesAJ1ClothingBasketballBig KidsLittle KidsBaby & ToddlerAccessoriesShop AllBags & BackpacksHats & Headwear</ul>\\n133:<a class=\\\"menu-hover-trigger-link\\\" href=\\\"https://www.nike.com/w/new-3n82y\\\" data-testid=\\\"link\\\">New</a>\\n134:New\\n135:<details class=\\\" css-1qehhq\\\">FeaturedNew Arrivals Best SellersLatest DropsNew in Air Max: Dn8Vomero 18SNKRS Launch CalendarShop NewMenWomenKidsShop AllTrending24.7 CollectionNike Style BySo Win CollectionACG EssentialsRunning Shoe Finder</details>\\n136:<a class=\\\"menu-hover-trigger-link\\\" href=\\\"https://www.nike.com/men\\\" data-testid=\\\"link\\\">Men</a>\\n137:Men\\n138:<details class=\\\" css-1qehhq\\\">New New ArrivalsBest SellersLatest DropsNew in Air Max: Dn8Shop Latest Sale StylesShoesAll ShoesBasketballLifestyleJordanRetro RunningRunningTraining & GymShoes $100 & UnderClothingAll ClothingHoodies & Sweatshirts JordanJackets & VestsTracksuits24.7 CollectionPantsShortsTops & T-ShirtsAccessoriesBags & BackpacksHats & HeadwearSocksSunglassesBeltsShop By SportBaseballBasketballFan GearFootballGolfRunningTrack & FieldSoccerTennisTraining & Gym</details>\\n139:<a class=\\\"menu-hover-trigger-link\\\" href=\\\"https://www.nike.com/women\\\" data-testid=\\\"link\\\">Women</a>\\n140:Women\\n141:<details class=\\\" css-1qehhq\\\">New New ArrivalsBest SellersLatest DropsSo Win CollectionNew in Air Max: Dn8Shop Latest Sale StylesShop by ColorElemental PinkUniversity RedGame RoyalMink BrownBlack and SailShoesAll ShoesBasketballLifestyleJordanRetro RunningRunningTraining & GymShoes $100 & UnderClothingAll ClothingBrasHoodies & SweatshirtsLeggingsMatching Sets24.7 CollectionJackets & VestsPantsShortsTops & T-ShirtsAccessoriesBags & BackpacksHats & HeadwearSocksSunglassesBeltsShop By SportBasketballFan GearGolfRunningTrack & FieldTrainingSoccerTennisVolleyball</details>\\n142:<a class=\\\"menu-hover-trigger-link\\\" href=\\\"https://www.nike.com/kids\\\" data-testid=\\\"link\\\">Kids</a>\\n143:Kids\\n144:<details class=\\\" css-1qehhq\\\">New New ArrivalsBest SellersLatest DropsNew in Air Max: Dn8Shop Latest Sale StylesShoes by AgeBig Kids (1Y - 7Y)Little Kids (8C - 3Y)Baby & Toddler (1C - 10C)TeenAll ShoesBasketballLifestyleJordanRetro RunningRunningClothing by AgeBig Kids (XS - XL)Little Kids (4 - 7)Baby & Toddler (0M - 4T)TeenAll ClothingBrasHoodies & SweatshirtsJordanMatching SetsJackets & VestsPants & TightsShortsTops & T-ShirtsAccessoriesBags & BackpacksHats & HeadwearSocksSunglassesBeltsShop By SportBasketballGymnasticsFan GearFootballRunningSoccer</details>\\n145:<a class=\\\"menu-hover-trigger-link\\\" href=\\\"https://www.nike.com/jordan\\\" data-testid=\\\"link\\\">Jordan</a>\\n146:Jordan\\n147:<details class=\\\" css-1qehhq\\\">NewNew ArrivalsBest SellersShop Latest Sale StylesCollectionsJordan Heat CheckJordan FleeceJordan Sleeper PicksColors of the SeasonMenShop AllShoesAJ1ClothingBasketballWomenShop AllShoesAJ1ClothingBasketballKidsShop AllShoesAJ1ClothingBasketballBig KidsLittle KidsBaby & ToddlerAccessoriesShop AllBags & BackpacksHats & Headwear</details>\\n148:<button id=\\\"nav-search-icon\\\" class=\\\"nds-btn nds-button--icon-only search-start-btn css-1pto8ls ex41m6f0 btn-secondary-dark \\\" aria-label=\\\"Search\\\" type=\\\"button\\\"></button>\\n149:<input id=\\\"gn-search-input\\\" class=\\\"search-input\\\" aria-label=\\\"Search Products\\\" type=\\\"search\\\"></input>\\n150:<a class=\\\"nds-btn nds-button--icon-only nav-favorites css-q24gly ex41m6f0 btn-primary-dark \\\" href=\\\"https://www.nike.com/favorites\\\" aria-label=\\\"Favorites\\\" data-testid=\\\"favorite-button\\\"></a>\\n151:<a class=\\\"nds-btn nds-button--icon-only nav-bag-icon css-17i884h ex41m6f0 btn-primary-light \\\" href=\\\"https://www.nike.com/cart\\\" aria-label=\\\"Bag Items: 0\\\"></a>\\n\\n\"}],\"temperature\":0.1,\"tools\":[{\"type\":\"function\",\"name\":\"doAction\",\"description\":\"execute the next playwright step that directly accomplishes the goal\",\"parameters\":{\"type\":\"object\",\"required\":[\"method\",\"element\",\"args\",\"step\",\"completed\"],\"properties\":{\"method\":{\"type\":\"string\",\"description\":\"The playwright function to call.\"},\"element\":{\"type\":\"number\",\"description\":\"The element number to act on\"},\"args\":{\"type\":\"array\",\"description\":\"The required arguments\",\"items\":{\"type\":\"string\",\"description\":\"The argument to pass to the function\"}},\"step\":{\"type\":\"string\",\"description\":\"human readable description of the step that is taken in the past tense. Please be very detailed.\"},\"why\":{\"type\":\"string\",\"description\":\"why is this step taken? how does it advance the goal?\"},\"completed\":{\"type\":\"boolean\",\"description\":\"true if the goal should be accomplished after this step\"}}}},{\"type\":\"function\",\"name\":\"skipSection\",\"description\":\"skips this area of the webpage because the current goal cannot be accomplished here\",\"parameters\":{\"type\":\"object\",\"properties\":{\"reason\":{\"type\":\"string\",\"description\":\"reason that no action is taken\"}}}}]}","type":"object"}}
2025-03-05T11:43:19.461Z::[stagehand:action] received response from LLM {"response":{"value":"null","type":"object"}}
2025-03-05T11:43:19.471Z::[stagehand:action] no action found in current chunk {"chunksSeen":{"value":"3","type":"integer"}}
2025-03-05T11:43:19.722Z::[stagehand:action] running / continuing action {"action":{"value":"Select size 7 from size grid selector","type":"string"},"pageUrl":{"value":"https://www.nike.com/t/blazer-mid-77-vintage-mens-shoes-nw30B2/BQ6806-100","type":"string"}}
2025-03-05T11:43:19.722Z::[stagehand:action] processing DOM 
2025-03-05T11:43:25.903Z::[stagehand:action] looking at chunk {"chunk":{"value":"10","type":"integer"},"chunks":{"value":"13","type":"integer"},"chunksSeen":{"value":"3","type":"integer"},"chunksLeft":{"value":"10","type":"integer"}}
2025-03-05T11:43:25.904Z::[stagehand:anthropic] creating chat completion {"options":{"value":"{\"messages\":[{\"role\":\"system\",\"content\":\"\\n# Instructions\\nYou are a browser automation assistant. Your job is to accomplish the user's goal across multiple model calls by running playwright commands.\\n\\n## Input\\nYou will receive:\\n1. the user's overall goal\\n2. the steps that you've taken so far\\n3. a list of active DOM elements in this chunk to consider to get closer to the goal. \\n4. Optionally, a list of variable names that the user has provided that you may use to accomplish the goal. To use the variables, you must use the special <|VARIABLE_NAME|> syntax.\\n5. Optionally, custom instructions will be provided by the user. If the user's instructions are not relevant to the current task, ignore them. Otherwise, make sure to adhere to them.\\n\\n\\n## Your Goal / Specification\\nYou have 2 tools that you can call: doAction, and skipSection. Do action only performs Playwright actions. Do exactly what the user's goal is. Do not perform any other actions or exceed the scope of the goal.\\nIf the user's goal will be accomplished after running the playwright action, set completed to true. Better to have completed set to true if your are not sure.\\n\\nNote 1: If there is a popup on the page for cookies or advertising that has nothing to do with the goal, try to close it first before proceeding. As this can block the goal from being completed.\\nNote 2: Sometimes what your are looking for is hidden behind and element you need to interact with. For example, sliders, buttons, etc...\\n\\nAgain, if the user's goal will be accomplished after running the playwright action, set completed to true. Also, if the user provides custom instructions, it is imperative that you follow them no matter what.\\n\"},{\"role\":\"user\",\"content\":\"\\n# My Goal\\nSelect size 7 from size grid selector\\n\\n# Steps You've Taken So Far\\n\\n## Step: Scrolled to another section\\n## Step: Scrolled to another section\\n## Step: Scrolled to another section\\n\\n\\n# Current Active Dom Elements\\n0:<h3 id=\\\"carousel-title-id-0.31317523650084333\\\" class=\\\"carousel-title\\\">You Might Also Like</h3>\\n1:You Might Also Like\\n2:<button class=\\\"carousel-btn next-btn\\\"></button>\\n3:<a href=\\\"https://www.nike.com/t/blazer-mid-77-womens-shoes-NPWfjm/CZ1055-118\\\">Nike Blazer Mid '77Women's Shoes$78.97$105.00</a>\\n4:<h1 class=\\\"nds-text title css-196t8ag e1yhcai00 appearance-body1Strong color-primary weight-medium\\\">Nike Blazer Mid '77</h1>\\n5:Nike Blazer Mid '77\\n6:<h2 class=\\\"nds-text category css-ej30wz e1yhcai00 appearance-body1 color-secondary weight-regular\\\">Women's Shoes</h2>\\n7:Women's Shoes\\n8:<h3 class=\\\"nds-text discountPrice css-196t8ag e1yhcai00 appearance-body1Strong color-primary weight-medium\\\">$78.97</h3>\\n9:$78.97\\n10:<h3 class=\\\"nds-text price css-1uez6c2 e1yhcai00 appearance-body1 color-secondary weight-regular strikethrough\\\">$105.00</h3>\\n11:$105.00\\n12:<a href=\\\"https://www.nike.com/t/air-max-270-womens-shoes-Pgb94t/AH6789-001\\\">Nike Air Max 270Women's Shoes$160.00</a>\\n13:<h1 class=\\\"nds-text title css-196t8ag e1yhcai00 appearance-body1Strong color-primary weight-medium\\\">Nike Air Max 270</h1>\\n14:Nike Air Max 270\\n15:<h2 class=\\\"nds-text category css-ej30wz e1yhcai00 appearance-body1 color-secondary weight-regular\\\">Women's Shoes</h2>\\n16:Women's Shoes\\n17:<h3 class=\\\"nds-text price css-196t8ag e1yhcai00 appearance-body1Strong color-primary weight-medium\\\">$160.00</h3>\\n18:$160.00\\n19:<a href=\\\"https://www.nike.com/t/sportswear-phoenix-fleece-womens-high-waisted-wide-leg-sweatpants-kfG4fc/DQ5615-480\\\">Nike Sportswear Phoenix FleeceWomen's High-Waisted Wide-Leg Sweatpants$70.00</a>\\n20:<h1 class=\\\"nds-text title css-196t8ag e1yhcai00 appearance-body1Strong color-primary weight-medium\\\">Nike Sportswear Phoenix Fleece</h1>\\n21:Nike Sportswear Phoenix Fleece\\n22:<h2 class=\\\"nds-text category css-ej30wz e1yhcai00 appearance-body1 color-secondary weight-regular\\\">Women's High-Waisted Wide-Leg Sweatpants</h2>\\n23:Women's High-Waisted Wide-Leg Sweatpants\\n24:<h3 class=\\\"nds-text price css-196t8ag e1yhcai00 appearance-body1Strong color-primary weight-medium\\\">$70.00</h3>\\n25:$70.00\\n26:Nike Sportswear Club Fleece\\n27:Men's Full-Zip Hoodie\\n28:$70.00\\n29:Nike SB Zoom Blazer Low Pro GT\\n30:Skate Shoes\\n31:$85.00\\n32:Nike Blazer Mid '77\\n33:Big Kids' Shoes\\n34:$51.97\\n35:$85.00\\n36:Nike Blazer Low Pro Club\\n37:Men's Shoes\\n38:$59.97\\n39:$100.00\\n40:Nike Everyday Lightweight\\n41:Women's Training Footie Socks (3 Pairs)\\n42:$15.97\\n43:$18.00\\n44:Nike Dunk Low Retro\\n45:Men's Shoes\\n46:$115.00\\n47:Nike SB Blazer Low Pro GT Premium\\n48:Men's Shoes\\n49:$63.97\\n50:$90.00\\n51:<a class=\\\"swoosh-link\\\" href=\\\"https://www.nike.com\\\" aria-label=\\\"Nike Home Page\\\" data-testid=\\\"link\\\"></a>\\n52:<ul class=\\\"desktop-category\\\">NewFeaturedNew Arrivals Best SellersLatest DropsNew in Air Max: Dn8Vomero 18SNKRS Launch CalendarShop NewMenWomenKidsShop AllTrending24.7 CollectionNike Style BySo Win CollectionACG EssentialsRunning Shoe FinderMenNew New ArrivalsBest SellersLatest DropsNew in Air Max: Dn8Shop Latest Sale StylesShoesAll ShoesBasketballLifestyleJordanRetro RunningRunningTraining & GymShoes $100 & UnderClothingAll ClothingHoodies & Sweatshirts JordanJackets & VestsTracksuits24.7 CollectionPantsShortsTops & T-ShirtsAccessoriesBags & BackpacksHats & HeadwearSocksSunglassesBeltsShop By SportBaseballBasketballFan GearFootballGolfRunningTrack & FieldSoccerTennisTraining & GymWomenNew New ArrivalsBest SellersLatest DropsSo Win CollectionNew in Air Max: Dn8Shop Latest Sale StylesShop by ColorElemental PinkUniversity RedGame RoyalMink BrownBlack and SailShoesAll ShoesBasketballLifestyleJordanRetro RunningRunningTraining & GymShoes $100 & UnderClothingAll ClothingBrasHoodies & SweatshirtsLeggingsMatching Sets24.7 CollectionJackets & VestsPantsShortsTops & T-ShirtsAccessoriesBags & BackpacksHats & HeadwearSocksSunglassesBeltsShop By SportBasketballFan GearGolfRunningTrack & FieldTrainingSoccerTennisVolleyballKidsNew New ArrivalsBest SellersLatest DropsNew in Air Max: Dn8Shop Latest Sale StylesShoes by AgeBig Kids (1Y - 7Y)Little Kids (8C - 3Y)Baby & Toddler (1C - 10C)TeenAll ShoesBasketballLifestyleJordanRetro RunningRunningClothing by AgeBig Kids (XS - XL)Little Kids (4 - 7)Baby & Toddler (0M - 4T)TeenAll ClothingBrasHoodies & SweatshirtsJordanMatching SetsJackets & VestsPants & TightsShortsTops & T-ShirtsAccessoriesBags & BackpacksHats & HeadwearSocksSunglassesBeltsShop By SportBasketballGymnasticsFan GearFootballRunningSoccerJordanNewNew ArrivalsBest SellersShop Latest Sale StylesCollectionsJordan Heat CheckJordan FleeceJordan Sleeper PicksColors of the SeasonMenShop AllShoesAJ1ClothingBasketballWomenShop AllShoesAJ1ClothingBasketballKidsShop AllShoesAJ1ClothingBasketballBig KidsLittle KidsBaby & ToddlerAccessoriesShop AllBags & BackpacksHats & Headwear</ul>\\n53:<a class=\\\"menu-hover-trigger-link\\\" href=\\\"https://www.nike.com/w/new-3n82y\\\" data-testid=\\\"link\\\">New</a>\\n54:New\\n55:<details class=\\\" css-1qehhq\\\">FeaturedNew Arrivals Best SellersLatest DropsNew in Air Max: Dn8Vomero 18SNKRS Launch CalendarShop NewMenWomenKidsShop AllTrending24.7 CollectionNike Style BySo Win CollectionACG EssentialsRunning Shoe Finder</details>\\n56:<a class=\\\"menu-hover-trigger-link\\\" href=\\\"https://www.nike.com/men\\\" data-testid=\\\"link\\\">Men</a>\\n57:Men\\n58:<details class=\\\" css-1qehhq\\\">New New ArrivalsBest SellersLatest DropsNew in Air Max: Dn8Shop Latest Sale StylesShoesAll ShoesBasketballLifestyleJordanRetro RunningRunningTraining & GymShoes $100 & UnderClothingAll ClothingHoodies & Sweatshirts JordanJackets & VestsTracksuits24.7 CollectionPantsShortsTops & T-ShirtsAccessoriesBags & BackpacksHats & HeadwearSocksSunglassesBeltsShop By SportBaseballBasketballFan GearFootballGolfRunningTrack & FieldSoccerTennisTraining & Gym</details>\\n59:<a class=\\\"menu-hover-trigger-link\\\" href=\\\"https://www.nike.com/women\\\" data-testid=\\\"link\\\">Women</a>\\n60:Women\\n61:<details class=\\\" css-1qehhq\\\">New New ArrivalsBest SellersLatest DropsSo Win CollectionNew in Air Max: Dn8Shop Latest Sale StylesShop by ColorElemental PinkUniversity RedGame RoyalMink BrownBlack and SailShoesAll ShoesBasketballLifestyleJordanRetro RunningRunningTraining & GymShoes $100 & UnderClothingAll ClothingBrasHoodies & SweatshirtsLeggingsMatching Sets24.7 CollectionJackets & VestsPantsShortsTops & T-ShirtsAccessoriesBags & BackpacksHats & HeadwearSocksSunglassesBeltsShop By SportBasketballFan GearGolfRunningTrack & FieldTrainingSoccerTennisVolleyball</details>\\n62:<a class=\\\"menu-hover-trigger-link\\\" href=\\\"https://www.nike.com/kids\\\" data-testid=\\\"link\\\">Kids</a>\\n63:Kids\\n64:<details class=\\\" css-1qehhq\\\">New New ArrivalsBest SellersLatest DropsNew in Air Max: Dn8Shop Latest Sale StylesShoes by AgeBig Kids (1Y - 7Y)Little Kids (8C - 3Y)Baby & Toddler (1C - 10C)TeenAll ShoesBasketballLifestyleJordanRetro RunningRunningClothing by AgeBig Kids (XS - XL)Little Kids (4 - 7)Baby & Toddler (0M - 4T)TeenAll ClothingBrasHoodies & SweatshirtsJordanMatching SetsJackets & VestsPants & TightsShortsTops & T-ShirtsAccessoriesBags & BackpacksHats & HeadwearSocksSunglassesBeltsShop By SportBasketballGymnasticsFan GearFootballRunningSoccer</details>\\n65:<a class=\\\"menu-hover-trigger-link\\\" href=\\\"https://www.nike.com/jordan\\\" data-testid=\\\"link\\\">Jordan</a>\\n66:Jordan\\n67:<details class=\\\" css-1qehhq\\\">NewNew ArrivalsBest SellersShop Latest Sale StylesCollectionsJordan Heat CheckJordan FleeceJordan Sleeper PicksColors of the SeasonMenShop AllShoesAJ1ClothingBasketballWomenShop AllShoesAJ1ClothingBasketballKidsShop AllShoesAJ1ClothingBasketballBig KidsLittle KidsBaby & ToddlerAccessoriesShop AllBags & BackpacksHats & Headwear</details>\\n68:<button id=\\\"nav-search-icon\\\" class=\\\"nds-btn nds-button--icon-only search-start-btn css-1pto8ls ex41m6f0 btn-secondary-dark \\\" aria-label=\\\"Search\\\" type=\\\"button\\\"></button>\\n69:<input id=\\\"gn-search-input\\\" class=\\\"search-input\\\" aria-label=\\\"Search Products\\\" type=\\\"search\\\"></input>\\n70:<a class=\\\"nds-btn nds-button--icon-only nav-favorites css-q24gly ex41m6f0 btn-primary-dark \\\" href=\\\"https://www.nike.com/favorites\\\" aria-label=\\\"Favorites\\\" data-testid=\\\"favorite-button\\\"></a>\\n71:<a class=\\\"nds-btn nds-button--icon-only nav-bag-icon css-17i884h ex41m6f0 btn-primary-light \\\" href=\\\"https://www.nike.com/cart\\\" aria-label=\\\"Bag Items: 0\\\"></a>\\n\\n\"}],\"temperature\":0.1,\"top_p\":1,\"frequency_penalty\":0,\"presence_penalty\":0,\"tool_choice\":\"auto\",\"tools\":[{\"type\":\"function\",\"name\":\"doAction\",\"description\":\"execute the next playwright step that directly accomplishes the goal\",\"parameters\":{\"type\":\"object\",\"required\":[\"method\",\"element\",\"args\",\"step\",\"completed\"],\"properties\":{\"method\":{\"type\":\"string\",\"description\":\"The playwright function to call.\"},\"element\":{\"type\":\"number\",\"description\":\"The element number to act on\"},\"args\":{\"type\":\"array\",\"description\":\"The required arguments\",\"items\":{\"type\":\"string\",\"description\":\"The argument to pass to the function\"}},\"step\":{\"type\":\"string\",\"description\":\"human readable description of the step that is taken in the past tense. Please be very detailed.\"},\"why\":{\"type\":\"string\",\"description\":\"why is this step taken? how does it advance the goal?\"},\"completed\":{\"type\":\"boolean\",\"description\":\"true if the goal should be accomplished after this step\"}}}},{\"type\":\"function\",\"name\":\"skipSection\",\"description\":\"skips this area of the webpage because the current goal cannot be accomplished here\",\"parameters\":{\"type\":\"object\",\"properties\":{\"reason\":{\"type\":\"string\",\"description\":\"reason that no action is taken\"}}}}],\"requestId\":\"rvat5razbw\"}","type":"object"}}
2025-03-05T11:43:25.904Z::[stagehand:base_cache] Lock acquired 
2025-03-05T11:43:25.905Z::[stagehand:base_cache] Lock released 
2025-03-05T11:43:25.905Z::[stagehand:llm_cache] LLM cache miss - no cached response found {"cacheOptions":{"value":"{\"model\":\"claude-3-5-sonnet-latest\",\"messages\":[{\"role\":\"system\",\"content\":\"\\n# Instructions\\nYou are a browser automation assistant. Your job is to accomplish the user's goal across multiple model calls by running playwright commands.\\n\\n## Input\\nYou will receive:\\n1. the user's overall goal\\n2. the steps that you've taken so far\\n3. a list of active DOM elements in this chunk to consider to get closer to the goal. \\n4. Optionally, a list of variable names that the user has provided that you may use to accomplish the goal. To use the variables, you must use the special <|VARIABLE_NAME|> syntax.\\n5. Optionally, custom instructions will be provided by the user. If the user's instructions are not relevant to the current task, ignore them. Otherwise, make sure to adhere to them.\\n\\n\\n## Your Goal / Specification\\nYou have 2 tools that you can call: doAction, and skipSection. Do action only performs Playwright actions. Do exactly what the user's goal is. Do not perform any other actions or exceed the scope of the goal.\\nIf the user's goal will be accomplished after running the playwright action, set completed to true. Better to have completed set to true if your are not sure.\\n\\nNote 1: If there is a popup on the page for cookies or advertising that has nothing to do with the goal, try to close it first before proceeding. As this can block the goal from being completed.\\nNote 2: Sometimes what your are looking for is hidden behind and element you need to interact with. For example, sliders, buttons, etc...\\n\\nAgain, if the user's goal will be accomplished after running the playwright action, set completed to true. Also, if the user provides custom instructions, it is imperative that you follow them no matter what.\\n\"},{\"role\":\"user\",\"content\":\"\\n# My Goal\\nSelect size 7 from size grid selector\\n\\n# Steps You've Taken So Far\\n\\n## Step: Scrolled to another section\\n## Step: Scrolled to another section\\n## Step: Scrolled to another section\\n\\n\\n# Current Active Dom Elements\\n0:<h3 id=\\\"carousel-title-id-0.31317523650084333\\\" class=\\\"carousel-title\\\">You Might Also Like</h3>\\n1:You Might Also Like\\n2:<button class=\\\"carousel-btn next-btn\\\"></button>\\n3:<a href=\\\"https://www.nike.com/t/blazer-mid-77-womens-shoes-NPWfjm/CZ1055-118\\\">Nike Blazer Mid '77Women's Shoes$78.97$105.00</a>\\n4:<h1 class=\\\"nds-text title css-196t8ag e1yhcai00 appearance-body1Strong color-primary weight-medium\\\">Nike Blazer Mid '77</h1>\\n5:Nike Blazer Mid '77\\n6:<h2 class=\\\"nds-text category css-ej30wz e1yhcai00 appearance-body1 color-secondary weight-regular\\\">Women's Shoes</h2>\\n7:Women's Shoes\\n8:<h3 class=\\\"nds-text discountPrice css-196t8ag e1yhcai00 appearance-body1Strong color-primary weight-medium\\\">$78.97</h3>\\n9:$78.97\\n10:<h3 class=\\\"nds-text price css-1uez6c2 e1yhcai00 appearance-body1 color-secondary weight-regular strikethrough\\\">$105.00</h3>\\n11:$105.00\\n12:<a href=\\\"https://www.nike.com/t/air-max-270-womens-shoes-Pgb94t/AH6789-001\\\">Nike Air Max 270Women's Shoes$160.00</a>\\n13:<h1 class=\\\"nds-text title css-196t8ag e1yhcai00 appearance-body1Strong color-primary weight-medium\\\">Nike Air Max 270</h1>\\n14:Nike Air Max 270\\n15:<h2 class=\\\"nds-text category css-ej30wz e1yhcai00 appearance-body1 color-secondary weight-regular\\\">Women's Shoes</h2>\\n16:Women's Shoes\\n17:<h3 class=\\\"nds-text price css-196t8ag e1yhcai00 appearance-body1Strong color-primary weight-medium\\\">$160.00</h3>\\n18:$160.00\\n19:<a href=\\\"https://www.nike.com/t/sportswear-phoenix-fleece-womens-high-waisted-wide-leg-sweatpants-kfG4fc/DQ5615-480\\\">Nike Sportswear Phoenix FleeceWomen's High-Waisted Wide-Leg Sweatpants$70.00</a>\\n20:<h1 class=\\\"nds-text title css-196t8ag e1yhcai00 appearance-body1Strong color-primary weight-medium\\\">Nike Sportswear Phoenix Fleece</h1>\\n21:Nike Sportswear Phoenix Fleece\\n22:<h2 class=\\\"nds-text category css-ej30wz e1yhcai00 appearance-body1 color-secondary weight-regular\\\">Women's High-Waisted Wide-Leg Sweatpants</h2>\\n23:Women's High-Waisted Wide-Leg Sweatpants\\n24:<h3 class=\\\"nds-text price css-196t8ag e1yhcai00 appearance-body1Strong color-primary weight-medium\\\">$70.00</h3>\\n25:$70.00\\n26:Nike Sportswear Club Fleece\\n27:Men's Full-Zip Hoodie\\n28:$70.00\\n29:Nike SB Zoom Blazer Low Pro GT\\n30:Skate Shoes\\n31:$85.00\\n32:Nike Blazer Mid '77\\n33:Big Kids' Shoes\\n34:$51.97\\n35:$85.00\\n36:Nike Blazer Low Pro Club\\n37:Men's Shoes\\n38:$59.97\\n39:$100.00\\n40:Nike Everyday Lightweight\\n41:Women's Training Footie Socks (3 Pairs)\\n42:$15.97\\n43:$18.00\\n44:Nike Dunk Low Retro\\n45:Men's Shoes\\n46:$115.00\\n47:Nike SB Blazer Low Pro GT Premium\\n48:Men's Shoes\\n49:$63.97\\n50:$90.00\\n51:<a class=\\\"swoosh-link\\\" href=\\\"https://www.nike.com\\\" aria-label=\\\"Nike Home Page\\\" data-testid=\\\"link\\\"></a>\\n52:<ul class=\\\"desktop-category\\\">NewFeaturedNew Arrivals Best SellersLatest DropsNew in Air Max: Dn8Vomero 18SNKRS Launch CalendarShop NewMenWomenKidsShop AllTrending24.7 CollectionNike Style BySo Win CollectionACG EssentialsRunning Shoe FinderMenNew New ArrivalsBest SellersLatest DropsNew in Air Max: Dn8Shop Latest Sale StylesShoesAll ShoesBasketballLifestyleJordanRetro RunningRunningTraining & GymShoes $100 & UnderClothingAll ClothingHoodies & Sweatshirts JordanJackets & VestsTracksuits24.7 CollectionPantsShortsTops & T-ShirtsAccessoriesBags & BackpacksHats & HeadwearSocksSunglassesBeltsShop By SportBaseballBasketballFan GearFootballGolfRunningTrack & FieldSoccerTennisTraining & GymWomenNew New ArrivalsBest SellersLatest DropsSo Win CollectionNew in Air Max: Dn8Shop Latest Sale StylesShop by ColorElemental PinkUniversity RedGame RoyalMink BrownBlack and SailShoesAll ShoesBasketballLifestyleJordanRetro RunningRunningTraining & GymShoes $100 & UnderClothingAll ClothingBrasHoodies & SweatshirtsLeggingsMatching Sets24.7 CollectionJackets & VestsPantsShortsTops & T-ShirtsAccessoriesBags & BackpacksHats & HeadwearSocksSunglassesBeltsShop By SportBasketballFan GearGolfRunningTrack & FieldTrainingSoccerTennisVolleyballKidsNew New ArrivalsBest SellersLatest DropsNew in Air Max: Dn8Shop Latest Sale StylesShoes by AgeBig Kids (1Y - 7Y)Little Kids (8C - 3Y)Baby & Toddler (1C - 10C)TeenAll ShoesBasketballLifestyleJordanRetro RunningRunningClothing by AgeBig Kids (XS - XL)Little Kids (4 - 7)Baby & Toddler (0M - 4T)TeenAll ClothingBrasHoodies & SweatshirtsJordanMatching SetsJackets & VestsPants & TightsShortsTops & T-ShirtsAccessoriesBags & BackpacksHats & HeadwearSocksSunglassesBeltsShop By SportBasketballGymnasticsFan GearFootballRunningSoccerJordanNewNew ArrivalsBest SellersShop Latest Sale StylesCollectionsJordan Heat CheckJordan FleeceJordan Sleeper PicksColors of the SeasonMenShop AllShoesAJ1ClothingBasketballWomenShop AllShoesAJ1ClothingBasketballKidsShop AllShoesAJ1ClothingBasketballBig KidsLittle KidsBaby & ToddlerAccessoriesShop AllBags & BackpacksHats & Headwear</ul>\\n53:<a class=\\\"menu-hover-trigger-link\\\" href=\\\"https://www.nike.com/w/new-3n82y\\\" data-testid=\\\"link\\\">New</a>\\n54:New\\n55:<details class=\\\" css-1qehhq\\\">FeaturedNew Arrivals Best SellersLatest DropsNew in Air Max: Dn8Vomero 18SNKRS Launch CalendarShop NewMenWomenKidsShop AllTrending24.7 CollectionNike Style BySo Win CollectionACG EssentialsRunning Shoe Finder</details>\\n56:<a class=\\\"menu-hover-trigger-link\\\" href=\\\"https://www.nike.com/men\\\" data-testid=\\\"link\\\">Men</a>\\n57:Men\\n58:<details class=\\\" css-1qehhq\\\">New New ArrivalsBest SellersLatest DropsNew in Air Max: Dn8Shop Latest Sale StylesShoesAll ShoesBasketballLifestyleJordanRetro RunningRunningTraining & GymShoes $100 & UnderClothingAll ClothingHoodies & Sweatshirts JordanJackets & VestsTracksuits24.7 CollectionPantsShortsTops & T-ShirtsAccessoriesBags & BackpacksHats & HeadwearSocksSunglassesBeltsShop By SportBaseballBasketballFan GearFootballGolfRunningTrack & FieldSoccerTennisTraining & Gym</details>\\n59:<a class=\\\"menu-hover-trigger-link\\\" href=\\\"https://www.nike.com/women\\\" data-testid=\\\"link\\\">Women</a>\\n60:Women\\n61:<details class=\\\" css-1qehhq\\\">New New ArrivalsBest SellersLatest DropsSo Win CollectionNew in Air Max: Dn8Shop Latest Sale StylesShop by ColorElemental PinkUniversity RedGame RoyalMink BrownBlack and SailShoesAll ShoesBasketballLifestyleJordanRetro RunningRunningTraining & GymShoes $100 & UnderClothingAll ClothingBrasHoodies & SweatshirtsLeggingsMatching Sets24.7 CollectionJackets & VestsPantsShortsTops & T-ShirtsAccessoriesBags & BackpacksHats & HeadwearSocksSunglassesBeltsShop By SportBasketballFan GearGolfRunningTrack & FieldTrainingSoccerTennisVolleyball</details>\\n62:<a class=\\\"menu-hover-trigger-link\\\" href=\\\"https://www.nike.com/kids\\\" data-testid=\\\"link\\\">Kids</a>\\n63:Kids\\n64:<details class=\\\" css-1qehhq\\\">New New ArrivalsBest SellersLatest DropsNew in Air Max: Dn8Shop Latest Sale StylesShoes by AgeBig Kids (1Y - 7Y)Little Kids (8C - 3Y)Baby & Toddler (1C - 10C)TeenAll ShoesBasketballLifestyleJordanRetro RunningRunningClothing by AgeBig Kids (XS - XL)Little Kids (4 - 7)Baby & Toddler (0M - 4T)TeenAll ClothingBrasHoodies & SweatshirtsJordanMatching SetsJackets & VestsPants & TightsShortsTops & T-ShirtsAccessoriesBags & BackpacksHats & HeadwearSocksSunglassesBeltsShop By SportBasketballGymnasticsFan GearFootballRunningSoccer</details>\\n65:<a class=\\\"menu-hover-trigger-link\\\" href=\\\"https://www.nike.com/jordan\\\" data-testid=\\\"link\\\">Jordan</a>\\n66:Jordan\\n67:<details class=\\\" css-1qehhq\\\">NewNew ArrivalsBest SellersShop Latest Sale StylesCollectionsJordan Heat CheckJordan FleeceJordan Sleeper PicksColors of the SeasonMenShop AllShoesAJ1ClothingBasketballWomenShop AllShoesAJ1ClothingBasketballKidsShop AllShoesAJ1ClothingBasketballBig KidsLittle KidsBaby & ToddlerAccessoriesShop AllBags & BackpacksHats & Headwear</details>\\n68:<button id=\\\"nav-search-icon\\\" class=\\\"nds-btn nds-button--icon-only search-start-btn css-1pto8ls ex41m6f0 btn-secondary-dark \\\" aria-label=\\\"Search\\\" type=\\\"button\\\"></button>\\n69:<input id=\\\"gn-search-input\\\" class=\\\"search-input\\\" aria-label=\\\"Search Products\\\" type=\\\"search\\\"></input>\\n70:<a class=\\\"nds-btn nds-button--icon-only nav-favorites css-q24gly ex41m6f0 btn-primary-dark \\\" href=\\\"https://www.nike.com/favorites\\\" aria-label=\\\"Favorites\\\" data-testid=\\\"favorite-button\\\"></a>\\n71:<a class=\\\"nds-btn nds-button--icon-only nav-bag-icon css-17i884h ex41m6f0 btn-primary-light \\\" href=\\\"https://www.nike.com/cart\\\" aria-label=\\\"Bag Items: 0\\\"></a>\\n\\n\"}],\"temperature\":0.1,\"tools\":[{\"type\":\"function\",\"name\":\"doAction\",\"description\":\"execute the next playwright step that directly accomplishes the goal\",\"parameters\":{\"type\":\"object\",\"required\":[\"method\",\"element\",\"args\",\"step\",\"completed\"],\"properties\":{\"method\":{\"type\":\"string\",\"description\":\"The playwright function to call.\"},\"element\":{\"type\":\"number\",\"description\":\"The element number to act on\"},\"args\":{\"type\":\"array\",\"description\":\"The required arguments\",\"items\":{\"type\":\"string\",\"description\":\"The argument to pass to the function\"}},\"step\":{\"type\":\"string\",\"description\":\"human readable description of the step that is taken in the past tense. Please be very detailed.\"},\"why\":{\"type\":\"string\",\"description\":\"why is this step taken? how does it advance the goal?\"},\"completed\":{\"type\":\"boolean\",\"description\":\"true if the goal should be accomplished after this step\"}}}},{\"type\":\"function\",\"name\":\"skipSection\",\"description\":\"skips this area of the webpage because the current goal cannot be accomplished here\",\"parameters\":{\"type\":\"object\",\"properties\":{\"reason\":{\"type\":\"string\",\"description\":\"reason that no action is taken\"}}}}]}","type":"object"},"requestId":{"value":"rvat5razbw","type":"string"}}
2025-03-05T11:43:32.185Z::[stagehand:anthropic] response {"response":{"value":"{\"id\":\"msg_01PZTr7nFuG8zrqLVZga2zt3\",\"type\":\"message\",\"role\":\"assistant\",\"model\":\"claude-3-5-sonnet-20241022\",\"content\":[{\"type\":\"text\",\"text\":\"I'll analyze the current DOM elements, but I don't see any size selector grid with size 7 in the current elements. This appears to be a navigation/header section of the website with menu items, search, favorites, and cart functionality. I should skip this section and let the system continue looking for the size selector.\"},{\"type\":\"tool_use\",\"id\":\"toolu_01N59WMD8wa4WZV6zQLXJcQG\",\"name\":\"skipSection\",\"input\":{\"reason\":\"This section contains navigation elements, menu items, and header controls. There is no size selector grid or size 7 option present in these elements.\"}}],\"stop_reason\":\"tool_use\",\"stop_sequence\":null,\"usage\":{\"input_tokens\":4309,\"cache_creation_input_tokens\":0,\"cache_read_input_tokens\":0,\"output_tokens\":148}}","type":"object"},"requestId":{"value":"rvat5razbw","type":"string"}}
2025-03-05T11:43:32.186Z::[stagehand:anthropic] transformed response {"transformedResponse":{"value":"{\"id\":\"msg_01PZTr7nFuG8zrqLVZga2zt3\",\"object\":\"chat.completion\",\"created\":1741175012186,\"model\":\"claude-3-5-sonnet-20241022\",\"choices\":[{\"index\":0,\"message\":{\"role\":\"assistant\",\"content\":\"I'll analyze the current DOM elements, but I don't see any size selector grid with size 7 in the current elements. This appears to be a navigation/header section of the website with menu items, search, favorites, and cart functionality. I should skip this section and let the system continue looking for the size selector.\",\"tool_calls\":[{\"id\":\"toolu_01N59WMD8wa4WZV6zQLXJcQG\",\"type\":\"function\",\"function\":{\"name\":\"skipSection\",\"arguments\":\"{\\\"reason\\\":\\\"This section contains navigation elements, menu items, and header controls. There is no size selector grid or size 7 option present in these elements.\\\"}\"}}]},\"finish_reason\":\"tool_use\"}],\"usage\":{\"prompt_tokens\":4309,\"completion_tokens\":148,\"total_tokens\":4457}}","type":"object"},"requestId":{"value":"rvat5razbw","type":"string"}}
2025-03-05T11:43:32.186Z::[stagehand:base_cache] Lock acquired 
2025-03-05T11:43:32.186Z::[stagehand:anthropic] cached response {"requestId":{"value":"rvat5razbw","type":"string"},"transformedResponse":{"value":"{\"id\":\"msg_01PZTr7nFuG8zrqLVZga2zt3\",\"object\":\"chat.completion\",\"created\":1741175012186,\"model\":\"claude-3-5-sonnet-20241022\",\"choices\":[{\"index\":0,\"message\":{\"role\":\"assistant\",\"content\":\"I'll analyze the current DOM elements, but I don't see any size selector grid with size 7 in the current elements. This appears to be a navigation/header section of the website with menu items, search, favorites, and cart functionality. I should skip this section and let the system continue looking for the size selector.\",\"tool_calls\":[{\"id\":\"toolu_01N59WMD8wa4WZV6zQLXJcQG\",\"type\":\"function\",\"function\":{\"name\":\"skipSection\",\"arguments\":\"{\\\"reason\\\":\\\"This section contains navigation elements, menu items, and header controls. There is no size selector grid or size 7 option present in these elements.\\\"}\"}}]},\"finish_reason\":\"tool_use\"}],\"usage\":{\"prompt_tokens\":4309,\"completion_tokens\":148,\"total_tokens\":4457}}","type":"object"},"cacheOptions":{"value":"{\"model\":\"claude-3-5-sonnet-latest\",\"messages\":[{\"role\":\"system\",\"content\":\"\\n# Instructions\\nYou are a browser automation assistant. Your job is to accomplish the user's goal across multiple model calls by running playwright commands.\\n\\n## Input\\nYou will receive:\\n1. the user's overall goal\\n2. the steps that you've taken so far\\n3. a list of active DOM elements in this chunk to consider to get closer to the goal. \\n4. Optionally, a list of variable names that the user has provided that you may use to accomplish the goal. To use the variables, you must use the special <|VARIABLE_NAME|> syntax.\\n5. Optionally, custom instructions will be provided by the user. If the user's instructions are not relevant to the current task, ignore them. Otherwise, make sure to adhere to them.\\n\\n\\n## Your Goal / Specification\\nYou have 2 tools that you can call: doAction, and skipSection. Do action only performs Playwright actions. Do exactly what the user's goal is. Do not perform any other actions or exceed the scope of the goal.\\nIf the user's goal will be accomplished after running the playwright action, set completed to true. Better to have completed set to true if your are not sure.\\n\\nNote 1: If there is a popup on the page for cookies or advertising that has nothing to do with the goal, try to close it first before proceeding. As this can block the goal from being completed.\\nNote 2: Sometimes what your are looking for is hidden behind and element you need to interact with. For example, sliders, buttons, etc...\\n\\nAgain, if the user's goal will be accomplished after running the playwright action, set completed to true. Also, if the user provides custom instructions, it is imperative that you follow them no matter what.\\n\"},{\"role\":\"user\",\"content\":\"\\n# My Goal\\nSelect size 7 from size grid selector\\n\\n# Steps You've Taken So Far\\n\\n## Step: Scrolled to another section\\n## Step: Scrolled to another section\\n## Step: Scrolled to another section\\n\\n\\n# Current Active Dom Elements\\n0:<h3 id=\\\"carousel-title-id-0.31317523650084333\\\" class=\\\"carousel-title\\\">You Might Also Like</h3>\\n1:You Might Also Like\\n2:<button class=\\\"carousel-btn next-btn\\\"></button>\\n3:<a href=\\\"https://www.nike.com/t/blazer-mid-77-womens-shoes-NPWfjm/CZ1055-118\\\">Nike Blazer Mid '77Women's Shoes$78.97$105.00</a>\\n4:<h1 class=\\\"nds-text title css-196t8ag e1yhcai00 appearance-body1Strong color-primary weight-medium\\\">Nike Blazer Mid '77</h1>\\n5:Nike Blazer Mid '77\\n6:<h2 class=\\\"nds-text category css-ej30wz e1yhcai00 appearance-body1 color-secondary weight-regular\\\">Women's Shoes</h2>\\n7:Women's Shoes\\n8:<h3 class=\\\"nds-text discountPrice css-196t8ag e1yhcai00 appearance-body1Strong color-primary weight-medium\\\">$78.97</h3>\\n9:$78.97\\n10:<h3 class=\\\"nds-text price css-1uez6c2 e1yhcai00 appearance-body1 color-secondary weight-regular strikethrough\\\">$105.00</h3>\\n11:$105.00\\n12:<a href=\\\"https://www.nike.com/t/air-max-270-womens-shoes-Pgb94t/AH6789-001\\\">Nike Air Max 270Women's Shoes$160.00</a>\\n13:<h1 class=\\\"nds-text title css-196t8ag e1yhcai00 appearance-body1Strong color-primary weight-medium\\\">Nike Air Max 270</h1>\\n14:Nike Air Max 270\\n15:<h2 class=\\\"nds-text category css-ej30wz e1yhcai00 appearance-body1 color-secondary weight-regular\\\">Women's Shoes</h2>\\n16:Women's Shoes\\n17:<h3 class=\\\"nds-text price css-196t8ag e1yhcai00 appearance-body1Strong color-primary weight-medium\\\">$160.00</h3>\\n18:$160.00\\n19:<a href=\\\"https://www.nike.com/t/sportswear-phoenix-fleece-womens-high-waisted-wide-leg-sweatpants-kfG4fc/DQ5615-480\\\">Nike Sportswear Phoenix FleeceWomen's High-Waisted Wide-Leg Sweatpants$70.00</a>\\n20:<h1 class=\\\"nds-text title css-196t8ag e1yhcai00 appearance-body1Strong color-primary weight-medium\\\">Nike Sportswear Phoenix Fleece</h1>\\n21:Nike Sportswear Phoenix Fleece\\n22:<h2 class=\\\"nds-text category css-ej30wz e1yhcai00 appearance-body1 color-secondary weight-regular\\\">Women's High-Waisted Wide-Leg Sweatpants</h2>\\n23:Women's High-Waisted Wide-Leg Sweatpants\\n24:<h3 class=\\\"nds-text price css-196t8ag e1yhcai00 appearance-body1Strong color-primary weight-medium\\\">$70.00</h3>\\n25:$70.00\\n26:Nike Sportswear Club Fleece\\n27:Men's Full-Zip Hoodie\\n28:$70.00\\n29:Nike SB Zoom Blazer Low Pro GT\\n30:Skate Shoes\\n31:$85.00\\n32:Nike Blazer Mid '77\\n33:Big Kids' Shoes\\n34:$51.97\\n35:$85.00\\n36:Nike Blazer Low Pro Club\\n37:Men's Shoes\\n38:$59.97\\n39:$100.00\\n40:Nike Everyday Lightweight\\n41:Women's Training Footie Socks (3 Pairs)\\n42:$15.97\\n43:$18.00\\n44:Nike Dunk Low Retro\\n45:Men's Shoes\\n46:$115.00\\n47:Nike SB Blazer Low Pro GT Premium\\n48:Men's Shoes\\n49:$63.97\\n50:$90.00\\n51:<a class=\\\"swoosh-link\\\" href=\\\"https://www.nike.com\\\" aria-label=\\\"Nike Home Page\\\" data-testid=\\\"link\\\"></a>\\n52:<ul class=\\\"desktop-category\\\">NewFeaturedNew Arrivals Best SellersLatest DropsNew in Air Max: Dn8Vomero 18SNKRS Launch CalendarShop NewMenWomenKidsShop AllTrending24.7 CollectionNike Style BySo Win CollectionACG EssentialsRunning Shoe FinderMenNew New ArrivalsBest SellersLatest DropsNew in Air Max: Dn8Shop Latest Sale StylesShoesAll ShoesBasketballLifestyleJordanRetro RunningRunningTraining & GymShoes $100 & UnderClothingAll ClothingHoodies & Sweatshirts JordanJackets & VestsTracksuits24.7 CollectionPantsShortsTops & T-ShirtsAccessoriesBags & BackpacksHats & HeadwearSocksSunglassesBeltsShop By SportBaseballBasketballFan GearFootballGolfRunningTrack & FieldSoccerTennisTraining & GymWomenNew New ArrivalsBest SellersLatest DropsSo Win CollectionNew in Air Max: Dn8Shop Latest Sale StylesShop by ColorElemental PinkUniversity RedGame RoyalMink BrownBlack and SailShoesAll ShoesBasketballLifestyleJordanRetro RunningRunningTraining & GymShoes $100 & UnderClothingAll ClothingBrasHoodies & SweatshirtsLeggingsMatching Sets24.7 CollectionJackets & VestsPantsShortsTops & T-ShirtsAccessoriesBags & BackpacksHats & HeadwearSocksSunglassesBeltsShop By SportBasketballFan GearGolfRunningTrack & FieldTrainingSoccerTennisVolleyballKidsNew New ArrivalsBest SellersLatest DropsNew in Air Max: Dn8Shop Latest Sale StylesShoes by AgeBig Kids (1Y - 7Y)Little Kids (8C - 3Y)Baby & Toddler (1C - 10C)TeenAll ShoesBasketballLifestyleJordanRetro RunningRunningClothing by AgeBig Kids (XS - XL)Little Kids (4 - 7)Baby & Toddler (0M - 4T)TeenAll ClothingBrasHoodies & SweatshirtsJordanMatching SetsJackets & VestsPants & TightsShortsTops & T-ShirtsAccessoriesBags & BackpacksHats & HeadwearSocksSunglassesBeltsShop By SportBasketballGymnasticsFan GearFootballRunningSoccerJordanNewNew ArrivalsBest SellersShop Latest Sale StylesCollectionsJordan Heat CheckJordan FleeceJordan Sleeper PicksColors of the SeasonMenShop AllShoesAJ1ClothingBasketballWomenShop AllShoesAJ1ClothingBasketballKidsShop AllShoesAJ1ClothingBasketballBig KidsLittle KidsBaby & ToddlerAccessoriesShop AllBags & BackpacksHats & Headwear</ul>\\n53:<a class=\\\"menu-hover-trigger-link\\\" href=\\\"https://www.nike.com/w/new-3n82y\\\" data-testid=\\\"link\\\">New</a>\\n54:New\\n55:<details class=\\\" css-1qehhq\\\">FeaturedNew Arrivals Best SellersLatest DropsNew in Air Max: Dn8Vomero 18SNKRS Launch CalendarShop NewMenWomenKidsShop AllTrending24.7 CollectionNike Style BySo Win CollectionACG EssentialsRunning Shoe Finder</details>\\n56:<a class=\\\"menu-hover-trigger-link\\\" href=\\\"https://www.nike.com/men\\\" data-testid=\\\"link\\\">Men</a>\\n57:Men\\n58:<details class=\\\" css-1qehhq\\\">New New ArrivalsBest SellersLatest DropsNew in Air Max: Dn8Shop Latest Sale StylesShoesAll ShoesBasketballLifestyleJordanRetro RunningRunningTraining & GymShoes $100 & UnderClothingAll ClothingHoodies & Sweatshirts JordanJackets & VestsTracksuits24.7 CollectionPantsShortsTops & T-ShirtsAccessoriesBags & BackpacksHats & HeadwearSocksSunglassesBeltsShop By SportBaseballBasketballFan GearFootballGolfRunningTrack & FieldSoccerTennisTraining & Gym</details>\\n59:<a class=\\\"menu-hover-trigger-link\\\" href=\\\"https://www.nike.com/women\\\" data-testid=\\\"link\\\">Women</a>\\n60:Women\\n61:<details class=\\\" css-1qehhq\\\">New New ArrivalsBest SellersLatest DropsSo Win CollectionNew in Air Max: Dn8Shop Latest Sale StylesShop by ColorElemental PinkUniversity RedGame RoyalMink BrownBlack and SailShoesAll ShoesBasketballLifestyleJordanRetro RunningRunningTraining & GymShoes $100 & UnderClothingAll ClothingBrasHoodies & SweatshirtsLeggingsMatching Sets24.7 CollectionJackets & VestsPantsShortsTops & T-ShirtsAccessoriesBags & BackpacksHats & HeadwearSocksSunglassesBeltsShop By SportBasketballFan GearGolfRunningTrack & FieldTrainingSoccerTennisVolleyball</details>\\n62:<a class=\\\"menu-hover-trigger-link\\\" href=\\\"https://www.nike.com/kids\\\" data-testid=\\\"link\\\">Kids</a>\\n63:Kids\\n64:<details class=\\\" css-1qehhq\\\">New New ArrivalsBest SellersLatest DropsNew in Air Max: Dn8Shop Latest Sale StylesShoes by AgeBig Kids (1Y - 7Y)Little Kids (8C - 3Y)Baby & Toddler (1C - 10C)TeenAll ShoesBasketballLifestyleJordanRetro RunningRunningClothing by AgeBig Kids (XS - XL)Little Kids (4 - 7)Baby & Toddler (0M - 4T)TeenAll ClothingBrasHoodies & SweatshirtsJordanMatching SetsJackets & VestsPants & TightsShortsTops & T-ShirtsAccessoriesBags & BackpacksHats & HeadwearSocksSunglassesBeltsShop By SportBasketballGymnasticsFan GearFootballRunningSoccer</details>\\n65:<a class=\\\"menu-hover-trigger-link\\\" href=\\\"https://www.nike.com/jordan\\\" data-testid=\\\"link\\\">Jordan</a>\\n66:Jordan\\n67:<details class=\\\" css-1qehhq\\\">NewNew ArrivalsBest SellersShop Latest Sale StylesCollectionsJordan Heat CheckJordan FleeceJordan Sleeper PicksColors of the SeasonMenShop AllShoesAJ1ClothingBasketballWomenShop AllShoesAJ1ClothingBasketballKidsShop AllShoesAJ1ClothingBasketballBig KidsLittle KidsBaby & ToddlerAccessoriesShop AllBags & BackpacksHats & Headwear</details>\\n68:<button id=\\\"nav-search-icon\\\" class=\\\"nds-btn nds-button--icon-only search-start-btn css-1pto8ls ex41m6f0 btn-secondary-dark \\\" aria-label=\\\"Search\\\" type=\\\"button\\\"></button>\\n69:<input id=\\\"gn-search-input\\\" class=\\\"search-input\\\" aria-label=\\\"Search Products\\\" type=\\\"search\\\"></input>\\n70:<a class=\\\"nds-btn nds-button--icon-only nav-favorites css-q24gly ex41m6f0 btn-primary-dark \\\" href=\\\"https://www.nike.com/favorites\\\" aria-label=\\\"Favorites\\\" data-testid=\\\"favorite-button\\\"></a>\\n71:<a class=\\\"nds-btn nds-button--icon-only nav-bag-icon css-17i884h ex41m6f0 btn-primary-light \\\" href=\\\"https://www.nike.com/cart\\\" aria-label=\\\"Bag Items: 0\\\"></a>\\n\\n\"}],\"temperature\":0.1,\"tools\":[{\"type\":\"function\",\"name\":\"doAction\",\"description\":\"execute the next playwright step that directly accomplishes the goal\",\"parameters\":{\"type\":\"object\",\"required\":[\"method\",\"element\",\"args\",\"step\",\"completed\"],\"properties\":{\"method\":{\"type\":\"string\",\"description\":\"The playwright function to call.\"},\"element\":{\"type\":\"number\",\"description\":\"The element number to act on\"},\"args\":{\"type\":\"array\",\"description\":\"The required arguments\",\"items\":{\"type\":\"string\",\"description\":\"The argument to pass to the function\"}},\"step\":{\"type\":\"string\",\"description\":\"human readable description of the step that is taken in the past tense. Please be very detailed.\"},\"why\":{\"type\":\"string\",\"description\":\"why is this step taken? how does it advance the goal?\"},\"completed\":{\"type\":\"boolean\",\"description\":\"true if the goal should be accomplished after this step\"}}}},{\"type\":\"function\",\"name\":\"skipSection\",\"description\":\"skips this area of the webpage because the current goal cannot be accomplished here\",\"parameters\":{\"type\":\"object\",\"properties\":{\"reason\":{\"type\":\"string\",\"description\":\"reason that no action is taken\"}}}}]}","type":"object"}}
2025-03-05T11:43:32.188Z::[stagehand:base_cache] Cache written to file 
2025-03-05T11:43:32.188Z::[stagehand:base_cache] Lock released 
2025-03-05T11:43:32.188Z::[stagehand:llm_cache] Cache miss - saved new response 
2025-03-05T11:43:32.188Z::[stagehand:action] received response from LLM {"response":{"value":"null","type":"object"}}
2025-03-05T11:43:32.205Z::[stagehand:action] no action found in current chunk {"chunksSeen":{"value":"4","type":"integer"}}
2025-03-05T11:43:32.451Z::[stagehand:action] running / continuing action {"action":{"value":"Select size 7 from size grid selector","type":"string"},"pageUrl":{"value":"https://www.nike.com/t/blazer-mid-77-vintage-mens-shoes-nw30B2/BQ6806-100","type":"string"}}
2025-03-05T11:43:32.452Z::[stagehand:action] processing DOM 
2025-03-05T11:43:40.920Z::[stagehand:action] looking at chunk {"chunk":{"value":"9","type":"integer"},"chunks":{"value":"13","type":"integer"},"chunksSeen":{"value":"4","type":"integer"},"chunksLeft":{"value":"9","type":"integer"}}
2025-03-05T11:43:40.921Z::[stagehand:anthropic] creating chat completion {"options":{"value":"{\"messages\":[{\"role\":\"system\",\"content\":\"\\n# Instructions\\nYou are a browser automation assistant. Your job is to accomplish the user's goal across multiple model calls by running playwright commands.\\n\\n## Input\\nYou will receive:\\n1. the user's overall goal\\n2. the steps that you've taken so far\\n3. a list of active DOM elements in this chunk to consider to get closer to the goal. \\n4. Optionally, a list of variable names that the user has provided that you may use to accomplish the goal. To use the variables, you must use the special <|VARIABLE_NAME|> syntax.\\n5. Optionally, custom instructions will be provided by the user. If the user's instructions are not relevant to the current task, ignore them. Otherwise, make sure to adhere to them.\\n\\n\\n## Your Goal / Specification\\nYou have 2 tools that you can call: doAction, and skipSection. Do action only performs Playwright actions. Do exactly what the user's goal is. Do not perform any other actions or exceed the scope of the goal.\\nIf the user's goal will be accomplished after running the playwright action, set completed to true. Better to have completed set to true if your are not sure.\\n\\nNote 1: If there is a popup on the page for cookies or advertising that has nothing to do with the goal, try to close it first before proceeding. As this can block the goal from being completed.\\nNote 2: Sometimes what your are looking for is hidden behind and element you need to interact with. For example, sliders, buttons, etc...\\n\\nAgain, if the user's goal will be accomplished after running the playwright action, set completed to true. Also, if the user provides custom instructions, it is imperative that you follow them no matter what.\\n\"},{\"role\":\"user\",\"content\":\"\\n# My Goal\\nSelect size 7 from size grid selector\\n\\n# Steps You've Taken So Far\\n\\n## Step: Scrolled to another section\\n## Step: Scrolled to another section\\n## Step: Scrolled to another section\\n## Step: Scrolled to another section\\n\\n\\n# Current Active Dom Elements\\n0:<p class=\\\"nds-text pb2-sm css-8fndfh e1yhcai00 appearance-editorialBody1 color-primary weight-regular\\\">Autoclave construction fuses the outsole to the midsole for a streamlined look that echoes the ‘70s design.</p>\\n1:Autoclave construction fuses the outsole to the midsole for a streamlined look that echoes the ‘70s design.\\n2:You Might Also Like\\n3:<a class=\\\"swoosh-link\\\" href=\\\"https://www.nike.com\\\" aria-label=\\\"Nike Home Page\\\" data-testid=\\\"link\\\"></a>\\n4:<ul class=\\\"desktop-category\\\">NewFeaturedNew Arrivals Best SellersLatest DropsNew in Air Max: Dn8Vomero 18SNKRS Launch CalendarShop NewMenWomenKidsShop AllTrending24.7 CollectionNike Style BySo Win CollectionACG EssentialsRunning Shoe FinderMenNew New ArrivalsBest SellersLatest DropsNew in Air Max: Dn8Shop Latest Sale StylesShoesAll ShoesBasketballLifestyleJordanRetro RunningRunningTraining & GymShoes $100 & UnderClothingAll ClothingHoodies & Sweatshirts JordanJackets & VestsTracksuits24.7 CollectionPantsShortsTops & T-ShirtsAccessoriesBags & BackpacksHats & HeadwearSocksSunglassesBeltsShop By SportBaseballBasketballFan GearFootballGolfRunningTrack & FieldSoccerTennisTraining & GymWomenNew New ArrivalsBest SellersLatest DropsSo Win CollectionNew in Air Max: Dn8Shop Latest Sale StylesShop by ColorElemental PinkUniversity RedGame RoyalMink BrownBlack and SailShoesAll ShoesBasketballLifestyleJordanRetro RunningRunningTraining & GymShoes $100 & UnderClothingAll ClothingBrasHoodies & SweatshirtsLeggingsMatching Sets24.7 CollectionJackets & VestsPantsShortsTops & T-ShirtsAccessoriesBags & BackpacksHats & HeadwearSocksSunglassesBeltsShop By SportBasketballFan GearGolfRunningTrack & FieldTrainingSoccerTennisVolleyballKidsNew New ArrivalsBest SellersLatest DropsNew in Air Max: Dn8Shop Latest Sale StylesShoes by AgeBig Kids (1Y - 7Y)Little Kids (8C - 3Y)Baby & Toddler (1C - 10C)TeenAll ShoesBasketballLifestyleJordanRetro RunningRunningClothing by AgeBig Kids (XS - XL)Little Kids (4 - 7)Baby & Toddler (0M - 4T)TeenAll ClothingBrasHoodies & SweatshirtsJordanMatching SetsJackets & VestsPants & TightsShortsTops & T-ShirtsAccessoriesBags & BackpacksHats & HeadwearSocksSunglassesBeltsShop By SportBasketballGymnasticsFan GearFootballRunningSoccerJordanNewNew ArrivalsBest SellersShop Latest Sale StylesCollectionsJordan Heat CheckJordan FleeceJordan Sleeper PicksColors of the SeasonMenShop AllShoesAJ1ClothingBasketballWomenShop AllShoesAJ1ClothingBasketballKidsShop AllShoesAJ1ClothingBasketballBig KidsLittle KidsBaby & ToddlerAccessoriesShop AllBags & BackpacksHats & Headwear</ul>\\n5:<a class=\\\"menu-hover-trigger-link\\\" href=\\\"https://www.nike.com/w/new-3n82y\\\" data-testid=\\\"link\\\">New</a>\\n6:New\\n7:<details class=\\\" css-1qehhq\\\">FeaturedNew Arrivals Best SellersLatest DropsNew in Air Max: Dn8Vomero 18SNKRS Launch CalendarShop NewMenWomenKidsShop AllTrending24.7 CollectionNike Style BySo Win CollectionACG EssentialsRunning Shoe Finder</details>\\n8:<a class=\\\"menu-hover-trigger-link\\\" href=\\\"https://www.nike.com/men\\\" data-testid=\\\"link\\\">Men</a>\\n9:Men\\n10:<details class=\\\" css-1qehhq\\\">New New ArrivalsBest SellersLatest DropsNew in Air Max: Dn8Shop Latest Sale StylesShoesAll ShoesBasketballLifestyleJordanRetro RunningRunningTraining & GymShoes $100 & UnderClothingAll ClothingHoodies & Sweatshirts JordanJackets & VestsTracksuits24.7 CollectionPantsShortsTops & T-ShirtsAccessoriesBags & BackpacksHats & HeadwearSocksSunglassesBeltsShop By SportBaseballBasketballFan GearFootballGolfRunningTrack & FieldSoccerTennisTraining & Gym</details>\\n11:<a class=\\\"menu-hover-trigger-link\\\" href=\\\"https://www.nike.com/women\\\" data-testid=\\\"link\\\">Women</a>\\n12:Women\\n13:<details class=\\\" css-1qehhq\\\">New New ArrivalsBest SellersLatest DropsSo Win CollectionNew in Air Max: Dn8Shop Latest Sale StylesShop by ColorElemental PinkUniversity RedGame RoyalMink BrownBlack and SailShoesAll ShoesBasketballLifestyleJordanRetro RunningRunningTraining & GymShoes $100 & UnderClothingAll ClothingBrasHoodies & SweatshirtsLeggingsMatching Sets24.7 CollectionJackets & VestsPantsShortsTops & T-ShirtsAccessoriesBags & BackpacksHats & HeadwearSocksSunglassesBeltsShop By SportBasketballFan GearGolfRunningTrack & FieldTrainingSoccerTennisVolleyball</details>\\n14:<a class=\\\"menu-hover-trigger-link\\\" href=\\\"https://www.nike.com/kids\\\" data-testid=\\\"link\\\">Kids</a>\\n15:Kids\\n16:<details class=\\\" css-1qehhq\\\">New New ArrivalsBest SellersLatest DropsNew in Air Max: Dn8Shop Latest Sale StylesShoes by AgeBig Kids (1Y - 7Y)Little Kids (8C - 3Y)Baby & Toddler (1C - 10C)TeenAll ShoesBasketballLifestyleJordanRetro RunningRunningClothing by AgeBig Kids (XS - XL)Little Kids (4 - 7)Baby & Toddler (0M - 4T)TeenAll ClothingBrasHoodies & SweatshirtsJordanMatching SetsJackets & VestsPants & TightsShortsTops & T-ShirtsAccessoriesBags & BackpacksHats & HeadwearSocksSunglassesBeltsShop By SportBasketballGymnasticsFan GearFootballRunningSoccer</details>\\n17:<a class=\\\"menu-hover-trigger-link\\\" href=\\\"https://www.nike.com/jordan\\\" data-testid=\\\"link\\\">Jordan</a>\\n18:Jordan\\n19:<details class=\\\" css-1qehhq\\\">NewNew ArrivalsBest SellersShop Latest Sale StylesCollectionsJordan Heat CheckJordan FleeceJordan Sleeper PicksColors of the SeasonMenShop AllShoesAJ1ClothingBasketballWomenShop AllShoesAJ1ClothingBasketballKidsShop AllShoesAJ1ClothingBasketballBig KidsLittle KidsBaby & ToddlerAccessoriesShop AllBags & BackpacksHats & Headwear</details>\\n20:<button id=\\\"nav-search-icon\\\" class=\\\"nds-btn nds-button--icon-only search-start-btn css-1pto8ls ex41m6f0 btn-secondary-dark \\\" aria-label=\\\"Search\\\" type=\\\"button\\\"></button>\\n21:<input id=\\\"gn-search-input\\\" class=\\\"search-input\\\" aria-label=\\\"Search Products\\\" type=\\\"search\\\"></input>\\n22:<a class=\\\"nds-btn nds-button--icon-only nav-favorites css-q24gly ex41m6f0 btn-primary-dark \\\" href=\\\"https://www.nike.com/favorites\\\" aria-label=\\\"Favorites\\\" data-testid=\\\"favorite-button\\\"></a>\\n23:<a class=\\\"nds-btn nds-button--icon-only nav-bag-icon css-17i884h ex41m6f0 btn-primary-light \\\" href=\\\"https://www.nike.com/cart\\\" aria-label=\\\"Bag Items: 0\\\"></a>\\n\\n\"}],\"temperature\":0.1,\"top_p\":1,\"frequency_penalty\":0,\"presence_penalty\":0,\"tool_choice\":\"auto\",\"tools\":[{\"type\":\"function\",\"name\":\"doAction\",\"description\":\"execute the next playwright step that directly accomplishes the goal\",\"parameters\":{\"type\":\"object\",\"required\":[\"method\",\"element\",\"args\",\"step\",\"completed\"],\"properties\":{\"method\":{\"type\":\"string\",\"description\":\"The playwright function to call.\"},\"element\":{\"type\":\"number\",\"description\":\"The element number to act on\"},\"args\":{\"type\":\"array\",\"description\":\"The required arguments\",\"items\":{\"type\":\"string\",\"description\":\"The argument to pass to the function\"}},\"step\":{\"type\":\"string\",\"description\":\"human readable description of the step that is taken in the past tense. Please be very detailed.\"},\"why\":{\"type\":\"string\",\"description\":\"why is this step taken? how does it advance the goal?\"},\"completed\":{\"type\":\"boolean\",\"description\":\"true if the goal should be accomplished after this step\"}}}},{\"type\":\"function\",\"name\":\"skipSection\",\"description\":\"skips this area of the webpage because the current goal cannot be accomplished here\",\"parameters\":{\"type\":\"object\",\"properties\":{\"reason\":{\"type\":\"string\",\"description\":\"reason that no action is taken\"}}}}],\"requestId\":\"rvat5razbw\"}","type":"object"}}
2025-03-05T11:43:40.922Z::[stagehand:base_cache] Lock acquired 
2025-03-05T11:43:40.923Z::[stagehand:base_cache] Lock released 
2025-03-05T11:43:40.923Z::[stagehand:llm_cache] LLM cache hit - returning cached response {"cachedResponse":{"value":"{\"id\":\"msg_01Y43onL8UUqPKqp8tS7qxZD\",\"object\":\"chat.completion\",\"created\":1741174715930,\"model\":\"claude-3-5-sonnet-20241022\",\"choices\":[{\"index\":0,\"message\":{\"role\":\"assistant\",\"content\":\"I'll analyze the current DOM elements, but I don't see any size selector grid with size 7 in the current elements. This appears to be the navigation header of the Nike website. I should skip this section as it won't help accomplish the goal of selecting size 7.\",\"tool_calls\":[{\"id\":\"toolu_01AK8gdPsPxWpjAp2Xui5Rhv\",\"type\":\"function\",\"function\":{\"name\":\"skipSection\",\"arguments\":\"{\\\"reason\\\":\\\"This section contains the website's main navigation menu and header elements. There is no size selector grid or size 7 option available here to select.\\\"}\"}}]},\"finish_reason\":\"tool_use\"}],\"usage\":{\"prompt_tokens\":3357,\"completion_tokens\":139,\"total_tokens\":3496}}","type":"object"},"requestId":{"value":"rvat5razbw","type":"string"},"cacheOptions":{"value":"{\"model\":\"claude-3-5-sonnet-latest\",\"messages\":[{\"role\":\"system\",\"content\":\"\\n# Instructions\\nYou are a browser automation assistant. Your job is to accomplish the user's goal across multiple model calls by running playwright commands.\\n\\n## Input\\nYou will receive:\\n1. the user's overall goal\\n2. the steps that you've taken so far\\n3. a list of active DOM elements in this chunk to consider to get closer to the goal. \\n4. Optionally, a list of variable names that the user has provided that you may use to accomplish the goal. To use the variables, you must use the special <|VARIABLE_NAME|> syntax.\\n5. Optionally, custom instructions will be provided by the user. If the user's instructions are not relevant to the current task, ignore them. Otherwise, make sure to adhere to them.\\n\\n\\n## Your Goal / Specification\\nYou have 2 tools that you can call: doAction, and skipSection. Do action only performs Playwright actions. Do exactly what the user's goal is. Do not perform any other actions or exceed the scope of the goal.\\nIf the user's goal will be accomplished after running the playwright action, set completed to true. Better to have completed set to true if your are not sure.\\n\\nNote 1: If there is a popup on the page for cookies or advertising that has nothing to do with the goal, try to close it first before proceeding. As this can block the goal from being completed.\\nNote 2: Sometimes what your are looking for is hidden behind and element you need to interact with. For example, sliders, buttons, etc...\\n\\nAgain, if the user's goal will be accomplished after running the playwright action, set completed to true. Also, if the user provides custom instructions, it is imperative that you follow them no matter what.\\n\"},{\"role\":\"user\",\"content\":\"\\n# My Goal\\nSelect size 7 from size grid selector\\n\\n# Steps You've Taken So Far\\n\\n## Step: Scrolled to another section\\n## Step: Scrolled to another section\\n## Step: Scrolled to another section\\n## Step: Scrolled to another section\\n\\n\\n# Current Active Dom Elements\\n0:<p class=\\\"nds-text pb2-sm css-8fndfh e1yhcai00 appearance-editorialBody1 color-primary weight-regular\\\">Autoclave construction fuses the outsole to the midsole for a streamlined look that echoes the ‘70s design.</p>\\n1:Autoclave construction fuses the outsole to the midsole for a streamlined look that echoes the ‘70s design.\\n2:You Might Also Like\\n3:<a class=\\\"swoosh-link\\\" href=\\\"https://www.nike.com\\\" aria-label=\\\"Nike Home Page\\\" data-testid=\\\"link\\\"></a>\\n4:<ul class=\\\"desktop-category\\\">NewFeaturedNew Arrivals Best SellersLatest DropsNew in Air Max: Dn8Vomero 18SNKRS Launch CalendarShop NewMenWomenKidsShop AllTrending24.7 CollectionNike Style BySo Win CollectionACG EssentialsRunning Shoe FinderMenNew New ArrivalsBest SellersLatest DropsNew in Air Max: Dn8Shop Latest Sale StylesShoesAll ShoesBasketballLifestyleJordanRetro RunningRunningTraining & GymShoes $100 & UnderClothingAll ClothingHoodies & Sweatshirts JordanJackets & VestsTracksuits24.7 CollectionPantsShortsTops & T-ShirtsAccessoriesBags & BackpacksHats & HeadwearSocksSunglassesBeltsShop By SportBaseballBasketballFan GearFootballGolfRunningTrack & FieldSoccerTennisTraining & GymWomenNew New ArrivalsBest SellersLatest DropsSo Win CollectionNew in Air Max: Dn8Shop Latest Sale StylesShop by ColorElemental PinkUniversity RedGame RoyalMink BrownBlack and SailShoesAll ShoesBasketballLifestyleJordanRetro RunningRunningTraining & GymShoes $100 & UnderClothingAll ClothingBrasHoodies & SweatshirtsLeggingsMatching Sets24.7 CollectionJackets & VestsPantsShortsTops & T-ShirtsAccessoriesBags & BackpacksHats & HeadwearSocksSunglassesBeltsShop By SportBasketballFan GearGolfRunningTrack & FieldTrainingSoccerTennisVolleyballKidsNew New ArrivalsBest SellersLatest DropsNew in Air Max: Dn8Shop Latest Sale StylesShoes by AgeBig Kids (1Y - 7Y)Little Kids (8C - 3Y)Baby & Toddler (1C - 10C)TeenAll ShoesBasketballLifestyleJordanRetro RunningRunningClothing by AgeBig Kids (XS - XL)Little Kids (4 - 7)Baby & Toddler (0M - 4T)TeenAll ClothingBrasHoodies & SweatshirtsJordanMatching SetsJackets & VestsPants & TightsShortsTops & T-ShirtsAccessoriesBags & BackpacksHats & HeadwearSocksSunglassesBeltsShop By SportBasketballGymnasticsFan GearFootballRunningSoccerJordanNewNew ArrivalsBest SellersShop Latest Sale StylesCollectionsJordan Heat CheckJordan FleeceJordan Sleeper PicksColors of the SeasonMenShop AllShoesAJ1ClothingBasketballWomenShop AllShoesAJ1ClothingBasketballKidsShop AllShoesAJ1ClothingBasketballBig KidsLittle KidsBaby & ToddlerAccessoriesShop AllBags & BackpacksHats & Headwear</ul>\\n5:<a class=\\\"menu-hover-trigger-link\\\" href=\\\"https://www.nike.com/w/new-3n82y\\\" data-testid=\\\"link\\\">New</a>\\n6:New\\n7:<details class=\\\" css-1qehhq\\\">FeaturedNew Arrivals Best SellersLatest DropsNew in Air Max: Dn8Vomero 18SNKRS Launch CalendarShop NewMenWomenKidsShop AllTrending24.7 CollectionNike Style BySo Win CollectionACG EssentialsRunning Shoe Finder</details>\\n8:<a class=\\\"menu-hover-trigger-link\\\" href=\\\"https://www.nike.com/men\\\" data-testid=\\\"link\\\">Men</a>\\n9:Men\\n10:<details class=\\\" css-1qehhq\\\">New New ArrivalsBest SellersLatest DropsNew in Air Max: Dn8Shop Latest Sale StylesShoesAll ShoesBasketballLifestyleJordanRetro RunningRunningTraining & GymShoes $100 & UnderClothingAll ClothingHoodies & Sweatshirts JordanJackets & VestsTracksuits24.7 CollectionPantsShortsTops & T-ShirtsAccessoriesBags & BackpacksHats & HeadwearSocksSunglassesBeltsShop By SportBaseballBasketballFan GearFootballGolfRunningTrack & FieldSoccerTennisTraining & Gym</details>\\n11:<a class=\\\"menu-hover-trigger-link\\\" href=\\\"https://www.nike.com/women\\\" data-testid=\\\"link\\\">Women</a>\\n12:Women\\n13:<details class=\\\" css-1qehhq\\\">New New ArrivalsBest SellersLatest DropsSo Win CollectionNew in Air Max: Dn8Shop Latest Sale StylesShop by ColorElemental PinkUniversity RedGame RoyalMink BrownBlack and SailShoesAll ShoesBasketballLifestyleJordanRetro RunningRunningTraining & GymShoes $100 & UnderClothingAll ClothingBrasHoodies & SweatshirtsLeggingsMatching Sets24.7 CollectionJackets & VestsPantsShortsTops & T-ShirtsAccessoriesBags & BackpacksHats & HeadwearSocksSunglassesBeltsShop By SportBasketballFan GearGolfRunningTrack & FieldTrainingSoccerTennisVolleyball</details>\\n14:<a class=\\\"menu-hover-trigger-link\\\" href=\\\"https://www.nike.com/kids\\\" data-testid=\\\"link\\\">Kids</a>\\n15:Kids\\n16:<details class=\\\" css-1qehhq\\\">New New ArrivalsBest SellersLatest DropsNew in Air Max: Dn8Shop Latest Sale StylesShoes by AgeBig Kids (1Y - 7Y)Little Kids (8C - 3Y)Baby & Toddler (1C - 10C)TeenAll ShoesBasketballLifestyleJordanRetro RunningRunningClothing by AgeBig Kids (XS - XL)Little Kids (4 - 7)Baby & Toddler (0M - 4T)TeenAll ClothingBrasHoodies & SweatshirtsJordanMatching SetsJackets & VestsPants & TightsShortsTops & T-ShirtsAccessoriesBags & BackpacksHats & HeadwearSocksSunglassesBeltsShop By SportBasketballGymnasticsFan GearFootballRunningSoccer</details>\\n17:<a class=\\\"menu-hover-trigger-link\\\" href=\\\"https://www.nike.com/jordan\\\" data-testid=\\\"link\\\">Jordan</a>\\n18:Jordan\\n19:<details class=\\\" css-1qehhq\\\">NewNew ArrivalsBest SellersShop Latest Sale StylesCollectionsJordan Heat CheckJordan FleeceJordan Sleeper PicksColors of the SeasonMenShop AllShoesAJ1ClothingBasketballWomenShop AllShoesAJ1ClothingBasketballKidsShop AllShoesAJ1ClothingBasketballBig KidsLittle KidsBaby & ToddlerAccessoriesShop AllBags & BackpacksHats & Headwear</details>\\n20:<button id=\\\"nav-search-icon\\\" class=\\\"nds-btn nds-button--icon-only search-start-btn css-1pto8ls ex41m6f0 btn-secondary-dark \\\" aria-label=\\\"Search\\\" type=\\\"button\\\"></button>\\n21:<input id=\\\"gn-search-input\\\" class=\\\"search-input\\\" aria-label=\\\"Search Products\\\" type=\\\"search\\\"></input>\\n22:<a class=\\\"nds-btn nds-button--icon-only nav-favorites css-q24gly ex41m6f0 btn-primary-dark \\\" href=\\\"https://www.nike.com/favorites\\\" aria-label=\\\"Favorites\\\" data-testid=\\\"favorite-button\\\"></a>\\n23:<a class=\\\"nds-btn nds-button--icon-only nav-bag-icon css-17i884h ex41m6f0 btn-primary-light \\\" href=\\\"https://www.nike.com/cart\\\" aria-label=\\\"Bag Items: 0\\\"></a>\\n\\n\"}],\"temperature\":0.1,\"tools\":[{\"type\":\"function\",\"name\":\"doAction\",\"description\":\"execute the next playwright step that directly accomplishes the goal\",\"parameters\":{\"type\":\"object\",\"required\":[\"method\",\"element\",\"args\",\"step\",\"completed\"],\"properties\":{\"method\":{\"type\":\"string\",\"description\":\"The playwright function to call.\"},\"element\":{\"type\":\"number\",\"description\":\"The element number to act on\"},\"args\":{\"type\":\"array\",\"description\":\"The required arguments\",\"items\":{\"type\":\"string\",\"description\":\"The argument to pass to the function\"}},\"step\":{\"type\":\"string\",\"description\":\"human readable description of the step that is taken in the past tense. Please be very detailed.\"},\"why\":{\"type\":\"string\",\"description\":\"why is this step taken? how does it advance the goal?\"},\"completed\":{\"type\":\"boolean\",\"description\":\"true if the goal should be accomplished after this step\"}}}},{\"type\":\"function\",\"name\":\"skipSection\",\"description\":\"skips this area of the webpage because the current goal cannot be accomplished here\",\"parameters\":{\"type\":\"object\",\"properties\":{\"reason\":{\"type\":\"string\",\"description\":\"reason that no action is taken\"}}}}]}","type":"object"}}
2025-03-05T11:43:40.923Z::[stagehand:action] received response from LLM {"response":{"value":"null","type":"object"}}
2025-03-05T11:43:40.938Z::[stagehand:action] no action found in current chunk {"chunksSeen":{"value":"5","type":"integer"}}
2025-03-05T11:43:41.199Z::[stagehand:action] running / continuing action {"action":{"value":"Select size 7 from size grid selector","type":"string"},"pageUrl":{"value":"https://www.nike.com/t/blazer-mid-77-vintage-mens-shoes-nw30B2/BQ6806-100","type":"string"}}
2025-03-05T11:43:41.200Z::[stagehand:action] processing DOM 
2025-03-05T11:43:51.943Z::[stagehand:action] looking at chunk {"chunk":{"value":"8","type":"integer"},"chunks":{"value":"13","type":"integer"},"chunksSeen":{"value":"5","type":"integer"},"chunksLeft":{"value":"8","type":"integer"}}
2025-03-05T11:43:51.944Z::[stagehand:anthropic] creating chat completion {"options":{"value":"{\"messages\":[{\"role\":\"system\",\"content\":\"\\n# Instructions\\nYou are a browser automation assistant. Your job is to accomplish the user's goal across multiple model calls by running playwright commands.\\n\\n## Input\\nYou will receive:\\n1. the user's overall goal\\n2. the steps that you've taken so far\\n3. a list of active DOM elements in this chunk to consider to get closer to the goal. \\n4. Optionally, a list of variable names that the user has provided that you may use to accomplish the goal. To use the variables, you must use the special <|VARIABLE_NAME|> syntax.\\n5. Optionally, custom instructions will be provided by the user. If the user's instructions are not relevant to the current task, ignore them. Otherwise, make sure to adhere to them.\\n\\n\\n## Your Goal / Specification\\nYou have 2 tools that you can call: doAction, and skipSection. Do action only performs Playwright actions. Do exactly what the user's goal is. Do not perform any other actions or exceed the scope of the goal.\\nIf the user's goal will be accomplished after running the playwright action, set completed to true. Better to have completed set to true if your are not sure.\\n\\nNote 1: If there is a popup on the page for cookies or advertising that has nothing to do with the goal, try to close it first before proceeding. As this can block the goal from being completed.\\nNote 2: Sometimes what your are looking for is hidden behind and element you need to interact with. For example, sliders, buttons, etc...\\n\\nAgain, if the user's goal will be accomplished after running the playwright action, set completed to true. Also, if the user provides custom instructions, it is imperative that you follow them no matter what.\\n\"},{\"role\":\"user\",\"content\":\"\\n# My Goal\\nSelect size 7 from size grid selector\\n\\n# Steps You've Taken So Far\\n\\n## Step: Scrolled to another section\\n## Step: Scrolled to another section\\n## Step: Scrolled to another section\\n## Step: Scrolled to another section\\n## Step: Scrolled to another section\\n\\n\\n# Current Active Dom Elements\\n0:<p class=\\\"nds-text pb2-sm css-8fndfh e1yhcai00 appearance-editorialBody1 color-primary weight-regular\\\">Vintage treatment on the midsole provides an old-school look.</p>\\n1:Vintage treatment on the midsole provides an old-school look.\\n2:<a class=\\\"swoosh-link\\\" href=\\\"https://www.nike.com\\\" aria-label=\\\"Nike Home Page\\\" data-testid=\\\"link\\\"></a>\\n3:<ul class=\\\"desktop-category\\\">NewFeaturedNew Arrivals Best SellersLatest DropsNew in Air Max: Dn8Vomero 18SNKRS Launch CalendarShop NewMenWomenKidsShop AllTrending24.7 CollectionNike Style BySo Win CollectionACG EssentialsRunning Shoe FinderMenNew New ArrivalsBest SellersLatest DropsNew in Air Max: Dn8Shop Latest Sale StylesShoesAll ShoesBasketballLifestyleJordanRetro RunningRunningTraining & GymShoes $100 & UnderClothingAll ClothingHoodies & Sweatshirts JordanJackets & VestsTracksuits24.7 CollectionPantsShortsTops & T-ShirtsAccessoriesBags & BackpacksHats & HeadwearSocksSunglassesBeltsShop By SportBaseballBasketballFan GearFootballGolfRunningTrack & FieldSoccerTennisTraining & GymWomenNew New ArrivalsBest SellersLatest DropsSo Win CollectionNew in Air Max: Dn8Shop Latest Sale StylesShop by ColorElemental PinkUniversity RedGame RoyalMink BrownBlack and SailShoesAll ShoesBasketballLifestyleJordanRetro RunningRunningTraining & GymShoes $100 & UnderClothingAll ClothingBrasHoodies & SweatshirtsLeggingsMatching Sets24.7 CollectionJackets & VestsPantsShortsTops & T-ShirtsAccessoriesBags & BackpacksHats & HeadwearSocksSunglassesBeltsShop By SportBasketballFan GearGolfRunningTrack & FieldTrainingSoccerTennisVolleyballKidsNew New ArrivalsBest SellersLatest DropsNew in Air Max: Dn8Shop Latest Sale StylesShoes by AgeBig Kids (1Y - 7Y)Little Kids (8C - 3Y)Baby & Toddler (1C - 10C)TeenAll ShoesBasketballLifestyleJordanRetro RunningRunningClothing by AgeBig Kids (XS - XL)Little Kids (4 - 7)Baby & Toddler (0M - 4T)TeenAll ClothingBrasHoodies & SweatshirtsJordanMatching SetsJackets & VestsPants & TightsShortsTops & T-ShirtsAccessoriesBags & BackpacksHats & HeadwearSocksSunglassesBeltsShop By SportBasketballGymnasticsFan GearFootballRunningSoccerJordanNewNew ArrivalsBest SellersShop Latest Sale StylesCollectionsJordan Heat CheckJordan FleeceJordan Sleeper PicksColors of the SeasonMenShop AllShoesAJ1ClothingBasketballWomenShop AllShoesAJ1ClothingBasketballKidsShop AllShoesAJ1ClothingBasketballBig KidsLittle KidsBaby & ToddlerAccessoriesShop AllBags & BackpacksHats & Headwear</ul>\\n4:<a class=\\\"menu-hover-trigger-link\\\" href=\\\"https://www.nike.com/w/new-3n82y\\\" data-testid=\\\"link\\\">New</a>\\n5:New\\n6:<details class=\\\" css-1qehhq\\\">FeaturedNew Arrivals Best SellersLatest DropsNew in Air Max: Dn8Vomero 18SNKRS Launch CalendarShop NewMenWomenKidsShop AllTrending24.7 CollectionNike Style BySo Win CollectionACG EssentialsRunning Shoe Finder</details>\\n7:<a class=\\\"menu-hover-trigger-link\\\" href=\\\"https://www.nike.com/men\\\" data-testid=\\\"link\\\">Men</a>\\n8:Men\\n9:<details class=\\\" css-1qehhq\\\">New New ArrivalsBest SellersLatest DropsNew in Air Max: Dn8Shop Latest Sale StylesShoesAll ShoesBasketballLifestyleJordanRetro RunningRunningTraining & GymShoes $100 & UnderClothingAll ClothingHoodies & Sweatshirts JordanJackets & VestsTracksuits24.7 CollectionPantsShortsTops & T-ShirtsAccessoriesBags & BackpacksHats & HeadwearSocksSunglassesBeltsShop By SportBaseballBasketballFan GearFootballGolfRunningTrack & FieldSoccerTennisTraining & Gym</details>\\n10:<a class=\\\"menu-hover-trigger-link\\\" href=\\\"https://www.nike.com/women\\\" data-testid=\\\"link\\\">Women</a>\\n11:Women\\n12:<details class=\\\" css-1qehhq\\\">New New ArrivalsBest SellersLatest DropsSo Win CollectionNew in Air Max: Dn8Shop Latest Sale StylesShop by ColorElemental PinkUniversity RedGame RoyalMink BrownBlack and SailShoesAll ShoesBasketballLifestyleJordanRetro RunningRunningTraining & GymShoes $100 & UnderClothingAll ClothingBrasHoodies & SweatshirtsLeggingsMatching Sets24.7 CollectionJackets & VestsPantsShortsTops & T-ShirtsAccessoriesBags & BackpacksHats & HeadwearSocksSunglassesBeltsShop By SportBasketballFan GearGolfRunningTrack & FieldTrainingSoccerTennisVolleyball</details>\\n13:<a class=\\\"menu-hover-trigger-link\\\" href=\\\"https://www.nike.com/kids\\\" data-testid=\\\"link\\\">Kids</a>\\n14:Kids\\n15:<details class=\\\" css-1qehhq\\\">New New ArrivalsBest SellersLatest DropsNew in Air Max: Dn8Shop Latest Sale StylesShoes by AgeBig Kids (1Y - 7Y)Little Kids (8C - 3Y)Baby & Toddler (1C - 10C)TeenAll ShoesBasketballLifestyleJordanRetro RunningRunningClothing by AgeBig Kids (XS - XL)Little Kids (4 - 7)Baby & Toddler (0M - 4T)TeenAll ClothingBrasHoodies & SweatshirtsJordanMatching SetsJackets & VestsPants & TightsShortsTops & T-ShirtsAccessoriesBags & BackpacksHats & HeadwearSocksSunglassesBeltsShop By SportBasketballGymnasticsFan GearFootballRunningSoccer</details>\\n16:<a class=\\\"menu-hover-trigger-link\\\" href=\\\"https://www.nike.com/jordan\\\" data-testid=\\\"link\\\">Jordan</a>\\n17:Jordan\\n18:<details class=\\\" css-1qehhq\\\">NewNew ArrivalsBest SellersShop Latest Sale StylesCollectionsJordan Heat CheckJordan FleeceJordan Sleeper PicksColors of the SeasonMenShop AllShoesAJ1ClothingBasketballWomenShop AllShoesAJ1ClothingBasketballKidsShop AllShoesAJ1ClothingBasketballBig KidsLittle KidsBaby & ToddlerAccessoriesShop AllBags & BackpacksHats & Headwear</details>\\n19:<button id=\\\"nav-search-icon\\\" class=\\\"nds-btn nds-button--icon-only search-start-btn css-1pto8ls ex41m6f0 btn-secondary-dark \\\" aria-label=\\\"Search\\\" type=\\\"button\\\"></button>\\n20:<input id=\\\"gn-search-input\\\" class=\\\"search-input\\\" aria-label=\\\"Search Products\\\" type=\\\"search\\\"></input>\\n21:<a class=\\\"nds-btn nds-button--icon-only nav-favorites css-q24gly ex41m6f0 btn-primary-dark \\\" href=\\\"https://www.nike.com/favorites\\\" aria-label=\\\"Favorites\\\" data-testid=\\\"favorite-button\\\"></a>\\n22:<a class=\\\"nds-btn nds-button--icon-only nav-bag-icon css-17i884h ex41m6f0 btn-primary-light \\\" href=\\\"https://www.nike.com/cart\\\" aria-label=\\\"Bag Items: 0\\\"></a>\\n\\n\"}],\"temperature\":0.1,\"top_p\":1,\"frequency_penalty\":0,\"presence_penalty\":0,\"tool_choice\":\"auto\",\"tools\":[{\"type\":\"function\",\"name\":\"doAction\",\"description\":\"execute the next playwright step that directly accomplishes the goal\",\"parameters\":{\"type\":\"object\",\"required\":[\"method\",\"element\",\"args\",\"step\",\"completed\"],\"properties\":{\"method\":{\"type\":\"string\",\"description\":\"The playwright function to call.\"},\"element\":{\"type\":\"number\",\"description\":\"The element number to act on\"},\"args\":{\"type\":\"array\",\"description\":\"The required arguments\",\"items\":{\"type\":\"string\",\"description\":\"The argument to pass to the function\"}},\"step\":{\"type\":\"string\",\"description\":\"human readable description of the step that is taken in the past tense. Please be very detailed.\"},\"why\":{\"type\":\"string\",\"description\":\"why is this step taken? how does it advance the goal?\"},\"completed\":{\"type\":\"boolean\",\"description\":\"true if the goal should be accomplished after this step\"}}}},{\"type\":\"function\",\"name\":\"skipSection\",\"description\":\"skips this area of the webpage because the current goal cannot be accomplished here\",\"parameters\":{\"type\":\"object\",\"properties\":{\"reason\":{\"type\":\"string\",\"description\":\"reason that no action is taken\"}}}}],\"requestId\":\"rvat5razbw\"}","type":"object"}}
2025-03-05T11:43:51.945Z::[stagehand:base_cache] Lock acquired 
2025-03-05T11:43:51.945Z::[stagehand:base_cache] Lock released 
2025-03-05T11:43:51.946Z::[stagehand:llm_cache] LLM cache miss - no cached response found {"cacheOptions":{"value":"{\"model\":\"claude-3-5-sonnet-latest\",\"messages\":[{\"role\":\"system\",\"content\":\"\\n# Instructions\\nYou are a browser automation assistant. Your job is to accomplish the user's goal across multiple model calls by running playwright commands.\\n\\n## Input\\nYou will receive:\\n1. the user's overall goal\\n2. the steps that you've taken so far\\n3. a list of active DOM elements in this chunk to consider to get closer to the goal. \\n4. Optionally, a list of variable names that the user has provided that you may use to accomplish the goal. To use the variables, you must use the special <|VARIABLE_NAME|> syntax.\\n5. Optionally, custom instructions will be provided by the user. If the user's instructions are not relevant to the current task, ignore them. Otherwise, make sure to adhere to them.\\n\\n\\n## Your Goal / Specification\\nYou have 2 tools that you can call: doAction, and skipSection. Do action only performs Playwright actions. Do exactly what the user's goal is. Do not perform any other actions or exceed the scope of the goal.\\nIf the user's goal will be accomplished after running the playwright action, set completed to true. Better to have completed set to true if your are not sure.\\n\\nNote 1: If there is a popup on the page for cookies or advertising that has nothing to do with the goal, try to close it first before proceeding. As this can block the goal from being completed.\\nNote 2: Sometimes what your are looking for is hidden behind and element you need to interact with. For example, sliders, buttons, etc...\\n\\nAgain, if the user's goal will be accomplished after running the playwright action, set completed to true. Also, if the user provides custom instructions, it is imperative that you follow them no matter what.\\n\"},{\"role\":\"user\",\"content\":\"\\n# My Goal\\nSelect size 7 from size grid selector\\n\\n# Steps You've Taken So Far\\n\\n## Step: Scrolled to another section\\n## Step: Scrolled to another section\\n## Step: Scrolled to another section\\n## Step: Scrolled to another section\\n## Step: Scrolled to another section\\n\\n\\n# Current Active Dom Elements\\n0:<p class=\\\"nds-text pb2-sm css-8fndfh e1yhcai00 appearance-editorialBody1 color-primary weight-regular\\\">Vintage treatment on the midsole provides an old-school look.</p>\\n1:Vintage treatment on the midsole provides an old-school look.\\n2:<a class=\\\"swoosh-link\\\" href=\\\"https://www.nike.com\\\" aria-label=\\\"Nike Home Page\\\" data-testid=\\\"link\\\"></a>\\n3:<ul class=\\\"desktop-category\\\">NewFeaturedNew Arrivals Best SellersLatest DropsNew in Air Max: Dn8Vomero 18SNKRS Launch CalendarShop NewMenWomenKidsShop AllTrending24.7 CollectionNike Style BySo Win CollectionACG EssentialsRunning Shoe FinderMenNew New ArrivalsBest SellersLatest DropsNew in Air Max: Dn8Shop Latest Sale StylesShoesAll ShoesBasketballLifestyleJordanRetro RunningRunningTraining & GymShoes $100 & UnderClothingAll ClothingHoodies & Sweatshirts JordanJackets & VestsTracksuits24.7 CollectionPantsShortsTops & T-ShirtsAccessoriesBags & BackpacksHats & HeadwearSocksSunglassesBeltsShop By SportBaseballBasketballFan GearFootballGolfRunningTrack & FieldSoccerTennisTraining & GymWomenNew New ArrivalsBest SellersLatest DropsSo Win CollectionNew in Air Max: Dn8Shop Latest Sale StylesShop by ColorElemental PinkUniversity RedGame RoyalMink BrownBlack and SailShoesAll ShoesBasketballLifestyleJordanRetro RunningRunningTraining & GymShoes $100 & UnderClothingAll ClothingBrasHoodies & SweatshirtsLeggingsMatching Sets24.7 CollectionJackets & VestsPantsShortsTops & T-ShirtsAccessoriesBags & BackpacksHats & HeadwearSocksSunglassesBeltsShop By SportBasketballFan GearGolfRunningTrack & FieldTrainingSoccerTennisVolleyballKidsNew New ArrivalsBest SellersLatest DropsNew in Air Max: Dn8Shop Latest Sale StylesShoes by AgeBig Kids (1Y - 7Y)Little Kids (8C - 3Y)Baby & Toddler (1C - 10C)TeenAll ShoesBasketballLifestyleJordanRetro RunningRunningClothing by AgeBig Kids (XS - XL)Little Kids (4 - 7)Baby & Toddler (0M - 4T)TeenAll ClothingBrasHoodies & SweatshirtsJordanMatching SetsJackets & VestsPants & TightsShortsTops & T-ShirtsAccessoriesBags & BackpacksHats & HeadwearSocksSunglassesBeltsShop By SportBasketballGymnasticsFan GearFootballRunningSoccerJordanNewNew ArrivalsBest SellersShop Latest Sale StylesCollectionsJordan Heat CheckJordan FleeceJordan Sleeper PicksColors of the SeasonMenShop AllShoesAJ1ClothingBasketballWomenShop AllShoesAJ1ClothingBasketballKidsShop AllShoesAJ1ClothingBasketballBig KidsLittle KidsBaby & ToddlerAccessoriesShop AllBags & BackpacksHats & Headwear</ul>\\n4:<a class=\\\"menu-hover-trigger-link\\\" href=\\\"https://www.nike.com/w/new-3n82y\\\" data-testid=\\\"link\\\">New</a>\\n5:New\\n6:<details class=\\\" css-1qehhq\\\">FeaturedNew Arrivals Best SellersLatest DropsNew in Air Max: Dn8Vomero 18SNKRS Launch CalendarShop NewMenWomenKidsShop AllTrending24.7 CollectionNike Style BySo Win CollectionACG EssentialsRunning Shoe Finder</details>\\n7:<a class=\\\"menu-hover-trigger-link\\\" href=\\\"https://www.nike.com/men\\\" data-testid=\\\"link\\\">Men</a>\\n8:Men\\n9:<details class=\\\" css-1qehhq\\\">New New ArrivalsBest SellersLatest DropsNew in Air Max: Dn8Shop Latest Sale StylesShoesAll ShoesBasketballLifestyleJordanRetro RunningRunningTraining & GymShoes $100 & UnderClothingAll ClothingHoodies & Sweatshirts JordanJackets & VestsTracksuits24.7 CollectionPantsShortsTops & T-ShirtsAccessoriesBags & BackpacksHats & HeadwearSocksSunglassesBeltsShop By SportBaseballBasketballFan GearFootballGolfRunningTrack & FieldSoccerTennisTraining & Gym</details>\\n10:<a class=\\\"menu-hover-trigger-link\\\" href=\\\"https://www.nike.com/women\\\" data-testid=\\\"link\\\">Women</a>\\n11:Women\\n12:<details class=\\\" css-1qehhq\\\">New New ArrivalsBest SellersLatest DropsSo Win CollectionNew in Air Max: Dn8Shop Latest Sale StylesShop by ColorElemental PinkUniversity RedGame RoyalMink BrownBlack and SailShoesAll ShoesBasketballLifestyleJordanRetro RunningRunningTraining & GymShoes $100 & UnderClothingAll ClothingBrasHoodies & SweatshirtsLeggingsMatching Sets24.7 CollectionJackets & VestsPantsShortsTops & T-ShirtsAccessoriesBags & BackpacksHats & HeadwearSocksSunglassesBeltsShop By SportBasketballFan GearGolfRunningTrack & FieldTrainingSoccerTennisVolleyball</details>\\n13:<a class=\\\"menu-hover-trigger-link\\\" href=\\\"https://www.nike.com/kids\\\" data-testid=\\\"link\\\">Kids</a>\\n14:Kids\\n15:<details class=\\\" css-1qehhq\\\">New New ArrivalsBest SellersLatest DropsNew in Air Max: Dn8Shop Latest Sale StylesShoes by AgeBig Kids (1Y - 7Y)Little Kids (8C - 3Y)Baby & Toddler (1C - 10C)TeenAll ShoesBasketballLifestyleJordanRetro RunningRunningClothing by AgeBig Kids (XS - XL)Little Kids (4 - 7)Baby & Toddler (0M - 4T)TeenAll ClothingBrasHoodies & SweatshirtsJordanMatching SetsJackets & VestsPants & TightsShortsTops & T-ShirtsAccessoriesBags & BackpacksHats & HeadwearSocksSunglassesBeltsShop By SportBasketballGymnasticsFan GearFootballRunningSoccer</details>\\n16:<a class=\\\"menu-hover-trigger-link\\\" href=\\\"https://www.nike.com/jordan\\\" data-testid=\\\"link\\\">Jordan</a>\\n17:Jordan\\n18:<details class=\\\" css-1qehhq\\\">NewNew ArrivalsBest SellersShop Latest Sale StylesCollectionsJordan Heat CheckJordan FleeceJordan Sleeper PicksColors of the SeasonMenShop AllShoesAJ1ClothingBasketballWomenShop AllShoesAJ1ClothingBasketballKidsShop AllShoesAJ1ClothingBasketballBig KidsLittle KidsBaby & ToddlerAccessoriesShop AllBags & BackpacksHats & Headwear</details>\\n19:<button id=\\\"nav-search-icon\\\" class=\\\"nds-btn nds-button--icon-only search-start-btn css-1pto8ls ex41m6f0 btn-secondary-dark \\\" aria-label=\\\"Search\\\" type=\\\"button\\\"></button>\\n20:<input id=\\\"gn-search-input\\\" class=\\\"search-input\\\" aria-label=\\\"Search Products\\\" type=\\\"search\\\"></input>\\n21:<a class=\\\"nds-btn nds-button--icon-only nav-favorites css-q24gly ex41m6f0 btn-primary-dark \\\" href=\\\"https://www.nike.com/favorites\\\" aria-label=\\\"Favorites\\\" data-testid=\\\"favorite-button\\\"></a>\\n22:<a class=\\\"nds-btn nds-button--icon-only nav-bag-icon css-17i884h ex41m6f0 btn-primary-light \\\" href=\\\"https://www.nike.com/cart\\\" aria-label=\\\"Bag Items: 0\\\"></a>\\n\\n\"}],\"temperature\":0.1,\"tools\":[{\"type\":\"function\",\"name\":\"doAction\",\"description\":\"execute the next playwright step that directly accomplishes the goal\",\"parameters\":{\"type\":\"object\",\"required\":[\"method\",\"element\",\"args\",\"step\",\"completed\"],\"properties\":{\"method\":{\"type\":\"string\",\"description\":\"The playwright function to call.\"},\"element\":{\"type\":\"number\",\"description\":\"The element number to act on\"},\"args\":{\"type\":\"array\",\"description\":\"The required arguments\",\"items\":{\"type\":\"string\",\"description\":\"The argument to pass to the function\"}},\"step\":{\"type\":\"string\",\"description\":\"human readable description of the step that is taken in the past tense. Please be very detailed.\"},\"why\":{\"type\":\"string\",\"description\":\"why is this step taken? how does it advance the goal?\"},\"completed\":{\"type\":\"boolean\",\"description\":\"true if the goal should be accomplished after this step\"}}}},{\"type\":\"function\",\"name\":\"skipSection\",\"description\":\"skips this area of the webpage because the current goal cannot be accomplished here\",\"parameters\":{\"type\":\"object\",\"properties\":{\"reason\":{\"type\":\"string\",\"description\":\"reason that no action is taken\"}}}}]}","type":"object"},"requestId":{"value":"rvat5razbw","type":"string"}}
2025-03-05T11:43:57.751Z::[stagehand:anthropic] response {"response":{"value":"{\"id\":\"msg_01A9acRKXzp2vmRDMpK3obQh\",\"type\":\"message\",\"role\":\"assistant\",\"model\":\"claude-3-5-sonnet-20241022\",\"content\":[{\"type\":\"text\",\"text\":\"I'll analyze the current DOM elements, but I don't see any size selector grid with size 7 as an option in the current elements shown. This appears to be the navigation header of the Nike website with menu items, search, favorites, and cart options.\\n\\nLet me skip this section since we can't accomplish the goal of selecting size 7 here.\"},{\"type\":\"tool_use\",\"id\":\"toolu_01JnkdhASbkEZnsMeyX9FLL1\",\"name\":\"skipSection\",\"input\":{\"reason\":\"This section contains the website navigation header elements. There is no size selector grid with size 7 option available in these elements.\"}}],\"stop_reason\":\"tool_use\",\"stop_sequence\":null,\"usage\":{\"input_tokens\":3333,\"cache_creation_input_tokens\":0,\"cache_read_input_tokens\":0,\"output_tokens\":152}}","type":"object"},"requestId":{"value":"rvat5razbw","type":"string"}}
2025-03-05T11:43:57.751Z::[stagehand:anthropic] transformed response {"transformedResponse":{"value":"{\"id\":\"msg_01A9acRKXzp2vmRDMpK3obQh\",\"object\":\"chat.completion\",\"created\":1741175037751,\"model\":\"claude-3-5-sonnet-20241022\",\"choices\":[{\"index\":0,\"message\":{\"role\":\"assistant\",\"content\":\"I'll analyze the current DOM elements, but I don't see any size selector grid with size 7 as an option in the current elements shown. This appears to be the navigation header of the Nike website with menu items, search, favorites, and cart options.\\n\\nLet me skip this section since we can't accomplish the goal of selecting size 7 here.\",\"tool_calls\":[{\"id\":\"toolu_01JnkdhASbkEZnsMeyX9FLL1\",\"type\":\"function\",\"function\":{\"name\":\"skipSection\",\"arguments\":\"{\\\"reason\\\":\\\"This section contains the website navigation header elements. There is no size selector grid with size 7 option available in these elements.\\\"}\"}}]},\"finish_reason\":\"tool_use\"}],\"usage\":{\"prompt_tokens\":3333,\"completion_tokens\":152,\"total_tokens\":3485}}","type":"object"},"requestId":{"value":"rvat5razbw","type":"string"}}
2025-03-05T11:43:57.752Z::[stagehand:base_cache] Lock acquired 
2025-03-05T11:43:57.752Z::[stagehand:anthropic] cached response {"requestId":{"value":"rvat5razbw","type":"string"},"transformedResponse":{"value":"{\"id\":\"msg_01A9acRKXzp2vmRDMpK3obQh\",\"object\":\"chat.completion\",\"created\":1741175037751,\"model\":\"claude-3-5-sonnet-20241022\",\"choices\":[{\"index\":0,\"message\":{\"role\":\"assistant\",\"content\":\"I'll analyze the current DOM elements, but I don't see any size selector grid with size 7 as an option in the current elements shown. This appears to be the navigation header of the Nike website with menu items, search, favorites, and cart options.\\n\\nLet me skip this section since we can't accomplish the goal of selecting size 7 here.\",\"tool_calls\":[{\"id\":\"toolu_01JnkdhASbkEZnsMeyX9FLL1\",\"type\":\"function\",\"function\":{\"name\":\"skipSection\",\"arguments\":\"{\\\"reason\\\":\\\"This section contains the website navigation header elements. There is no size selector grid with size 7 option available in these elements.\\\"}\"}}]},\"finish_reason\":\"tool_use\"}],\"usage\":{\"prompt_tokens\":3333,\"completion_tokens\":152,\"total_tokens\":3485}}","type":"object"},"cacheOptions":{"value":"{\"model\":\"claude-3-5-sonnet-latest\",\"messages\":[{\"role\":\"system\",\"content\":\"\\n# Instructions\\nYou are a browser automation assistant. Your job is to accomplish the user's goal across multiple model calls by running playwright commands.\\n\\n## Input\\nYou will receive:\\n1. the user's overall goal\\n2. the steps that you've taken so far\\n3. a list of active DOM elements in this chunk to consider to get closer to the goal. \\n4. Optionally, a list of variable names that the user has provided that you may use to accomplish the goal. To use the variables, you must use the special <|VARIABLE_NAME|> syntax.\\n5. Optionally, custom instructions will be provided by the user. If the user's instructions are not relevant to the current task, ignore them. Otherwise, make sure to adhere to them.\\n\\n\\n## Your Goal / Specification\\nYou have 2 tools that you can call: doAction, and skipSection. Do action only performs Playwright actions. Do exactly what the user's goal is. Do not perform any other actions or exceed the scope of the goal.\\nIf the user's goal will be accomplished after running the playwright action, set completed to true. Better to have completed set to true if your are not sure.\\n\\nNote 1: If there is a popup on the page for cookies or advertising that has nothing to do with the goal, try to close it first before proceeding. As this can block the goal from being completed.\\nNote 2: Sometimes what your are looking for is hidden behind and element you need to interact with. For example, sliders, buttons, etc...\\n\\nAgain, if the user's goal will be accomplished after running the playwright action, set completed to true. Also, if the user provides custom instructions, it is imperative that you follow them no matter what.\\n\"},{\"role\":\"user\",\"content\":\"\\n# My Goal\\nSelect size 7 from size grid selector\\n\\n# Steps You've Taken So Far\\n\\n## Step: Scrolled to another section\\n## Step: Scrolled to another section\\n## Step: Scrolled to another section\\n## Step: Scrolled to another section\\n## Step: Scrolled to another section\\n\\n\\n# Current Active Dom Elements\\n0:<p class=\\\"nds-text pb2-sm css-8fndfh e1yhcai00 appearance-editorialBody1 color-primary weight-regular\\\">Vintage treatment on the midsole provides an old-school look.</p>\\n1:Vintage treatment on the midsole provides an old-school look.\\n2:<a class=\\\"swoosh-link\\\" href=\\\"https://www.nike.com\\\" aria-label=\\\"Nike Home Page\\\" data-testid=\\\"link\\\"></a>\\n3:<ul class=\\\"desktop-category\\\">NewFeaturedNew Arrivals Best SellersLatest DropsNew in Air Max: Dn8Vomero 18SNKRS Launch CalendarShop NewMenWomenKidsShop AllTrending24.7 CollectionNike Style BySo Win CollectionACG EssentialsRunning Shoe FinderMenNew New ArrivalsBest SellersLatest DropsNew in Air Max: Dn8Shop Latest Sale StylesShoesAll ShoesBasketballLifestyleJordanRetro RunningRunningTraining & GymShoes $100 & UnderClothingAll ClothingHoodies & Sweatshirts JordanJackets & VestsTracksuits24.7 CollectionPantsShortsTops & T-ShirtsAccessoriesBags & BackpacksHats & HeadwearSocksSunglassesBeltsShop By SportBaseballBasketballFan GearFootballGolfRunningTrack & FieldSoccerTennisTraining & GymWomenNew New ArrivalsBest SellersLatest DropsSo Win CollectionNew in Air Max: Dn8Shop Latest Sale StylesShop by ColorElemental PinkUniversity RedGame RoyalMink BrownBlack and SailShoesAll ShoesBasketballLifestyleJordanRetro RunningRunningTraining & GymShoes $100 & UnderClothingAll ClothingBrasHoodies & SweatshirtsLeggingsMatching Sets24.7 CollectionJackets & VestsPantsShortsTops & T-ShirtsAccessoriesBags & BackpacksHats & HeadwearSocksSunglassesBeltsShop By SportBasketballFan GearGolfRunningTrack & FieldTrainingSoccerTennisVolleyballKidsNew New ArrivalsBest SellersLatest DropsNew in Air Max: Dn8Shop Latest Sale StylesShoes by AgeBig Kids (1Y - 7Y)Little Kids (8C - 3Y)Baby & Toddler (1C - 10C)TeenAll ShoesBasketballLifestyleJordanRetro RunningRunningClothing by AgeBig Kids (XS - XL)Little Kids (4 - 7)Baby & Toddler (0M - 4T)TeenAll ClothingBrasHoodies & SweatshirtsJordanMatching SetsJackets & VestsPants & TightsShortsTops & T-ShirtsAccessoriesBags & BackpacksHats & HeadwearSocksSunglassesBeltsShop By SportBasketballGymnasticsFan GearFootballRunningSoccerJordanNewNew ArrivalsBest SellersShop Latest Sale StylesCollectionsJordan Heat CheckJordan FleeceJordan Sleeper PicksColors of the SeasonMenShop AllShoesAJ1ClothingBasketballWomenShop AllShoesAJ1ClothingBasketballKidsShop AllShoesAJ1ClothingBasketballBig KidsLittle KidsBaby & ToddlerAccessoriesShop AllBags & BackpacksHats & Headwear</ul>\\n4:<a class=\\\"menu-hover-trigger-link\\\" href=\\\"https://www.nike.com/w/new-3n82y\\\" data-testid=\\\"link\\\">New</a>\\n5:New\\n6:<details class=\\\" css-1qehhq\\\">FeaturedNew Arrivals Best SellersLatest DropsNew in Air Max: Dn8Vomero 18SNKRS Launch CalendarShop NewMenWomenKidsShop AllTrending24.7 CollectionNike Style BySo Win CollectionACG EssentialsRunning Shoe Finder</details>\\n7:<a class=\\\"menu-hover-trigger-link\\\" href=\\\"https://www.nike.com/men\\\" data-testid=\\\"link\\\">Men</a>\\n8:Men\\n9:<details class=\\\" css-1qehhq\\\">New New ArrivalsBest SellersLatest DropsNew in Air Max: Dn8Shop Latest Sale StylesShoesAll ShoesBasketballLifestyleJordanRetro RunningRunningTraining & GymShoes $100 & UnderClothingAll ClothingHoodies & Sweatshirts JordanJackets & VestsTracksuits24.7 CollectionPantsShortsTops & T-ShirtsAccessoriesBags & BackpacksHats & HeadwearSocksSunglassesBeltsShop By SportBaseballBasketballFan GearFootballGolfRunningTrack & FieldSoccerTennisTraining & Gym</details>\\n10:<a class=\\\"menu-hover-trigger-link\\\" href=\\\"https://www.nike.com/women\\\" data-testid=\\\"link\\\">Women</a>\\n11:Women\\n12:<details class=\\\" css-1qehhq\\\">New New ArrivalsBest SellersLatest DropsSo Win CollectionNew in Air Max: Dn8Shop Latest Sale StylesShop by ColorElemental PinkUniversity RedGame RoyalMink BrownBlack and SailShoesAll ShoesBasketballLifestyleJordanRetro RunningRunningTraining & GymShoes $100 & UnderClothingAll ClothingBrasHoodies & SweatshirtsLeggingsMatching Sets24.7 CollectionJackets & VestsPantsShortsTops & T-ShirtsAccessoriesBags & BackpacksHats & HeadwearSocksSunglassesBeltsShop By SportBasketballFan GearGolfRunningTrack & FieldTrainingSoccerTennisVolleyball</details>\\n13:<a class=\\\"menu-hover-trigger-link\\\" href=\\\"https://www.nike.com/kids\\\" data-testid=\\\"link\\\">Kids</a>\\n14:Kids\\n15:<details class=\\\" css-1qehhq\\\">New New ArrivalsBest SellersLatest DropsNew in Air Max: Dn8Shop Latest Sale StylesShoes by AgeBig Kids (1Y - 7Y)Little Kids (8C - 3Y)Baby & Toddler (1C - 10C)TeenAll ShoesBasketballLifestyleJordanRetro RunningRunningClothing by AgeBig Kids (XS - XL)Little Kids (4 - 7)Baby & Toddler (0M - 4T)TeenAll ClothingBrasHoodies & SweatshirtsJordanMatching SetsJackets & VestsPants & TightsShortsTops & T-ShirtsAccessoriesBags & BackpacksHats & HeadwearSocksSunglassesBeltsShop By SportBasketballGymnasticsFan GearFootballRunningSoccer</details>\\n16:<a class=\\\"menu-hover-trigger-link\\\" href=\\\"https://www.nike.com/jordan\\\" data-testid=\\\"link\\\">Jordan</a>\\n17:Jordan\\n18:<details class=\\\" css-1qehhq\\\">NewNew ArrivalsBest SellersShop Latest Sale StylesCollectionsJordan Heat CheckJordan FleeceJordan Sleeper PicksColors of the SeasonMenShop AllShoesAJ1ClothingBasketballWomenShop AllShoesAJ1ClothingBasketballKidsShop AllShoesAJ1ClothingBasketballBig KidsLittle KidsBaby & ToddlerAccessoriesShop AllBags & BackpacksHats & Headwear</details>\\n19:<button id=\\\"nav-search-icon\\\" class=\\\"nds-btn nds-button--icon-only search-start-btn css-1pto8ls ex41m6f0 btn-secondary-dark \\\" aria-label=\\\"Search\\\" type=\\\"button\\\"></button>\\n20:<input id=\\\"gn-search-input\\\" class=\\\"search-input\\\" aria-label=\\\"Search Products\\\" type=\\\"search\\\"></input>\\n21:<a class=\\\"nds-btn nds-button--icon-only nav-favorites css-q24gly ex41m6f0 btn-primary-dark \\\" href=\\\"https://www.nike.com/favorites\\\" aria-label=\\\"Favorites\\\" data-testid=\\\"favorite-button\\\"></a>\\n22:<a class=\\\"nds-btn nds-button--icon-only nav-bag-icon css-17i884h ex41m6f0 btn-primary-light \\\" href=\\\"https://www.nike.com/cart\\\" aria-label=\\\"Bag Items: 0\\\"></a>\\n\\n\"}],\"temperature\":0.1,\"tools\":[{\"type\":\"function\",\"name\":\"doAction\",\"description\":\"execute the next playwright step that directly accomplishes the goal\",\"parameters\":{\"type\":\"object\",\"required\":[\"method\",\"element\",\"args\",\"step\",\"completed\"],\"properties\":{\"method\":{\"type\":\"string\",\"description\":\"The playwright function to call.\"},\"element\":{\"type\":\"number\",\"description\":\"The element number to act on\"},\"args\":{\"type\":\"array\",\"description\":\"The required arguments\",\"items\":{\"type\":\"string\",\"description\":\"The argument to pass to the function\"}},\"step\":{\"type\":\"string\",\"description\":\"human readable description of the step that is taken in the past tense. Please be very detailed.\"},\"why\":{\"type\":\"string\",\"description\":\"why is this step taken? how does it advance the goal?\"},\"completed\":{\"type\":\"boolean\",\"description\":\"true if the goal should be accomplished after this step\"}}}},{\"type\":\"function\",\"name\":\"skipSection\",\"description\":\"skips this area of the webpage because the current goal cannot be accomplished here\",\"parameters\":{\"type\":\"object\",\"properties\":{\"reason\":{\"type\":\"string\",\"description\":\"reason that no action is taken\"}}}}]}","type":"object"}}
2025-03-05T11:43:57.753Z::[stagehand:base_cache] Cache written to file 
2025-03-05T11:43:57.753Z::[stagehand:base_cache] Lock released 
2025-03-05T11:43:57.753Z::[stagehand:llm_cache] Cache miss - saved new response 
2025-03-05T11:43:57.753Z::[stagehand:action] received response from LLM {"response":{"value":"null","type":"object"}}
2025-03-05T11:43:57.776Z::[stagehand:action] no action found in current chunk {"chunksSeen":{"value":"6","type":"integer"}}
SLEEEEPINGGGGG ___________________________________________________
